157.55.39.158 - - [28/Oct/2018:04:10:00 +0000] "GET /hoa-binh/huyen-luong-son/xa-nhuan-trach HTTP/1.1" 200 2537 "-" "Mozilla/5.0 (compatible; bingbot/2.0; +http://www.bing.com/bingbot.htm)"
157.55.39.158 - - [28/Oct/2018:04:10:02 +0000] "GET /k/4pcs+18x12w+4in1+led+par+lights+rgbw+flat+par+lights+profession+dmx512+led+lights HTTP/1.1" 200 2579 "-" "Mozilla/5.0 (compatible; bingbot/2.0; +http://www.bing.com/bingbot.htm)"
157.55.39.158 - - [28/Oct/2018:04:10:02 +0000] "GET /k/::+Proces+beatyfikacyjny HTTP/1.1" 200 2521 "-" "Mozilla/5.0 (compatible; bingbot/2.0; +http://www.bing.com/bingbot.htm)"
31.220.110.247 - - [28/Oct/2018:04:10:02 +0000] "GET /cron/import_affiliate HTTP/1.0" 200 2 "-" "Wget/1.12 (linux-gnu)"
157.55.39.158 - - [28/Oct/2018:04:10:03 +0000] "GET /d/vuighe.net HTTP/1.1" 301 323 "-" "Mozilla/5.0 (compatible; bingbot/2.0; +http://www.bing.com/bingbot.htm)"
157.55.39.158 - - [28/Oct/2018:04:10:04 +0000] "GET /k/BA+L%C3%94+B%C3%94NG HTTP/1.1" 200 2520 "-" "Mozilla/5.0 (compatible; bingbot/2.0; +http://www.bing.com/bingbot.htm)"
117.2.228.214 - - [28/Oct/2018:04:10:05 +0000] "GET /search/all?q=th HTTP/2.0" 200 400 "https://cungcap.net/search/get?v=thegioididong&t=&i=" "Mozilla/5.0 (Windows NT 6.1; Win64; x64) AppleWebKit/537.36 (KHTML, like Gecko) Chrome/69.0.3497.100 Safari/537.36"
117.2.228.214 - - [28/Oct/2018:04:10:05 +0000] "GET /search/all?q=th%C6%B0 HTTP/2.0" 200 362 "https://cungcap.net/search/get?v=thegioididong&t=&i=" "Mozilla/5.0 (Windows NT 6.1; Win64; x64) AppleWebKit/537.36 (KHTML, like Gecko) Chrome/69.0.3497.100 Safari/537.36"
31.220.110.247 - - [28/Oct/2018:04:10:05 +0000] "GET /cron/craw_note HTTP/1.0" 200 56 "-" "Wget/1.12 (linux-gnu)"
117.2.228.214 - - [28/Oct/2018:04:10:06 +0000] "GET /search/all?q=th%C6%B0 HTTP/2.0" 200 362 "https://cungcap.net/search/get?v=thegioididong&t=&i=" "Mozilla/5.0 (Windows NT 6.1; Win64; x64) AppleWebKit/537.36 (KHTML, like Gecko) Chrome/69.0.3497.100 Safari/537.36"
117.2.228.214 - - [28/Oct/2018:04:10:06 +0000] "GET /search/all?q=th%C6%B0%20ph HTTP/2.0" 200 478 "https://cungcap.net/search/get?v=thegioididong&t=&i=" "Mozilla/5.0 (Windows NT 6.1; Win64; x64) AppleWebKit/537.36 (KHTML, like Gecko) Chrome/69.0.3497.100 Safari/537.36"
117.2.228.214 - - [28/Oct/2018:04:10:06 +0000] "GET /search/all?q=th%C6%B0%20phap HTTP/2.0" 200 400 "https://cungcap.net/search/get?v=thegioididong&t=&i=" "Mozilla/5.0 (Windows NT 6.1; Win64; x64) AppleWebKit/537.36 (KHTML, like Gecko) Chrome/69.0.3497.100 Safari/537.36"
106.78.160.21 - - [28/Oct/2018:04:10:06 +0000] "GET /search/get?v=Xxx&t=&i= HTTP/2.0" 200 3516 "http://ztunnel.com.d.cungcap.net/" "Mozilla/5.0 (iPhone; CPU iPhone OS 11_4_1 like Mac OS X) AppleWebKit/605.1.15 (KHTML, like Gecko) Mobile/15G77 Version/11.4.1 Safari/604.1 AlohaBrowser/2.6.2b1"
157.55.39.158 - - [28/Oct/2018:04:10:07 +0000] "GET /k/1+%C2%A0+AddMeFast HTTP/1.1" 200 2517 "-" "Mozilla/5.0 (compatible; bingbot/2.0; +http://www.bing.com/bingbot.htm)"
203.113.152.2 - - [28/Oct/2018:04:10:07 +0000] "GET /k/Thu%E1%BA%BF+TNCN HTTP/1.1" 200 2513 "-" "Mozilla/5.0 (Windows NT 6.1; WOW64; rv:37.0) Gecko/20100101 Firefox/37.0"
203.113.152.2 - - [28/Oct/2018:04:10:07 +0000] "GET /k/V%E1%BA%A1n+Th%C3%A1i+Land HTTP/1.1" 200 2529 "-" "Mozilla/5.0 (Windows NT 6.1; WOW64; rv:37.0) Gecko/20100101 Firefox/37.0"
117.2.228.214 - - [28/Oct/2018:04:10:08 +0000] "GET /search/all?q=th%C6%B0%20ph%C3%A1p HTTP/2.0" 200 325 "https://cungcap.net/search/get?v=thegioididong&t=&i=" "Mozilla/5.0 (Windows NT 6.1; Win64; x64) AppleWebKit/537.36 (KHTML, like Gecko) Chrome/69.0.3497.100 Safari/537.36"
46.229.168.145 - - [28/Oct/2018:04:10:08 +0000] "GET /product/5bc43e4510a4c84cb0467e42/apple-care-for-mac-pro-md009 HTTP/1.1" 200 4999 "-" "Mozilla/5.0 (compatible; SemrushBot/2~bl; +http://www.semrush.com/bot.html)"
117.2.228.214 - - [28/Oct/2018:04:10:08 +0000] "GET /search/get?v=th%C6%B0+ph%C3%A1p&t=&i= HTTP/2.0" 200 3786 "https://cungcap.net/search/get?v=thegioididong&t=&i=" "Mozilla/5.0 (Windows NT 6.1; Win64; x64) AppleWebKit/537.36 (KHTML, like Gecko) Chrome/69.0.3497.100 Safari/537.36"
203.113.152.2 - - [28/Oct/2018:04:10:08 +0000] "GET /k/B%C3%A1n+bu%C3%B4n+m%E1%BB%B1c+1+n%E1%BA%AFng+ngon+gi%C3%A1+t%E1%BB%91t+t%E1%BA%A1i+H%C3%A0+N%E1%BB%99i HTTP/1.1" 200 2626 "-" "Mozilla/5.0 (Windows NT 6.1; WOW64; rv:37.0) Gecko/20100101 Firefox/37.0"
157.55.39.158 - - [28/Oct/2018:04:10:08 +0000] "GET /k/%D0%9A%D0%BE%D0%BD%D1%82%D1%80%D0%B0%D0%BA%D1%82+1272203167517000020+-+%D0%92%D1%8B%D0%BF%D0%BE%D0%BB%D0%BD%D0%B5%D0%BD%D0%B8%D0%B5+%D0%BC%D0%B5%D1%80%D0%BE%D0%BF%D1%80%D0%B8%D1%8F%D1%82%D0%B8%D0%B9+%D0%BF%D0%BE+... HTTP/1.1" 200 2701 "-" "Mozilla/5.0 (compatible; bingbot/2.0; +http://www.bing.com/bingbot.htm)"
95.108.213.27 - - [28/Oct/2018:04:10:10 +0000] "GET /k/Rolling+Stone+on+Twitter:+Led+Zeppelin+will+issue+rare+mixes+of+... HTTP/1.1" 200 2575 "-" "Mozilla/5.0 (compatible; YandexBot/3.0; +http://yandex.com/bots)"
106.78.160.21 - - [28/Oct/2018:04:10:11 +0000] "GET /go/5bc7597910a4c8458c3672be/ao-thun-hinh-chu-xxx HTTP/2.0" 499 0 "-" "Mozilla/5.0 (iPhone; CPU iPhone OS 11_4_1 like Mac OS X) AppleWebKit/605.1.15 (KHTML, like Gecko) Mobile/15G77 Version/11.4.1 Safari/604.1 AlohaBrowser/2.6.2b1"
106.78.160.21 - - [28/Oct/2018:04:10:12 +0000] "GET /go/5bc7597910a4c8458c3672be/ao-thun-hinh-chu-xxx HTTP/2.0" 200 1959 "-" "Mozilla/5.0 (iPhone; CPU iPhone OS 11_4_1 like Mac OS X) AppleWebKit/605.1.15 (KHTML, like Gecko) Mobile/15G77 Version/11.4.1 Safari/604.1 AlohaBrowser/2.6.2b1"
106.78.160.21 - - [28/Oct/2018:04:10:12 +0000] "GET /go/5bc7597910a4c8458c3672be/ao-thun-hinh-chu-xxx HTTP/2.0" 200 1959 "-" "Mozilla/5.0 (iPhone; CPU iPhone OS 11_4_1 like Mac OS X) AppleWebKit/605.1.15 (KHTML, like Gecko) Mobile/15G77 Version/11.4.1 Safari/604.1 AlohaBrowser/2.6.2b1"
123.30.175.220 - - [28/Oct/2018:04:10:14 +0000] "GET /ip/112.78.2.108 HTTP/1.1" 200 3532 "-" "Mozilla/5.0 (compatible; coccocbot-web/1.0; +http://help.coccoc.com/searchengine)"
123.30.175.221 - - [28/Oct/2018:04:10:15 +0000] "GET /ip/195.149.224.126 HTTP/1.1" 200 3560 "-" "Mozilla/5.0 (compatible; coccocbot-web/1.0; +http://help.coccoc.com/searchengine)"
123.30.175.220 - - [28/Oct/2018:04:10:16 +0000] "GET /news/3972/old HTTP/1.1" 200 7100 "-" "Mozilla/5.0 (compatible; coccocbot-web/1.0; +http://help.coccoc.com/searchengine)"
123.30.175.221 - - [28/Oct/2018:04:10:17 +0000] "GET /%C4%91i%E1%BB%87n+tho%E1%BA%A1i+oppo+f1?page=2 HTTP/1.1" 200 4535 "-" "Mozilla/5.0 (compatible; coccocbot-web/1.0; +http://help.coccoc.com/searchengine)"
54.36.149.60 - - [28/Oct/2018:04:10:18 +0000] "GET /BR/goias/category/thoi-trang_c8568?q=%2FBR%2Fgoias%2Fcategory%2Fthoi-trang_c8568 HTTP/1.1" 200 2521 "-" "Mozilla/5.0 (compatible; AhrefsBot/5.2; +http://ahrefs.com/robot/)"
46.229.168.151 - - [28/Oct/2018:04:10:19 +0000] "GET /site/5bb95d3710a4c8487d5de905/albergue-francisco-giner-de-los-rios-about-facebook HTTP/1.1" 200 5101 "-" "Mozilla/5.0 (compatible; SemrushBot/2~bl; +http://www.semrush.com/bot.html)"
157.55.39.158 - - [28/Oct/2018:04:10:21 +0000] "GET /k/Balon+Patlatma+-+Bubble+Shooter+%E2%84%A2+-+Google+Play+de+Uygulamalar HTTP/1.1" 200 2579 "-" "Mozilla/5.0 (compatible; bingbot/2.0; +http://www.bing.com/bingbot.htm)"
157.55.39.158 - - [28/Oct/2018:04:10:23 +0000] "GET /k/%C3%81o+ren+d%C3%A0y?page=2 HTTP/1.1" 200 2520 "-" "Mozilla/5.0 (compatible; bingbot/2.0; +http://www.bing.com/bingbot.htm)"
157.55.39.158 - - [28/Oct/2018:04:10:24 +0000] "GET /MZ/tete/chanel/top?q=%2FMZ%2Ftete%2Fchanel%2Ftop HTTP/1.1" 200 2502 "-" "Mozilla/5.0 (compatible; bingbot/2.0; +http://www.bing.com/bingbot.htm)"
157.55.39.158 - - [28/Oct/2018:04:10:26 +0000] "GET /k/%C3%9CYE+-+SesliYeBaglan+Sesli+Chat+Sesli+Sohbet+SesliChat+Odalar%C4%B1 HTTP/1.1" 200 2575 "-" "Mozilla/5.0 (compatible; bingbot/2.0; +http://www.bing.com/bingbot.htm)"
46.229.168.150 - - [28/Oct/2018:04:10:27 +0000] "GET /hai-duong/thanh-pho-hai-duong/xa-tan-hung HTTP/1.1" 200 2531 "-" "Mozilla/5.0 (compatible; SemrushBot/2~bl; +http://www.semrush.com/bot.html)"
157.55.39.158 - - [28/Oct/2018:04:10:28 +0000] "GET /hai-phong/huyen-vinh-bao/xa-ly-ha HTTP/1.1" 200 2532 "-" "Mozilla/5.0 (compatible; bingbot/2.0; +http://www.bing.com/bingbot.htm)"
157.55.39.158 - - [28/Oct/2018:04:10:29 +0000] "GET /k/Butterhaus HTTP/1.1" 200 2498 "-" "Mozilla/5.0 (compatible; bingbot/2.0; +http://www.bing.com/bingbot.htm)"
157.55.39.158 - - [28/Oct/2018:04:10:30 +0000] "GET /k/C%C3%A1ch+xem+video+tr%C3%AAn+youtube+ngay+c%E1%BA%A3+khi+m%C3%A0n+h%C3%ACnh+%C4%91ang+t%E1%BA%AFt+... HTTP/1.1" 200 2631 "-" "Mozilla/5.0 (compatible; bingbot/2.0; +http://www.bing.com/bingbot.htm)"
123.30.175.216 - - [28/Oct/2018:04:10:31 +0000] "GET /com/1262853/old HTTP/1.1" 200 4807 "-" "Mozilla/5.0 (compatible; coccocbot-web/1.0; +http://help.coccoc.com/searchengine)"
157.55.39.158 - - [28/Oct/2018:04:10:31 +0000] "GET /d/beta.rs HTTP/1.1" 301 311 "-" "Mozilla/5.0 (compatible; bingbot/2.0; +http://www.bing.com/bingbot.htm)"
157.55.39.158 - - [28/Oct/2018:04:10:32 +0000] "GET /k/Also%0Aread:%C2%A0 HTTP/1.1" 200 2514 "-" "Mozilla/5.0 (compatible; bingbot/2.0; +http://www.bing.com/bingbot.htm)"
157.55.39.158 - - [28/Oct/2018:04:10:32 +0000] "GET /d/0123emovies.com HTTP/1.1" 301 343 "-" "Mozilla/5.0 (compatible; bingbot/2.0; +http://www.bing.com/bingbot.htm)"
157.55.39.158 - - [28/Oct/2018:04:10:33 +0000] "GET /d/baoho225.com HTTP/1.1" 301 331 "-" "Mozilla/5.0 (compatible; bingbot/2.0; +http://www.bing.com/bingbot.htm)"
157.55.39.158 - - [28/Oct/2018:04:10:33 +0000] "GET /k/+ABOUT+ME+TAG+NADIA+ANYA+-+YouTube?page=4 HTTP/1.1" 200 2547 "-" "Mozilla/5.0 (compatible; bingbot/2.0; +http://www.bing.com/bingbot.htm)"
157.55.39.158 - - [28/Oct/2018:04:10:34 +0000] "GET /d/dongalimousine.com HTTP/1.1" 301 355 "-" "Mozilla/5.0 (compatible; bingbot/2.0; +http://www.bing.com/bingbot.htm)"
117.2.228.214 - - [28/Oct/2018:04:10:34 +0000] "GET /search/get?v=th%C6%B0%20ph%C3%A1p&page=8 HTTP/2.0" 200 3536 "https://cungcap.net/search/get?v=th%C6%B0+ph%C3%A1p&t=&i=" "Mozilla/5.0 (Windows NT 6.1; Win64; x64) AppleWebKit/537.36 (KHTML, like Gecko) Chrome/69.0.3497.100 Safari/537.36"
157.55.39.158 - - [28/Oct/2018:04:10:38 +0000] "GET /com/1276544/old HTTP/1.1" 200 4808 "-" "Mozilla/5.0 (compatible; bingbot/2.0; +http://www.bing.com/bingbot.htm)"
203.113.152.5 - - [28/Oct/2018:04:10:40 +0000] "GET /k/Qu%E1%BA%A7n+short+nam+Abercrombie+Fitch+VNXK+xanh+mint+nh%E1%BA%A1t+ch%E1%BA%A5t+l%C6%B0%E1%BB%A3ng+cao HTTP/1.1" 200 2623 "-" "Mozilla/5.0 (Windows NT 6.1; WOW64; rv:37.0) Gecko/20100101 Firefox/37.0"
203.113.152.5 - - [28/Oct/2018:04:10:41 +0000] "GET /k/Qu%C3%A9t+m%C3%A3+QR+Zalopage+COCO+AC HTTP/1.1" 200 2549 "-" "Mozilla/5.0 (Windows NT 6.1; WOW64; rv:37.0) Gecko/20100101 Firefox/37.0"
31.220.110.247 - - [28/Oct/2018:04:10:42 +0000] "GET /cron/index_elasticsearch HTTP/1.0" 500 6107 "-" "Wget/1.12 (linux-gnu)"
157.55.39.158 - - [28/Oct/2018:04:10:42 +0000] "GET /news/5bad04e110a4c82d5b25bdf2/ngoai-windows-10-laptop-hien-dai-can-phai-so-huu-nhung-gi HTTP/1.1" 200 8282 "-" "Mozilla/5.0 (compatible; bingbot/2.0; +http://www.bing.com/bingbot.htm)"
157.55.39.158 - - [28/Oct/2018:04:10:43 +0000] "GET /d/teleprensa.com HTTP/1.1" 301 339 "-" "Mozilla/5.0 (compatible; bingbot/2.0; +http://www.bing.com/bingbot.htm)"
123.30.175.144 - - [28/Oct/2018:04:10:44 +0000] "GET /product/5bd25ea45f37e32c6c0d7b7e/50-ao-vay-to-nhi HTTP/1.1" 200 5241 "-" "Mozilla/5.0 (compatible; coccocbot-web/1.0; +http://help.coccoc.com/searchengine)"
157.55.39.158 - - [28/Oct/2018:04:10:44 +0000] "GET /k/BargainChecker+mobile+-+eBay+Misspellings+Search HTTP/1.1" 200 2544 "-" "Mozilla/5.0 (compatible; bingbot/2.0; +http://www.bing.com/bingbot.htm)"
123.30.175.145 - - [28/Oct/2018:04:10:44 +0000] "GET /com/1289941/old HTTP/1.1" 200 4821 "-" "Mozilla/5.0 (compatible; coccocbot-web/1.0; +http://help.coccoc.com/searchengine)"
95.108.213.27 - - [28/Oct/2018:04:10:45 +0000] "GET /k/S%E1%BB%91t+%C6%AF%E1%BB%9Bp+N%C6%B0%E1%BB%9Bng+Steak+Kuehne+%28250ml%29 HTTP/1.1" 200 2590 "-" "Mozilla/5.0 (compatible; YandexBot/3.0; +http://yandex.com/bots)"
157.55.39.158 - - [28/Oct/2018:04:10:45 +0000] "GET /can-tho/huyen-chau-thanh-het-h-luc/chua-ro HTTP/1.1" 200 2539 "-" "Mozilla/5.0 (compatible; bingbot/2.0; +http://www.bing.com/bingbot.htm)"
54.36.148.178 - - [28/Oct/2018:04:10:45 +0000] "GET /k/%C3%81o+l%C3%B3t+Triumph+D151+m%C3%A0u+Da+s%E1%BA%ADm%28VV-VN%29 HTTP/1.1" 200 2589 "-" "Mozilla/5.0 (compatible; AhrefsBot/5.2; +http://ahrefs.com/robot/)"
54.36.148.62 - - [28/Oct/2018:04:10:46 +0000] "GET /keyword/Erebuni%2BEnsemble HTTP/1.1" 200 2512 "-" "Mozilla/5.0 (compatible; AhrefsBot/5.2; +http://ahrefs.com/robot/)"
157.55.39.158 - - [28/Oct/2018:04:10:46 +0000] "GET /k/%C4%90%E1%BA%A1i+Th%E1%BA%AFng+CP?page=1 HTTP/1.1" 200 2535 "-" "Mozilla/5.0 (compatible; bingbot/2.0; +http://www.bing.com/bingbot.htm)"
123.30.175.145 - - [28/Oct/2018:04:10:46 +0000] "GET /com/1241829/old HTTP/1.1" 200 4793 "-" "Mozilla/5.0 (compatible; coccocbot-web/1.0; +http://help.coccoc.com/searchengine)"
31.220.110.247 - - [28/Oct/2018:04:10:50 +0000] "GET /cron/get_dns_record_domain HTTP/1.0" 200 199 "-" "Wget/1.12 (linux-gnu)"
46.229.168.142 - - [28/Oct/2018:04:10:51 +0000] "GET /site/5bb2d077024e17445d0521b4/peachpit-publishers-of-technology-books-ebooks-and-videos-for?page=8 HTTP/1.1" 200 5366 "-" "Mozilla/5.0 (compatible; SemrushBot/2~bl; +http://www.semrush.com/bot.html)"
123.30.175.222 - - [28/Oct/2018:04:10:52 +0000] "GET /product/5bc6de6c10a4c80f4d2b3d64/hop-but-hop-sua HTTP/1.1" 200 5036 "-" "Mozilla/5.0 (compatible; coccocbot-web/1.0; +http://help.coccoc.com/searchengine)"
123.30.175.222 - - [28/Oct/2018:04:10:53 +0000] "GET /ip/149.210.172.39 HTTP/1.1" 200 3544 "-" "Mozilla/5.0 (compatible; coccocbot-web/1.0; +http://help.coccoc.com/searchengine)"
123.30.175.222 - - [28/Oct/2018:04:10:56 +0000] "GET /ip/2606:4700:30::6818:7f0a HTTP/1.1" 200 3563 "-" "Mozilla/5.0 (compatible; coccocbot-web/1.0; +http://help.coccoc.com/searchengine)"
123.30.175.222 - - [28/Oct/2018:04:10:58 +0000] "GET /ip/82.194.91.178 HTTP/1.1" 200 3545 "-" "Mozilla/5.0 (compatible; coccocbot-web/1.0; +http://help.coccoc.com/searchengine)"
31.220.110.247 - - [28/Oct/2018:04:11:02 +0000] "GET /cron/import_affiliate HTTP/1.0" 200 2 "-" "Wget/1.12 (linux-gnu)"
123.30.175.222 - - [28/Oct/2018:04:11:02 +0000] "GET /b%C3%A0i+h%C3%A1t+qu%E1%BA%A3ng+c%C3%A1o+%C4%91i%E1%BB%87n+tho%E1%BA%A1i+samsung+note+9?page=17 HTTP/1.1" 200 4675 "-" "Mozilla/5.0 (compatible; coccocbot-web/1.0; +http://help.coccoc.com/searchengine)"
54.36.148.43 - - [28/Oct/2018:04:11:04 +0000] "GET /k/C%C3%A1ch+Ch%C4%83m+S%C3%B3c+Mai+N%E1%BB%9F+Hoa+%C4%90%C3%BAng+T%E1%BA%BFt+%28T%C3%A1i+b%E1%BA%A3n+2016%29 HTTP/1.1" 200 2639 "-" "Mozilla/5.0 (compatible; AhrefsBot/5.2; +http://ahrefs.com/robot/)"
54.36.149.106 - - [28/Oct/2018:04:11:05 +0000] "GET /k/Nu+Classix+02 HTTP/1.1" 200 2504 "-" "Mozilla/5.0 (compatible; AhrefsBot/5.2; +http://ahrefs.com/robot/)"
123.30.175.220 - - [28/Oct/2018:04:11:07 +0000] "GET /ip/130.193.8.51 HTTP/1.1" 200 3557 "-" "Mozilla/5.0 (compatible; coccocbot-web/1.0; +http://help.coccoc.com/searchengine)"
123.30.175.220 - - [28/Oct/2018:04:11:09 +0000] "GET /ip/75.126.101.253 HTTP/1.1" 200 3550 "-" "Mozilla/5.0 (compatible; coccocbot-web/1.0; +http://help.coccoc.com/searchengine)"
157.55.39.158 - - [28/Oct/2018:04:11:10 +0000] "GET /k/DIY+und+Living+Blog+paulsvera?q=%2Fk%2FDIY%20und%20Living%20Blog%20paulsvera HTTP/1.1" 200 2525 "-" "Mozilla/5.0 (compatible; bingbot/2.0; +http://www.bing.com/bingbot.htm)"
46.229.168.141 - - [28/Oct/2018:04:11:10 +0000] "GET /site/5bb642f1024e174b3449d806/link-alternatif-liga365-liga365com-agen-bola-liga365?page=28 HTTP/1.1" 200 5521 "-" "Mozilla/5.0 (compatible; SemrushBot/2~bl; +http://www.semrush.com/bot.html)"
123.30.175.216 - - [28/Oct/2018:04:11:12 +0000] "GET /com/1280825/old HTTP/1.1" 200 4806 "-" "Mozilla/5.0 (compatible; coccocbot-web/1.0; +http://help.coccoc.com/searchengine)"
54.36.148.63 - - [28/Oct/2018:04:11:12 +0000] "GET /k/Rzetelny+regulamin+%E2%80%93+Pomoc+AZ.pl HTTP/1.1" 200 2544 "-" "Mozilla/5.0 (compatible; AhrefsBot/5.2; +http://ahrefs.com/robot/)"
157.55.39.158 - - [28/Oct/2018:04:11:12 +0000] "GET /k/Vlad+Petreanu?q=%2Fk%2FVlad%20Petreanu HTTP/1.1" 200 2501 "-" "Mozilla/5.0 (iPhone; CPU iPhone OS 7_0 like Mac OS X) AppleWebKit/537.51.1 (KHTML, like Gecko) Version/7.0 Mobile/11A465 Safari/9537.53 (compatible; bingbot/2.0; +http://www.bing.com/bingbot.htm)"
46.229.168.133 - - [28/Oct/2018:04:11:13 +0000] "GET /product/5bc4dd9d10a4c81e7c7c5d50/the-cao-dien-thoai-mobiphone HTTP/1.1" 200 5068 "-" "Mozilla/5.0 (compatible; SemrushBot/2~bl; +http://www.semrush.com/bot.html)"
123.30.175.216 - - [28/Oct/2018:04:11:13 +0000] "GET /com/1269528/old HTTP/1.1" 200 4804 "-" "Mozilla/5.0 (compatible; coccocbot-web/1.0; +http://help.coccoc.com/searchengine)"
123.30.175.220 - - [28/Oct/2018:04:11:17 +0000] "GET /ip/198.74.62.186 HTTP/1.1" 200 3550 "-" "Mozilla/5.0 (compatible; coccocbot-web/1.0; +http://help.coccoc.com/searchengine)"
31.220.110.247 - - [28/Oct/2018:04:11:18 +0000] "GET /cron/craw_note HTTP/1.0" 200 46 "-" "Wget/1.12 (linux-gnu)"
46.229.168.145 - - [28/Oct/2018:04:11:18 +0000] "GET /da-nang/quan-hai-chau/phuong-binh-thuan HTTP/1.1" 200 2534 "-" "Mozilla/5.0 (compatible; SemrushBot/2~bl; +http://www.semrush.com/bot.html)"
203.113.152.5 - - [28/Oct/2018:04:11:19 +0000] "GET /k/D%E1%BB%8Bch+v%E1%BB%A5+th%C3%A0nh+l%E1%BA%ADp+chi+nh%C3%A1nh+c%C3%B4ng+ty+t%E1%BA%A1i+D%E1%BA%A7u+Ti%E1%BA%BFng+B%C3%ACnh+D%C6%B0%C6%A1ng HTTP/1.1" 200 2668 "-" "Mozilla/5.0 (Windows NT 6.1; WOW64; rv:37.0) Gecko/20100101 Firefox/37.0"
46.229.168.139 - - [28/Oct/2018:04:11:24 +0000] "GET /bac-lieu/tinh-bac-lieu/chua-ro HTTP/1.1" 200 2517 "-" "Mozilla/5.0 (compatible; SemrushBot/2~bl; +http://www.semrush.com/bot.html)"
46.229.168.140 - - [28/Oct/2018:04:11:26 +0000] "GET /go/5bab0c9844ac67439c27e71d/thituyensinhvn HTTP/1.1" 200 1863 "-" "Mozilla/5.0 (compatible; SemrushBot/2~bl; +http://www.semrush.com/bot.html)"
203.113.152.2 - - [28/Oct/2018:04:11:27 +0000] "GET /k/M%E1%BA%ABu+k%E1%BA%BF+ho%E1%BA%A1ch+cho+c%C3%A1ch+kinh+doanh+b%C3%A1n+h%C3%A0ng+tr%C3%AAn+m%E1%BA%A1ng HTTP/1.1" 200 2612 "-" "Mozilla/5.0 (Windows NT 6.1; WOW64; rv:37.0) Gecko/20100101 Firefox/37.0"
54.36.148.47 - - [28/Oct/2018:04:11:29 +0000] "GET /cloud HTTP/1.1" 200 2492 "-" "Mozilla/5.0 (compatible; AhrefsBot/5.2; +http://ahrefs.com/robot/)"
203.113.152.5 - - [28/Oct/2018:04:11:32 +0000] "GET /k/Du+ho%CC%A3c+Trung+Qu%C3%B4%CC%81c+%E2%80%93+Tr%C6%B0%C6%A1%CC%80ng+%C4%90%E1%BA%A1i+h%E1%BB%8Dc+Thanh+%C4%90%E1%BA%A3o HTTP/1.1" 200 2653 "-" "Mozilla/5.0 (Windows NT 6.1; WOW64; rv:37.0) Gecko/20100101 Firefox/37.0"
31.220.110.247 - - [28/Oct/2018:04:11:37 +0000] "GET /rss_category HTTP/1.1" 200 908 "https://cungcap.net/rss_category" "Mozilla/5.0 (Windows NT 6.1; Win64; x64) AppleWebKit/537.36 (KHTML, like Gecko) Chrome/69.0.3497.100 Safari/537.36"
123.30.175.218 - - [28/Oct/2018:04:11:38 +0000] "GET /com/5ba947ab44ac674e7a7ec37e/old HTTP/1.1" 200 31 "-" "Mozilla/5.0 (compatible; coccocbot-web/1.0; +http://help.coccoc.com/searchengine)"
123.30.175.218 - - [28/Oct/2018:04:11:40 +0000] "GET /com/5ba940dd44ac672aef1c248e/old HTTP/1.1" 200 31 "-" "Mozilla/5.0 (compatible; coccocbot-web/1.0; +http://help.coccoc.com/searchengine)"
31.220.110.247 - - [28/Oct/2018:04:11:41 +0000] "GET /cron/index_elasticsearch HTTP/1.0" 500 6107 "-" "Wget/1.12 (linux-gnu)"
31.220.110.247 - - [28/Oct/2018:04:11:41 +0000] "GET /cron/get_dns_record_domain HTTP/1.0" 200 204 "-" "Wget/1.12 (linux-gnu)"
123.30.175.144 - - [28/Oct/2018:04:11:56 +0000] "GET /com/1286935/old HTTP/1.1" 200 4796 "-" "Mozilla/5.0 (compatible; coccocbot-web/1.0; +http://help.coccoc.com/searchengine)"
123.30.175.144 - - [28/Oct/2018:04:11:58 +0000] "GET /com/5ba9446144ac67352540af91/old HTTP/1.1" 200 31 "-" "Mozilla/5.0 (compatible; coccocbot-web/1.0; +http://help.coccoc.com/searchengine)"
46.229.168.134 - - [28/Oct/2018:04:11:58 +0000] "GET /product/5bc50b1910a4c833323da8a2/xe-bien-hinh-poli-car-xanh-trang HTTP/1.1" 200 5346 "-" "Mozilla/5.0 (compatible; SemrushBot/2~bl; +http://www.semrush.com/bot.html)"
123.30.175.144 - - [28/Oct/2018:04:12:00 +0000] "GET /news/1256/old HTTP/1.1" 200 9396 "-" "Mozilla/5.0 (compatible; coccocbot-web/1.0; +http://help.coccoc.com/searchengine)"
31.220.110.247 - - [28/Oct/2018:04:12:01 +0000] "GET /cron/craw_info_domain HTTP/1.0" 504 160 "-" "Wget/1.12 (linux-gnu)"
31.220.110.247 - - [28/Oct/2018:04:12:02 +0000] "GET /cron/craw_note HTTP/1.0" 200 0 "-" "Wget/1.12 (linux-gnu)"
31.220.110.247 - - [28/Oct/2018:04:12:03 +0000] "GET /cron/import_affiliate HTTP/1.0" 200 2 "-" "Wget/1.12 (linux-gnu)"
123.30.175.144 - - [28/Oct/2018:04:12:04 +0000] "GET /com/1285231/old HTTP/1.1" 200 4839 "-" "Mozilla/5.0 (compatible; coccocbot-web/1.0; +http://help.coccoc.com/searchengine)"
141.8.142.106 - - [28/Oct/2018:04:12:04 +0000] "GET /k/TEHNI%C4%8CKI+GLASNIK+TECHNICAL+JOURNAL+PDF HTTP/1.1" 200 2562 "-" "Mozilla/5.0 (compatible; YandexBot/3.0; +http://yandex.com/bots)"
46.229.168.141 - - [28/Oct/2018:04:12:06 +0000] "GET /vi/thanh-hoa/huyen-thieu-hoa/xa-thieu-ly/do-thu-cong-my-nghe HTTP/1.1" 200 2558 "-" "Mozilla/5.0 (compatible; SemrushBot/2~bl; +http://www.semrush.com/bot.html)"
54.36.148.87 - - [28/Oct/2018:04:12:07 +0000] "GET /video/5ba36faa10a4c87581065c68/tren-tay-oppo-f5-gia-699tr-nhan-dien-khuon-mat-tot-chiec-dien-thoai-dang-tien-nhat-cua-oppo?page=8 HTTP/1.1" 200 9240 "-" "Mozilla/5.0 (compatible; AhrefsBot/5.2; +http://ahrefs.com/robot/)"
54.36.148.225 - - [28/Oct/2018:04:12:10 +0000] "GET /keyword/tavuwkotusa HTTP/1.1" 200 2500 "-" "Mozilla/5.0 (compatible; AhrefsBot/5.2; +http://ahrefs.com/robot/)"
54.36.149.16 - - [28/Oct/2018:04:12:11 +0000] "GET /sarawak/category/nha-dat_c8582 HTTP/1.1" 200 2513 "-" "Mozilla/5.0 (compatible; AhrefsBot/5.2; +http://ahrefs.com/robot/)"
72.14.199.225 - - [28/Oct/2018:04:12:13 +0000] "GET /video/5bc9e3165f37e370ae58618e/1st-day-back-in-tajikistan HTTP/1.1" 200 7051 "-" "Mozilla/5.0 (Macintosh; Intel Mac OS X 10_8_4) AppleWebKit/537.36 (KHTML, like Gecko) Chrome/28.0.1500.71 Safari/537.36"
123.30.175.218 - - [28/Oct/2018:04:12:13 +0000] "GET /com/1235711/old HTTP/1.1" 200 4822 "-" "Mozilla/5.0 (compatible; coccocbot-web/1.0; +http://help.coccoc.com/searchengine)"
72.14.199.227 - - [28/Oct/2018:04:12:14 +0000] "GET /video/5bc9e3165f37e370ae58618e/1st-day-back-in-tajikistan HTTP/1.1" 200 7052 "-" "Mozilla/5.0 (Macintosh; Intel Mac OS X 10_8_4) AppleWebKit/537.36 (KHTML, like Gecko) Chrome/28.0.1500.71 Safari/537.36"
123.30.175.145 - - [28/Oct/2018:04:12:16 +0000] "GET /product/5bd2ebbb5f37e36a8f64ae57/bo-10-luoi-cua-da-nang HTTP/1.1" 200 5389 "-" "Mozilla/5.0 (compatible; coccocbot-web/1.0; +http://help.coccoc.com/searchengine)"
123.30.175.145 - - [28/Oct/2018:04:12:19 +0000] "GET /%C4%91i%E1%BB%87n+tho%E1%BA%A1i+samsung+galaxy+j6+64gb+t%C3%ADm+lavender?page=789 HTTP/1.1" 200 5188 "-" "Mozilla/5.0 (compatible; coccocbot-web/1.0; +http://help.coccoc.com/searchengine)"
46.229.168.142 - - [28/Oct/2018:04:12:20 +0000] "GET /site/5bb204b4024e1717e53aef8a/vietnam-team-building-corporation HTTP/1.1" 200 5258 "-" "Mozilla/5.0 (compatible; SemrushBot/2~bl; +http://www.semrush.com/bot.html)"
123.30.175.218 - - [28/Oct/2018:04:12:22 +0000] "GET /ip/198.58.80.160 HTTP/1.1" 200 3561 "-" "Mozilla/5.0 (compatible; coccocbot-web/1.0; +http://help.coccoc.com/searchengine)"
5.157.55.74 - - [28/Oct/2018:04:12:26 +0000] "GET / HTTP/1.1" 200 4799 "https://cungcap.net/" "Mozilla/5.0 (Windows NT 6.3; WOW64) AppleWebKit/537.36 (KHTML, like Gecko) Chrome/66.0.3359.170 Safari/537.36 OPR/53.0.2907.99"
123.30.175.144 - - [28/Oct/2018:04:12:28 +0000] "GET /gi%C3%A1+%C4%91i%E1%BB%87n+tho%E1%BA%A1i+iphone+6s+tr%E1%BA%A3+g%C3%B3p?page=1057 HTTP/1.1" 500 6120 "-" "Mozilla/5.0 (compatible; coccocbot-web/1.0; +http://help.coccoc.com/searchengine)"
54.36.149.7 - - [28/Oct/2018:04:12:29 +0000] "GET /%C4%91i%E1%BB%87n+tho%E1%BA%A1i+iphone+6s+plus+32gb?page=4 HTTP/1.1" 200 4634 "-" "Mozilla/5.0 (compatible; AhrefsBot/5.2; +http://ahrefs.com/robot/)"
54.36.148.35 - - [28/Oct/2018:04:12:31 +0000] "GET /%C4%91i%E1%BB%87n+tho%E1%BA%A1i+iphone+7+64gb?page=6 HTTP/1.1" 200 4404 "-" "Mozilla/5.0 (compatible; AhrefsBot/5.2; +http://ahrefs.com/robot/)"
123.30.175.221 - - [28/Oct/2018:04:12:34 +0000] "GET /ip/104.28.28.146 HTTP/1.1" 200 3535 "-" "Mozilla/5.0 (compatible; coccocbot-web/1.0; +http://help.coccoc.com/searchengine)"
54.36.148.102 - - [28/Oct/2018:04:12:34 +0000] "GET /company/1229877-cong-ty-tnhh-vien-thong-huu-phu HTTP/1.1" 302 339 "-" "Mozilla/5.0 (compatible; AhrefsBot/5.2; +http://ahrefs.com/robot/)"
223.228.172.161 - - [28/Oct/2018:04:12:35 +0000] "GET /search/get?v=isaiaruvi.net&t=&i= HTTP/2.0" 200 2572 "http://isaiaruvi.net.d.cungcap.net/" "Mozilla/5.0 (Linux; Android 7.0; SM-J710F Build/NRD90M) AppleWebKit/537.36 (KHTML, like Gecko) Chrome/62.0.3202.84 Mobile Safari/537.36"
54.36.148.121 - - [28/Oct/2018:04:12:36 +0000] "GET /video/5ba6795310a4c85f0f6fbcb3/vat-vo-can-than-khi-mua-iphone-6-lock-gia-hon-3-trieu HTTP/1.1" 200 9287 "-" "Mozilla/5.0 (compatible; AhrefsBot/5.2; +http://ahrefs.com/robot/)"
123.30.175.144 - - [28/Oct/2018:04:12:40 +0000] "GET /com/1239497/old HTTP/1.1" 200 4805 "-" "Mozilla/5.0 (compatible; coccocbot-web/1.0; +http://help.coccoc.com/searchengine)"
123.30.175.218 - - [28/Oct/2018:04:12:41 +0000] "GET /c%C3%A1ch+test+%C4%91i%E1%BB%87n+tho%E1%BA%A1i+iphone+6s+c%C5%A9?page=8 HTTP/1.1" 200 4569 "-" "Mozilla/5.0 (compatible; coccocbot-web/1.0; +http://help.coccoc.com/searchengine)"
31.220.110.247 - - [28/Oct/2018:04:12:41 +0000] "GET /cron/index_elasticsearch HTTP/1.0" 500 6107 "-" "Wget/1.12 (linux-gnu)"
31.220.110.247 - - [28/Oct/2018:04:12:42 +0000] "GET /cron/get_dns_record_domain HTTP/1.0" 200 192 "-" "Wget/1.12 (linux-gnu)"
46.229.168.148 - - [28/Oct/2018:04:12:42 +0000] "GET /ip/104.27.142.82 HTTP/1.1" 200 3536 "-" "Mozilla/5.0 (compatible; SemrushBot/2~bl; +http://www.semrush.com/bot.html)"
123.30.175.144 - - [28/Oct/2018:04:12:43 +0000] "GET /com/1290410/old HTTP/1.1" 200 4800 "-" "Mozilla/5.0 (compatible; coccocbot-web/1.0; +http://help.coccoc.com/searchengine)"
46.229.168.148 - - [28/Oct/2018:04:12:43 +0000] "GET /ip/104.27.142.82 HTTP/1.1" 200 3535 "-" "Mozilla/5.0 (compatible; SemrushBot/2~bl; +http://www.semrush.com/bot.html)"
46.229.168.142 - - [28/Oct/2018:04:12:47 +0000] "GET /k/S%E1%BB%ADa+t%E1%BB%A7+l%E1%BA%A1nh+t%E1%BA%A1i+nh%C3%A0+qu%E1%BA%ADn+B%C3%ACnh+Th%E1%BA%A1nh+S%E1%BB%ADa+%C4%90%C3%9ANG+b%E1%BB%87nh+b%C3%A1o+%C4%90%C3%9ANG+... HTTP/1.1" 200 2663 "-" "Mozilla/5.0 (compatible; SemrushBot/2~bl; +http://www.semrush.com/bot.html)"
203.113.152.5 - - [28/Oct/2018:04:12:51 +0000] "GET /k/V%E1%BA%ADt+T%C6%B0+Ng%C3%A0nh+N%C6%B0%E1%BB%9Bc+H%C3%A0+N%E1%BB%99i HTTP/1.1" 200 2588 "-" "Mozilla/5.0 (Windows NT 6.1; WOW64; rv:37.0) Gecko/20100101 Firefox/37.0"
31.220.110.247 - - [28/Oct/2018:04:13:02 +0000] "GET /cron/import_affiliate HTTP/1.0" 200 25 "-" "Wget/1.12 (linux-gnu)"
148.64.56.71 - - [28/Oct/2018:04:13:05 +0000] "GET / HTTP/1.1" 200 4348 "-" "Mozilla/5.0 (compatible; GrapeshotCrawler/2.0; +http://www.grapeshot.co.uk/crawler.php)"
46.229.168.149 - - [28/Oct/2018:04:13:06 +0000] "GET /thai-nguyen/thanh-pho-song-cong/phuong-mo-che HTTP/1.1" 200 2543 "-" "Mozilla/5.0 (compatible; SemrushBot/2~bl; +http://www.semrush.com/bot.html)"
46.229.168.134 - - [28/Oct/2018:04:13:10 +0000] "GET /go/5bab0b7f44ac6742992eb0fd/phongtucvn HTTP/1.1" 200 1899 "-" "Mozilla/5.0 (compatible; SemrushBot/2~bl; +http://www.semrush.com/bot.html)"
123.30.175.222 - - [28/Oct/2018:04:13:10 +0000] "GET /com/5ba9406744ac672c562aa9f6/old HTTP/1.1" 200 31 "-" "Mozilla/5.0 (compatible; coccocbot-web/1.0; +http://help.coccoc.com/searchengine)"
123.30.175.222 - - [28/Oct/2018:04:13:16 +0000] "GET /com/1244953/old HTTP/1.1" 200 4778 "-" "Mozilla/5.0 (compatible; coccocbot-web/1.0; +http://help.coccoc.com/searchengine)"
46.229.168.132 - - [28/Oct/2018:04:13:18 +0000] "GET /news/eintrag.de.d/old HTTP/1.1" 200 31 "-" "Mozilla/5.0 (compatible; SemrushBot/2~bl; +http://www.semrush.com/bot.html)"
123.30.175.217 - - [28/Oct/2018:04:13:19 +0000] "GET /com/1286394/old HTTP/1.1" 200 4847 "-" "Mozilla/5.0 (compatible; coccocbot-web/1.0; +http://help.coccoc.com/searchengine)"
203.113.152.3 - - [28/Oct/2018:04:13:19 +0000] "GET /k/C%C3%B9ng+B%E1%BA%A1n+Tr%C6%B0%E1%BB%9Fng+Th%C3%A0nh+-+H%C3%B9ng+Bi%E1%BB%87n+Kh%C3%B4ng+Kh%C3%B3 HTTP/1.1" 200 2619 "-" "Mozilla/5.0 (Windows NT 6.1; WOW64; rv:37.0) Gecko/20100101 Firefox/37.0"
46.229.168.141 - - [28/Oct/2018:04:13:22 +0000] "GET /vi/dak-lak/huyen-krong-pak/chua-ro HTTP/1.1" 200 2530 "-" "Mozilla/5.0 (compatible; SemrushBot/2~bl; +http://www.semrush.com/bot.html)"
46.229.168.145 - - [28/Oct/2018:04:13:25 +0000] "GET /go/5bb3ec98024e171203617b70/duy-hiep-sua-chua-bao-hanh-dien-thoai-ho-chi-minh-vinface HTTP/1.1" 200 2012 "-" "Mozilla/5.0 (compatible; SemrushBot/2~bl; +http://www.semrush.com/bot.html)"
203.113.152.4 - - [28/Oct/2018:04:13:26 +0000] "GET /sites HTTP/1.1" 200 5331 "-" "Mozilla/5.0 (Windows NT 6.1; WOW64; rv:37.0) Gecko/20100101 Firefox/37.0"
192.0.88.45 - - [28/Oct/2018:04:13:27 +0000] "GET /video/5bc9d5925f37e35d031d8a2d/documetary-2016-mayotte-the-island-of-death/a/p HTTP/1.1" 200 2574 "https://cungcap.net/video/5bc9d5925f37e35d031d8a2d/documetary-2016-mayotte-the-island-of-death/a/p" "WordPress.com; https://cungcaponline.wordpress.com"
46.229.168.141 - - [28/Oct/2018:04:13:28 +0000] "GET /site/5bb398bf024e170a614a7bed/series-archives-juragan-anime?page=10 HTTP/1.1" 200 5300 "-" "Mozilla/5.0 (compatible; SemrushBot/2~bl; +http://www.semrush.com/bot.html)"
185.20.6.14 - - [28/Oct/2018:04:13:28 +0000] "GET /video/5bc9d5925f37e35d031d8a2d/documetary-2016-mayotte-the-island-of-death HTTP/1.1" 200 6870 "-" "Mozilla/5.0 (TweetmemeBot/4.0; +http://datasift.com/bot.html) Gecko/20100101 Firefox/31.0"
148.64.56.78 - - [28/Oct/2018:04:13:29 +0000] "GET / HTTP/1.1" 200 5954 "-" "Mozilla/5.0 (compatible; GrapeshotCrawler/2.0; +http://www.grapeshot.co.uk/crawler.php)"
31.220.110.247 - - [28/Oct/2018:04:13:31 +0000] "GET /cron/craw_note HTTP/1.0" 200 46 "-" "Wget/1.12 (linux-gnu)"
46.236.26.113 - - [28/Oct/2018:04:13:32 +0000] "GET /video/5bc9d5925f37e35d031d8a2d/documetary-2016-mayotte-the-island-of-death HTTP/1.1" 200 6868 "-" "Mozilla/5.0 (TweetmemeBot/4.0; +http://datasift.com/bot.html) Gecko/20100101 Firefox/31.0"
54.36.148.169 - - [28/Oct/2018:04:13:33 +0000] "GET /com/5bacd41810a4c8615e2fd546/cong-ty-co-phan-dat-phat HTTP/1.1" 200 4784 "-" "Mozilla/5.0 (compatible; AhrefsBot/5.2; +http://ahrefs.com/robot/)"
123.30.175.222 - - [28/Oct/2018:04:13:33 +0000] "GET /%C4%91i%E1%BB%87n+tho%E1%BA%A1i+lg+v20+2+sim+x%C3%A1ch+tay?page=3047 HTTP/1.1" 500 6120 "-" "Mozilla/5.0 (compatible; coccocbot-web/1.0; +http://help.coccoc.com/searchengine)"
46.229.168.131 - - [28/Oct/2018:04:13:38 +0000] "GET /dak-nong/thi-xa-gia-nghia/giai-tri-phim-nhac-game?q=%2Fdak-nong%2Fthi-xa-gia-nghia%2Fgiai-tri-phim-nhac-game HTTP/1.1" 200 2553 "-" "Mozilla/5.0 (compatible; SemrushBot/2~bl; +http://www.semrush.com/bot.html)"
31.220.110.247 - - [28/Oct/2018:04:13:39 +0000] "GET /cron/get_dns_record_domain HTTP/1.0" 200 203 "-" "Wget/1.12 (linux-gnu)"
123.30.175.217 - - [28/Oct/2018:04:13:40 +0000] "GET /com/1227985/old HTTP/1.1" 200 4838 "-" "Mozilla/5.0 (compatible; coccocbot-web/1.0; +http://help.coccoc.com/searchengine)"
123.30.175.217 - - [28/Oct/2018:04:13:42 +0000] "GET /com/1233575/old HTTP/1.1" 200 4803 "-" "Mozilla/5.0 (compatible; coccocbot-web/1.0; +http://help.coccoc.com/searchengine)"
31.220.110.247 - - [28/Oct/2018:04:13:42 +0000] "GET /cron/index_elasticsearch HTTP/1.0" 500 6107 "-" "Wget/1.12 (linux-gnu)"
123.30.175.216 - - [28/Oct/2018:04:13:43 +0000] "GET /mua+%C4%91i%E1%BB%87n+tho%E1%BA%A1i+c%C5%A9+%E1%BB%9F+%C4%91%C3%A2u+uy+t%C3%ADn+nh%E1%BA%A5t?page=2 HTTP/1.1" 200 4684 "-" "Mozilla/5.0 (compatible; coccocbot-web/1.0; +http://help.coccoc.com/searchengine)"
54.36.149.6 - - [28/Oct/2018:04:13:46 +0000] "GET /k/k%E1%BB%87+tivi+hi%E1%BB%87n+%C4%91%E1%BA%A1i+tphcm HTTP/1.1" 200 2558 "-" "Mozilla/5.0 (compatible; AhrefsBot/5.2; +http://ahrefs.com/robot/)"
46.229.168.138 - - [28/Oct/2018:04:13:46 +0000] "GET /nghe-an/huyen-ky-son/xa-bao-thang HTTP/1.1" 200 2528 "-" "Mozilla/5.0 (compatible; SemrushBot/2~bl; +http://www.semrush.com/bot.html)"
157.55.39.158 - - [28/Oct/2018:04:13:47 +0000] "GET /k/De+leukste+tours+activiteiten+voor+je+citytrip+-+CitySpotters?q=%2Fk%2FDe%20leukste%20tours%20activiteiten%20voor%20je%20citytrip%20-%20CitySpotters HTTP/1.1" 200 2561 "-" "Mozilla/5.0 (compatible; bingbot/2.0; +http://www.bing.com/bingbot.htm)"
157.55.39.158 - - [28/Oct/2018:04:13:50 +0000] "GET /k/%C3%81o+ba+l%E1%BB%97+Hanosimex+H+ME264CFI+k%E1%BA%BB+tr%E1%BA%AFng+ph%E1%BB%91i+x%C3%A1m+nh%E1%BA%A1t HTTP/1.1" 200 2620 "-" "Mozilla/5.0 (compatible; bingbot/2.0; +http://www.bing.com/bingbot.htm)"
157.55.39.158 - - [28/Oct/2018:04:13:51 +0000] "GET /k/%C3%81o+h%E1%BB%93ng+va+cv+150+sai+m HTTP/1.1" 200 2553 "-" "Mozilla/5.0 (compatible; bingbot/2.0; +http://www.bing.com/bingbot.htm)"
157.55.39.158 - - [28/Oct/2018:04:13:51 +0000] "GET /k/Free+Online+Girl+Games+-+MafaGames.Com HTTP/1.1" 200 2533 "-" "Mozilla/5.0 (iPhone; CPU iPhone OS 7_0 like Mac OS X) AppleWebKit/537.51.1 (KHTML, like Gecko) Version/7.0 Mobile/11A465 Safari/9537.53 (compatible; bingbot/2.0; +http://www.bing.com/bingbot.htm)"
46.229.168.146 - - [28/Oct/2018:04:13:52 +0000] "GET /product/5bc5d82810a4c811bc4cd676/tui-sequin-river-island HTTP/1.1" 200 4936 "-" "Mozilla/5.0 (compatible; SemrushBot/2~bl; +http://www.semrush.com/bot.html)"
157.55.39.158 - - [28/Oct/2018:04:13:53 +0000] "GET /k/%C4%90%C3%A1+Qu%C3%BD+Phong+Th%E1%BB%A7y+-+%C4%90%C3%A1+Qu%C3%BD+T%E1%BB%B1+Nhi%C3%AAn+-+V%E1%BA%ADt+Ph%E1%BA%A9m+%C4%90%C3%A1+Qu%C3%BD HTTP/1.1" 200 2626 "-" "Mozilla/5.0 (compatible; bingbot/2.0; +http://www.bing.com/bingbot.htm)"
54.36.148.211 - - [28/Oct/2018:04:13:55 +0000] "GET /k/Volvo+Vista+-+VimeoInfo HTTP/1.1" 200 2514 "-" "Mozilla/5.0 (compatible; AhrefsBot/5.2; +http://ahrefs.com/robot/)"
46.229.168.146 - - [28/Oct/2018:04:13:55 +0000] "GET /k/Women+s+Shoes+and+Handbag+Set+2018+Women+s+Shoes+and+Handbag+Set+In+Italy+Italian+Shoes+Combining+with+Wine+Color+Bags+Set+M005 HTTP/1.1" 200 2626 "-" "Mozilla/5.0 (compatible; SemrushBot/2~bl; +http://www.semrush.com/bot.html)"
123.30.175.144 - - [28/Oct/2018:04:13:59 +0000] "GET /com/5ba9451944ac67352540bb91/old HTTP/1.1" 200 31 "-" "Mozilla/5.0 (compatible; coccocbot-web/1.0; +http://help.coccoc.com/searchengine)"
123.30.175.144 - - [28/Oct/2018:04:14:01 +0000] "GET /com/5ba93fb644ac67342247cc3e/old HTTP/1.1" 200 31 "-" "Mozilla/5.0 (compatible; coccocbot-web/1.0; +http://help.coccoc.com/searchengine)"
123.30.175.147 - - [28/Oct/2018:04:14:03 +0000] "GET /product/5bd26cf05f37e33aab52cfb5/yeah1shop-ao-khoac-hoodie-67 HTTP/1.1" 200 5149 "-" "Mozilla/5.0 (compatible; coccocbot-web/1.0; +http://help.coccoc.com/searchengine)"
31.220.110.247 - - [28/Oct/2018:04:14:03 +0000] "GET /cron/craw_note HTTP/1.0" 200 0 "-" "Wget/1.12 (linux-gnu)"
31.220.110.247 - - [28/Oct/2018:04:14:04 +0000] "GET /cron/import_affiliate HTTP/1.0" 200 2 "-" "Wget/1.12 (linux-gnu)"
123.30.175.144 - - [28/Oct/2018:04:14:04 +0000] "GET /com/5ba943ec44ac672c562ab9f5/old HTTP/1.1" 200 31 "-" "Mozilla/5.0 (compatible; coccocbot-web/1.0; +http://help.coccoc.com/searchengine)"
123.30.175.147 - - [28/Oct/2018:04:14:04 +0000] "GET /%C4%91i%E1%BB%87n+tho%E1%BA%A1i+nokia+2+sim+2+s%C3%B3ng+gi%C3%A1+r%E1%BA%BB+d%C6%B0%E1%BB%9Bi+500k?page=9 HTTP/1.1" 200 4437 "-" "Mozilla/5.0 (compatible; coccocbot-web/1.0; +http://help.coccoc.com/searchengine)"
46.229.168.137 - - [28/Oct/2018:04:14:06 +0000] "GET /site/5bb31714024e17307952a22e/belgiefm-belgiefm-online-luisteren-naar-de-beste?page=28 HTTP/1.1" 200 5529 "-" "Mozilla/5.0 (compatible; SemrushBot/2~bl; +http://www.semrush.com/bot.html)"
123.30.175.144 - - [28/Oct/2018:04:14:07 +0000] "GET /com/5ba9473444ac67352540db83/old HTTP/1.1" 200 31 "-" "Mozilla/5.0 (compatible; coccocbot-web/1.0; +http://help.coccoc.com/searchengine)"
54.36.148.97 - - [28/Oct/2018:04:14:07 +0000] "GET /com/5bacd3b010a4c860a83772fb/cong-ty-co-phan-thiet-bi-dien-vinshine HTTP/1.1" 200 4819 "-" "Mozilla/5.0 (compatible; AhrefsBot/5.2; +http://ahrefs.com/robot/)"
203.113.152.4 - - [28/Oct/2018:04:14:07 +0000] "GET /k/Ti%C3%AAu+Chu%E1%BA%A9n+-+Quy+Ph%E1%BA%A1m HTTP/1.1" 200 2553 "-" "Mozilla/5.0 (Windows NT 6.1; WOW64; rv:37.0) Gecko/20100101 Firefox/37.0"
46.229.168.146 - - [28/Oct/2018:04:14:08 +0000] "GET /company/1246741-cong-ty-tnhh-kinh-doanh-dich-vu-duc-luong HTTP/1.1" 302 339 "-" "Mozilla/5.0 (compatible; SemrushBot/2~bl; +http://www.semrush.com/bot.html)"
192.0.89.58 - - [28/Oct/2018:04:14:09 +0000] "HEAD /video/5bc9d5925f37e35d031d8a2d/documetary-2016-mayotte-the-island-of-death HTTP/1.1" 200 0 "https://cungcap.net/video/5bc9d5925f37e35d031d8a2d/documetary-2016-mayotte-the-island-of-death" "WordPress.com; https://cungcaponline.wordpress.com"
203.113.152.8 - - [28/Oct/2018:04:14:09 +0000] "GET /k/B%E1%BB%99+ph%E1%BB%A5+ki%E1%BB%87n+ph%C3%B2ng+t%E1%BA%AFm+6+m%C3%B3n+BAO+-+6M7+%28INOX+304%29 HTTP/1.1" 200 2626 "-" "Mozilla/5.0 (Windows NT 6.1; WOW64; rv:37.0) Gecko/20100101 Firefox/37.0"
192.0.89.58 - - [28/Oct/2018:04:14:10 +0000] "GET /video/5bc9d5925f37e35d031d8a2d/documetary-2016-mayotte-the-island-of-death HTTP/1.1" 200 6870 "https://cungcap.net/video/5bc9d5925f37e35d031d8a2d/documetary-2016-mayotte-the-island-of-death" "WordPress.com; https://cungcaponline.wordpress.com"
54.36.148.232 - - [28/Oct/2018:04:14:10 +0000] "GET /k/Planet+Labs+-+Wikipedia HTTP/1.1" 200 2516 "-" "Mozilla/5.0 (compatible; AhrefsBot/5.2; +http://ahrefs.com/robot/)"
46.229.168.142 - - [28/Oct/2018:04:14:13 +0000] "GET /com/1246741/old HTTP/1.1" 200 4777 "-" "Mozilla/5.0 (compatible; SemrushBot/2~bl; +http://www.semrush.com/bot.html)"
123.30.175.147 - - [28/Oct/2018:04:14:13 +0000] "GET /com/1294557/old HTTP/1.1" 200 4785 "-" "Mozilla/5.0 (compatible; coccocbot-web/1.0; +http://help.coccoc.com/searchengine)"
141.8.142.106 - - [28/Oct/2018:04:14:14 +0000] "GET /k/Tipps+und+Ratschl%C3%A4ge+Fortgeschrittene+DW+Deutsch+Lernen HTTP/1.1" 200 2566 "-" "Mozilla/5.0 (compatible; YandexBot/3.0; +http://yandex.com/bots)"
192.0.89.58 - - [28/Oct/2018:04:14:14 +0000] "HEAD /video/5bc9d5925f37e35d031d8a2d/documetary-2016-mayotte-the-island-of-death HTTP/1.1" 200 0 "https://cungcap.net/video/5bc9d5925f37e35d031d8a2d/documetary-2016-mayotte-the-island-of-death" "WordPress.com; https://cungcaponline.wordpress.com"
123.30.175.146 - - [28/Oct/2018:04:14:15 +0000] "GET /ip/79.98.28.165 HTTP/1.1" 200 3513 "-" "Mozilla/5.0 (compatible; coccocbot-web/1.0; +http://help.coccoc.com/searchengine)"
151.80.39.192 - - [28/Oct/2018:04:14:16 +0000] "GET /northern/category/co-khi-o-to-xe-may_c8597?q=%2Fnorthern%2Fcategory%2Fco-khi-o-to-xe-may_c8597 HTTP/1.1" 200 2532 "-" "Mozilla/5.0 (compatible; AhrefsBot/5.2; +http://ahrefs.com/robot/)"
123.30.175.146 - - [28/Oct/2018:04:14:17 +0000] "GET /ip/104.27.166.98 HTTP/1.1" 200 3496 "-" "Mozilla/5.0 (compatible; coccocbot-web/1.0; +http://help.coccoc.com/searchengine)"
46.229.168.136 - - [28/Oct/2018:04:14:19 +0000] "GET /vi/lang-son/tinh-lang-son/phuong-chi-lang HTTP/1.1" 200 2526 "-" "Mozilla/5.0 (compatible; SemrushBot/2~bl; +http://www.semrush.com/bot.html)"
123.30.175.146 - - [28/Oct/2018:04:14:19 +0000] "GET /ip/193.40.5.227 HTTP/1.1" 200 3495 "-" "Mozilla/5.0 (compatible; coccocbot-web/1.0; +http://help.coccoc.com/searchengine)"
123.30.175.146 - - [28/Oct/2018:04:14:22 +0000] "GET /ip/138.201.136.185 HTTP/1.1" 200 3513 "-" "Mozilla/5.0 (compatible; coccocbot-web/1.0; +http://help.coccoc.com/searchengine)"
46.229.168.134 - - [28/Oct/2018:04:14:23 +0000] "GET /vinh-phuc/huyen-tam-duong/xa-trung-my HTTP/1.1" 200 2535 "-" "Mozilla/5.0 (compatible; SemrushBot/2~bl; +http://www.semrush.com/bot.html)"
46.229.168.143 - - [28/Oct/2018:04:14:26 +0000] "GET /vi/dong-nai/huyen-trang-bom/khac HTTP/1.1" 200 2526 "-" "Mozilla/5.0 (compatible; SemrushBot/2~bl; +http://www.semrush.com/bot.html)"
123.30.175.217 - - [28/Oct/2018:04:14:28 +0000] "GET /%C4%91i%E1%BB%87n+tho%E1%BA%A1i+sony+xperia+xz+premium?page=56 HTTP/1.1" 200 4520 "-" "Mozilla/5.0 (compatible; coccocbot-web/1.0; +http://help.coccoc.com/searchengine)"
54.36.149.104 - - [28/Oct/2018:04:14:29 +0000] "GET /k/LED+EL+Sheet+Light+Lamp+Sound+Music+Activated+Equalizer+Flash+Panel+Light+Flashing+eight+combination+Flash+Car+Sticker+Music+Rhy HTTP/1.1" 200 2642 "-" "Mozilla/5.0 (compatible; AhrefsBot/5.2; +http://ahrefs.com/robot/)"
46.229.168.145 - - [28/Oct/2018:04:14:29 +0000] "GET /NP/seti/chanel HTTP/1.1" 200 2503 "-" "Mozilla/5.0 (compatible; SemrushBot/2~bl; +http://www.semrush.com/bot.html)"
123.30.175.217 - - [28/Oct/2018:04:14:30 +0000] "GET /%C4%91i%E1%BB%87n+tho%E1%BA%A1i+nokia+6303i?page=172 HTTP/1.1" 200 4343 "-" "Mozilla/5.0 (compatible; coccocbot-web/1.0; +http://help.coccoc.com/searchengine)"
192.0.88.43 - - [28/Oct/2018:04:14:33 +0000] "GET /video/5bc9d5925f37e35d031d8a2d/documetary-2016-mayotte-the-island-of-death/a/p HTTP/1.1" 200 2572 "https://cungcap.net/video/5bc9d5925f37e35d031d8a2d/documetary-2016-mayotte-the-island-of-death/a/p" "WordPress.com; https://cungcaponline.wordpress.com"
46.229.168.139 - - [28/Oct/2018:04:14:33 +0000] "GET /vi/vinh-phuc/tinh-vinh-phuc/khu-cong-nghiep-khai-quang/dien-lanh-thiet-bi-gia-dung HTTP/1.1" 200 2579 "-" "Mozilla/5.0 (compatible; SemrushBot/2~bl; +http://www.semrush.com/bot.html)"
123.30.175.145 - - [28/Oct/2018:04:14:34 +0000] "GET /com/1285961/old HTTP/1.1" 200 4770 "-" "Mozilla/5.0 (compatible; coccocbot-web/1.0; +http://help.coccoc.com/searchengine)"
192.0.87.217 - - [28/Oct/2018:04:14:34 +0000] "HEAD /video/5bc9d5925f37e35d031d8a2d/documetary-2016-mayotte-the-island-of-death HTTP/1.1" 200 0 "https://cungcap.net/video/5bc9d5925f37e35d031d8a2d/documetary-2016-mayotte-the-island-of-death" "WordPress.com; https://cungcaponline.wordpress.com"
192.0.87.217 - - [28/Oct/2018:04:14:35 +0000] "GET /video/5bc9d5925f37e35d031d8a2d/documetary-2016-mayotte-the-island-of-death HTTP/1.1" 200 6871 "https://cungcap.net/video/5bc9d5925f37e35d031d8a2d/documetary-2016-mayotte-the-island-of-death" "WordPress.com; https://cungcaponline.wordpress.com"
31.220.110.247 - - [28/Oct/2018:04:14:40 +0000] "GET /cron/index_elasticsearch HTTP/1.0" 500 6143 "-" "Wget/1.12 (linux-gnu)"
31.220.110.247 - - [28/Oct/2018:04:14:44 +0000] "GET /cron/get_dns_record_domain HTTP/1.0" 200 226 "-" "Wget/1.12 (linux-gnu)"
203.113.152.4 - - [28/Oct/2018:04:14:45 +0000] "GET /k/Review+%C4%91i%E1%BB%87n+tho%E1%BA%A1i HTTP/1.1" 200 2546 "-" "Mozilla/5.0 (Windows NT 6.1; WOW64; rv:37.0) Gecko/20100101 Firefox/37.0"
31.220.110.247 - - [28/Oct/2018:04:14:51 +0000] "GET /cron/craw_info_domain HTTP/1.0" 200 40 "-" "Wget/1.12 (linux-gnu)"
123.30.175.220 - - [28/Oct/2018:04:14:52 +0000] "GET /product/5bd26cf05f37e33aab52cfae/ao-somi-30 HTTP/1.1" 200 5143 "-" "Mozilla/5.0 (compatible; coccocbot-web/1.0; +http://help.coccoc.com/searchengine)"
46.229.168.133 - - [28/Oct/2018:04:14:55 +0000] "GET /site/5bb360d9024e17337757098f/den-chum-trang-tri-noi-that-phong-khach-dep-gia-re-tai-ha-noi HTTP/1.1" 200 5294 "-" "Mozilla/5.0 (compatible; SemrushBot/2~bl; +http://www.semrush.com/bot.html)"
31.220.110.247 - - [28/Oct/2018:04:15:03 +0000] "GET /cron/import_affiliate HTTP/1.0" 200 2 "-" "Wget/1.12 (linux-gnu)"
31.220.110.247 - - [28/Oct/2018:04:15:09 +0000] "GET /cron/craw_note HTTP/1.0" 500 6107 "-" "Wget/1.12 (linux-gnu)"
123.30.175.146 - - [28/Oct/2018:04:15:14 +0000] "GET /com/5ba9446344ac67352540b2a0/old HTTP/1.1" 200 31 "-" "Mozilla/5.0 (compatible; coccocbot-web/1.0; +http://help.coccoc.com/searchengine)"
123.30.175.146 - - [28/Oct/2018:04:15:15 +0000] "GET /com/1269321/old HTTP/1.1" 200 4808 "-" "Mozilla/5.0 (compatible; coccocbot-web/1.0; +http://help.coccoc.com/searchengine)"
66.249.79.225 - - [28/Oct/2018:04:15:16 +0000] "GET /com/1293840/old HTTP/1.1" 200 4739 "-" "Mozilla/5.0 (Linux; Android 6.0.1; Nexus 5X Build/MMB29P) AppleWebKit/537.36 (KHTML, like Gecko) Chrome/41.0.2272.96 Mobile Safari/537.36 (compatible; Googlebot/2.1; +http://www.google.com/bot.html)"
123.30.175.146 - - [28/Oct/2018:04:15:17 +0000] "GET /com/5ba942fc44ac672c562ab143/old HTTP/1.1" 200 31 "-" "Mozilla/5.0 (compatible; coccocbot-web/1.0; +http://help.coccoc.com/searchengine)"
31.220.110.247 - - [28/Oct/2018:04:15:18 +0000] "GET /cron/craw_info_domain HTTP/1.0" 500 6130 "-" "Wget/1.12 (linux-gnu)"
117.2.228.214 - - [28/Oct/2018:04:15:21 +0000] "GET /search/get?v=th%C6%B0%20ph%C3%A1p&page=8 HTTP/2.0" 500 6107 "https://cungcap.net/search/get?v=th%C6%B0+ph%C3%A1p&t=&i=" "Mozilla/5.0 (Windows NT 6.1; Win64; x64) AppleWebKit/537.36 (KHTML, like Gecko) Chrome/69.0.3497.100 Safari/537.36"
46.229.168.137 - - [28/Oct/2018:04:15:24 +0000] "GET /site/5bb622e5024e171dd81d70f3/batushka-home-facebook HTTP/1.1" 200 5416 "-" "Mozilla/5.0 (compatible; SemrushBot/2~bl; +http://www.semrush.com/bot.html)"
123.30.175.144 - - [28/Oct/2018:04:15:28 +0000] "GET /com/5ba943ae44ac6733bc117775/old HTTP/1.1" 200 31 "-" "Mozilla/5.0 (compatible; coccocbot-web/1.0; +http://help.coccoc.com/searchengine)"
123.30.175.144 - - [28/Oct/2018:04:15:30 +0000] "GET /com/1288876/old HTTP/1.1" 200 4898 "-" "Mozilla/5.0 (compatible; coccocbot-web/1.0; +http://help.coccoc.com/searchengine)"
123.30.175.144 - - [28/Oct/2018:04:15:32 +0000] "GET /news/62/old HTTP/1.1" 200 6909 "-" "Mozilla/5.0 (compatible; coccocbot-web/1.0; +http://help.coccoc.com/searchengine)"
46.229.168.147 - - [28/Oct/2018:04:15:34 +0000] "GET /vi/hoa-binh/huyen-mai-chau/xa-tan-mai/noi-that-ngoai-that HTTP/1.1" 200 2553 "-" "Mozilla/5.0 (compatible; SemrushBot/2~bl; +http://www.semrush.com/bot.html)"
123.30.175.217 - - [28/Oct/2018:04:15:36 +0000] "GET /ip/54.247.107.64 HTTP/1.1" 200 3509 "-" "Mozilla/5.0 (compatible; coccocbot-web/1.0; +http://help.coccoc.com/searchengine)"
46.229.168.148 - - [28/Oct/2018:04:15:37 +0000] "GET /vi/tp-ho-chi-minh/quan-binh-tan/xa-tan-tao/hoa-qua-tang HTTP/1.1" 200 2555 "-" "Mozilla/5.0 (compatible; SemrushBot/2~bl; +http://www.semrush.com/bot.html)"
54.36.148.58 - - [28/Oct/2018:04:15:38 +0000] "GET /hai-duong/huyen-gia-loc/company?q=%2Fhai-duong%2Fhuyen-gia-loc%2Fcompany HTTP/1.1" 200 2517 "-" "Mozilla/5.0 (compatible; AhrefsBot/5.2; +http://ahrefs.com/robot/)"
31.220.110.247 - - [28/Oct/2018:04:15:40 +0000] "GET /cron/index_elasticsearch HTTP/1.0" 500 6107 "-" "Wget/1.12 (linux-gnu)"
46.229.168.144 - - [28/Oct/2018:04:15:42 +0000] "GET /ninh-binh/huyen-yen-mo/xa-mai-son HTTP/1.1" 200 2533 "-" "Mozilla/5.0 (compatible; SemrushBot/2~bl; +http://www.semrush.com/bot.html)"
31.220.110.247 - - [28/Oct/2018:04:15:44 +0000] "GET /cron/get_dns_record_domain HTTP/1.0" 200 182 "-" "Wget/1.12 (linux-gnu)"
203.113.152.6 - - [28/Oct/2018:04:15:47 +0000] "GET /k/Quan+T%C3%A2m+Nh%E1%BA%A5t HTTP/1.1" 200 2529 "-" "Mozilla/5.0 (Windows NT 6.1; WOW64; rv:37.0) Gecko/20100101 Firefox/37.0"
203.113.152.6 - - [28/Oct/2018:04:15:48 +0000] "GET /k/Lu%E1%BA%ADt+s%C6%B0+di+tr%C3%BA+gi%C3%A0u+kinh+nghi%E1%BB%87m HTTP/1.1" 200 2584 "-" "Mozilla/5.0 (Windows NT 6.1; WOW64; rv:37.0) Gecko/20100101 Firefox/37.0"
203.113.152.6 - - [28/Oct/2018:04:15:49 +0000] "GET /k/T%E1%BA%A7m+nh%C3%ACn+s%E1%BB%A9+m%E1%BB%87nh+v%C3%A0+c%C3%A1c+gi%C3%A1+tr%E1%BB%8B+c%E1%BB%91t+l%C3%B5i HTTP/1.1" 200 2626 "-" "Mozilla/5.0 (Windows NT 6.1; WOW64; rv:37.0) Gecko/20100101 Firefox/37.0"
46.229.168.133 - - [28/Oct/2018:04:15:50 +0000] "GET /PL/silesian-voivodeship/category/du-lich_c8592 HTTP/1.1" 200 2535 "-" "Mozilla/5.0 (compatible; SemrushBot/2~bl; +http://www.semrush.com/bot.html)"
203.113.152.6 - - [28/Oct/2018:04:15:50 +0000] "GET /k/Gi%C3%A1+b%C3%A1n+m%C3%A1y+b%C6%A1m+t%C4%83ng+%C3%A1p+l%E1%BB%B1c+n%C6%B0%E1%BB%9Bc+Wilo+%C4%90%E1%BB%A9c HTTP/1.1" 200 2622 "-" "Mozilla/5.0 (Windows NT 6.1; WOW64; rv:37.0) Gecko/20100101 Firefox/37.0"
203.113.152.6 - - [28/Oct/2018:04:15:50 +0000] "GET /k/Ph%E1%BB%A5+t%C3%B9ng+khai+kho%C3%A1ng HTTP/1.1" 200 2546 "-" "Mozilla/5.0 (Windows NT 6.1; WOW64; rv:37.0) Gecko/20100101 Firefox/37.0"
46.229.168.142 - - [28/Oct/2018:04:15:54 +0000] "GET /nam-dinh/huyen-giao-thuy/xa-giao-lac?q=%2Fnam-dinh%2Fhuyen-giao-thuy%2Fxa-giao-lac HTTP/1.1" 200 2527 "-" "Mozilla/5.0 (compatible; SemrushBot/2~bl; +http://www.semrush.com/bot.html)"
117.2.228.214 - - [28/Oct/2018:04:15:58 +0000] "GET /search/get?v=th%C6%B0%20ph%C3%A1p&page=8 HTTP/2.0" 200 6256 "https://cungcap.net/search/get?v=th%C6%B0+ph%C3%A1p&t=&i=" "Mozilla/5.0 (Windows NT 6.1; Win64; x64) AppleWebKit/537.36 (KHTML, like Gecko) Chrome/69.0.3497.100 Safari/537.36"
46.229.168.136 - - [28/Oct/2018:04:15:59 +0000] "GET /go/5bab0ef544ac67439c2821d4/acakangkablogspotcom HTTP/1.1" 200 1908 "-" "Mozilla/5.0 (compatible; SemrushBot/2~bl; +http://www.semrush.com/bot.html)"
46.229.168.141 - - [28/Oct/2018:04:16:02 +0000] "GET /site/5bb30b27024e1725bf70c350/chinh-thuc-ra-mat-harafunnel-cong-cu-gui-tin-nhan HTTP/1.1" 200 5502 "-" "Mozilla/5.0 (compatible; SemrushBot/2~bl; +http://www.semrush.com/bot.html)"
31.220.110.247 - - [28/Oct/2018:04:16:03 +0000] "GET /cron/import_affiliate HTTP/1.0" 200 2 "-" "Wget/1.12 (linux-gnu)"
123.30.175.145 - - [28/Oct/2018:04:16:05 +0000] "GET /ip/2606:4700:30::681c:197a HTTP/1.1" 200 3531 "-" "Mozilla/5.0 (compatible; coccocbot-web/1.0; +http://help.coccoc.com/searchengine)"
54.36.148.61 - - [28/Oct/2018:04:16:05 +0000] "GET /k/%D7%A6%D7%99%D7%9E%D7%A8%D7%99%D7%9D+%D7%91%D7%A7%D7%99%D7%91%D7%95%D7%A5+%D7%90%D7%95%D7%A8%D7%99%D7%9D+%D7%A6%D7%99%D7%9E%D7%A8+%D7%91%D7%90%D7%95%D7%A8%D7%99%D7%9D+Weekend HTTP/1.1" 200 2610 "-" "Mozilla/5.0 (compatible; AhrefsBot/5.2; +http://ahrefs.com/robot/)"
46.229.168.140 - - [28/Oct/2018:04:16:06 +0000] "GET /vi/ha-tinh/huyen-thach-ha/xa-thach-thang/dien-tu-nghe-nhin HTTP/1.1" 200 2555 "-" "Mozilla/5.0 (compatible; SemrushBot/2~bl; +http://www.semrush.com/bot.html)"
