123.30.175.146 - - [28/Oct/2018:04:22:09 +0000] "GET /ip/81.46.217.210 HTTP/1.1" 200 3538 "-" "Mozilla/5.0 (compatible; coccocbot-web/1.0; +http://help.coccoc.com/searchengine)"
40.77.167.92 - - [28/Oct/2018:04:22:09 +0000] "GET /k/opus+be+Mobirise+Mobile+Website+Builder HTTP/1.1" 200 2536 "-" "Mozilla/5.0 (compatible; bingbot/2.0; +http://www.bing.com/bingbot.htm)"
40.77.167.92 - - [28/Oct/2018:04:22:11 +0000] "GET /k/dani+test+shoe HTTP/1.1" 200 2502 "-" "Mozilla/5.0 (compatible; bingbot/2.0; +http://www.bing.com/bingbot.htm)"
40.77.167.92 - - [28/Oct/2018:04:22:12 +0000] "GET /k/Documentaire HTTP/1.1" 200 2502 "-" "Mozilla/5.0 (compatible; bingbot/2.0; +http://www.bing.com/bingbot.htm)"
31.220.110.247 - - [28/Oct/2018:04:22:12 +0000] "GET /cron/craw_note HTTP/1.0" 200 50 "-" "Wget/1.12 (linux-gnu)"
40.77.167.92 - - [28/Oct/2018:04:22:14 +0000] "GET /com/1269203/old HTTP/1.1" 200 4782 "-" "Mozilla/5.0 (compatible; bingbot/2.0; +http://www.bing.com/bingbot.htm)"
40.77.167.92 - - [28/Oct/2018:04:22:15 +0000] "GET /k/Tai+nghe+Sennheiser+PC+2+CHAT HTTP/1.1" 200 2530 "-" "Mozilla/5.0 (compatible; bingbot/2.0; +http://www.bing.com/bingbot.htm)"
123.30.175.147 - - [28/Oct/2018:04:22:15 +0000] "GET /h%C3%ACnh+n%E1%BB%81n+%C4%91i%E1%BB%87n+tho%E1%BA%A1i+nokia+216?page=156 HTTP/1.1" 200 4586 "-" "Mozilla/5.0 (compatible; coccocbot-web/1.0; +http://help.coccoc.com/searchengine)"
40.77.167.92 - - [28/Oct/2018:04:22:16 +0000] "GET /k/+PDR+Tools+Slide+Hammer+Dent+Puller+Dent+Removal+Paintless+Dent+Repair+Tools+19pcs+set?q=%2Fk%2F%20PDR%20Tools%20Slide%20Hammer%20Dent%20Puller%20Dent%20Removal%20Paintless%20Dent%20Repair%20Tools%2019pcs%20set HTTP/1.1" 200 2589 "-" "Mozilla/5.0 (compatible; bingbot/2.0; +http://www.bing.com/bingbot.htm)"
40.77.167.92 - - [28/Oct/2018:04:22:17 +0000] "GET /d/akfpartners.com HTTP/1.1" 301 343 "-" "Mozilla/5.0 (compatible; bingbot/2.0; +http://www.bing.com/bingbot.htm)"
151.80.39.168 - - [28/Oct/2018:04:22:17 +0000] "GET /sofiya/category/may-anh-may-quay_c8596?q=%2Fsofiya%2Fcategory%2Fmay-anh-may-quay_c8596 HTTP/1.1" 200 2532 "-" "Mozilla/5.0 (compatible; AhrefsBot/5.2; +http://ahrefs.com/robot/)"
123.30.175.147 - - [28/Oct/2018:04:22:18 +0000] "GET /%C4%91i%E1%BB%87n+tho%E1%BA%A1i+nokia+2+sim+2+s%C3%B3ng+gi%C3%A1+r%E1%BA%BB?page=1176 HTTP/1.1" 500 6120 "-" "Mozilla/5.0 (compatible; coccocbot-web/1.0; +http://help.coccoc.com/searchengine)"
54.36.149.88 - - [28/Oct/2018:04:22:18 +0000] "GET /xem+gi%C3%A1+%C4%91i%E1%BB%87n+tho%E1%BA%A1i+oppo+f9?page=6 HTTP/1.1" 200 4381 "-" "Mozilla/5.0 (compatible; AhrefsBot/5.2; +http://ahrefs.com/robot/)"
40.77.167.92 - - [28/Oct/2018:04:22:18 +0000] "GET /news/3961/old HTTP/1.1" 200 7631 "-" "Mozilla/5.0 (compatible; bingbot/2.0; +http://www.bing.com/bingbot.htm)"
40.77.167.92 - - [28/Oct/2018:04:22:19 +0000] "GET /k/Not+an+investor+yet HTTP/1.1" 200 2514 "-" "Mozilla/5.0 (compatible; bingbot/2.0; +http://www.bing.com/bingbot.htm)"
192.0.89.219 - - [28/Oct/2018:04:22:20 +0000] "GET /video/5bc9d5905f37e35d031d8a2c/full-interview-rayvanny-in-mayotte-18-10-2018/a/p HTTP/1.1" 200 2574 "https://cungcap.net/video/5bc9d5905f37e35d031d8a2c/full-interview-rayvanny-in-mayotte-18-10-2018/a/p" "WordPress.com; https://cungcaponline.wordpress.com"
123.30.175.147 - - [28/Oct/2018:04:22:20 +0000] "GET /ip/221.132.29.219 HTTP/1.1" 200 3552 "-" "Mozilla/5.0 (compatible; coccocbot-web/1.0; +http://help.coccoc.com/searchengine)"
185.20.6.121 - - [28/Oct/2018:04:22:20 +0000] "GET /video/5bc9d5905f37e35d031d8a2c/full-interview-rayvanny-in-mayotte-18-10-2018 HTTP/1.1" 200 6771 "-" "Mozilla/5.0 (TweetmemeBot/4.0; +http://datasift.com/bot.html) Gecko/20100101 Firefox/31.0"
46.236.26.114 - - [28/Oct/2018:04:22:21 +0000] "GET /video/5bc9d5905f37e35d031d8a2c/full-interview-rayvanny-in-mayotte-18-10-2018 HTTP/1.1" 200 6774 "-" "Mozilla/5.0 (TweetmemeBot/4.0; +http://datasift.com/bot.html) Gecko/20100101 Firefox/31.0"
40.77.167.92 - - [28/Oct/2018:04:22:21 +0000] "GET /k/Startseite+Schwarzw%C3%A4lder+Bote+besser+lesen+?q=%2Fk%2FStartseite%20Schwarzw%C3%A4lder%20Bote%20besser%20lesen%20 HTTP/1.1" 200 2553 "-" "Mozilla/5.0 (compatible; bingbot/2.0; +http://www.bing.com/bingbot.htm)"
109.230.220.192 - - [28/Oct/2018:04:22:23 +0000] "GET / HTTP/1.0" 200 4793 "https://cungcap.net/" "Mozilla/5.0 (Windows NT 6.3; Win64; x64) AppleWebKit/537.36 (KHTML, like Gecko) Chrome/65.0.3325.181 Safari/537.36 OPR/52.0.2871.99"
40.77.167.92 - - [28/Oct/2018:04:22:23 +0000] "GET /k/Asiajitu+Situs+Togel+Online+Terbaik+Togel+Online+Terbesar+Web+Togel+Online+Aman HTTP/1.1" 200 2560 "-" "Mozilla/5.0 (compatible; bingbot/2.0; +http://www.bing.com/bingbot.htm)"
141.8.142.159 - - [28/Oct/2018:04:22:23 +0000] "GET /site/5bb20a72024e1724ac38fb3c/youtubemultipliercom-youtube-multiplier-mashup HTTP/1.1" 200 4215 "-" "Mozilla/5.0 (compatible; YandexBot/3.0; +http://yandex.com/bots)"
40.77.167.92 - - [28/Oct/2018:04:22:24 +0000] "GET /k/Nintendo+Switch+Hyrule+Warriors+Definitive+EditionLearn+more HTTP/1.1" 200 2558 "-" "Mozilla/5.0 (compatible; bingbot/2.0; +http://www.bing.com/bingbot.htm)"
141.8.142.159 - - [28/Oct/2018:04:22:24 +0000] "GET /k/Mua+D%E1%BA%A7u+nh%E1%BB%9Bt+%C3%B4+t%C3%B4+xe+m%C3%A1y+S-Oil+Online+Gi%C3%A1+T%E1%BB%91t+Lazada.vn HTTP/1.1" 200 2622 "-" "Mozilla/5.0 (iPhone; CPU iPhone OS 8_1 like Mac OS X) AppleWebKit/600.1.4 (KHTML, like Gecko) Version/8.0 Mobile/12B411 Safari/600.1.4 (compatible; YandexMobileBot/3.0; +http://yandex.com/bots)"
40.77.167.92 - - [28/Oct/2018:04:22:25 +0000] "GET /k/Barcelone?q=%2Fk%2FBarcelone HTTP/1.1" 200 2500 "-" "Mozilla/5.0 (compatible; bingbot/2.0; +http://www.bing.com/bingbot.htm)"
178.154.200.75 - - [28/Oct/2018:04:22:25 +0000] "GET /k/Men+Vi+Sinh+%C3%9Ac+Probiotic+Powder+For+Infant+Cho+Tr%E1%BA%BB+T%E1%BB%AB+1-6+Th%C3%A1ng HTTP/1.1" 200 2618 "-" "Mozilla/5.0 (iPhone; CPU iPhone OS 8_1 like Mac OS X) AppleWebKit/600.1.4 (KHTML, like Gecko) Version/8.0 Mobile/12B411 Safari/600.1.4 (compatible; YandexMobileBot/3.0; +http://yandex.com/bots)"
40.77.167.92 - - [28/Oct/2018:04:22:25 +0000] "GET /d/myeuro.info HTTP/1.1" 301 327 "-" "Mozilla/5.0 (compatible; bingbot/2.0; +http://www.bing.com/bingbot.htm)"
40.77.167.92 - - [28/Oct/2018:04:22:26 +0000] "GET /k/ABRAHAMDAG+Oosterhout+%C2%B7+1e+zaterdag+in+oktober?q=%2Fk%2FABRAHAMDAG%20Oosterhout%20%C2%B7%201e%20zaterdag%20in%20oktober HTTP/1.1" 200 2559 "-" "Mozilla/5.0 (compatible; bingbot/2.0; +http://www.bing.com/bingbot.htm)"
123.30.175.145 - - [28/Oct/2018:04:22:26 +0000] "GET /com/1293439/old HTTP/1.1" 200 4773 "-" "Mozilla/5.0 (compatible; coccocbot-web/1.0; +http://help.coccoc.com/searchengine)"
40.77.167.92 - - [28/Oct/2018:04:22:30 +0000] "GET /k/@kedako_faital HTTP/1.1" 200 2500 "-" "Mozilla/5.0 (iPhone; CPU iPhone OS 7_0 like Mac OS X) AppleWebKit/537.51.1 (KHTML, like Gecko) Version/7.0 Mobile/11A465 Safari/9537.53 (compatible; bingbot/2.0; +http://www.bing.com/bingbot.htm)"
40.77.167.92 - - [28/Oct/2018:04:22:31 +0000] "GET /d/rebelle.com HTTP/1.1" 301 327 "-" "Mozilla/5.0 (compatible; bingbot/2.0; +http://www.bing.com/bingbot.htm)"
40.77.167.92 - - [28/Oct/2018:04:22:31 +0000] "GET /news/5bad04e810a4c82d5b25c14c/viet-nam-la-1-trong-42-nuoc-co-the-tu-san-xuat-vaccine-phong-benh HTTP/1.1" 200 8229 "-" "Mozilla/5.0 (iPhone; CPU iPhone OS 7_0 like Mac OS X) AppleWebKit/537.51.1 (KHTML, like Gecko) Version/7.0 Mobile/11A465 Safari/9537.53 (compatible; bingbot/2.0; +http://www.bing.com/bingbot.htm)"
40.77.167.92 - - [28/Oct/2018:04:22:32 +0000] "GET /k/Spurghi+Brescia+Specialspurghi+Srl+smaltimento+rifiuti+e+servizi+ambientali+a+Brescia+e+provincia HTTP/1.1" 200 2590 "-" "Mozilla/5.0 (iPhone; CPU iPhone OS 7_0 like Mac OS X) AppleWebKit/537.51.1 (KHTML, like Gecko) Version/7.0 Mobile/11A465 Safari/9537.53 (compatible; bingbot/2.0; +http://www.bing.com/bingbot.htm)"
40.77.167.92 - - [28/Oct/2018:04:22:32 +0000] "GET /k/C%C3%A0+chua+%C4%91%E1%BB%8F+L1+VinEco HTTP/1.1" 200 2553 "-" "Mozilla/5.0 (compatible; bingbot/2.0; +http://www.bing.com/bingbot.htm)"
40.77.167.92 - - [28/Oct/2018:04:22:36 +0000] "GET /k/%C3%BCber+nachtkritik.de HTTP/1.1" 200 2518 "-" "Mozilla/5.0 (compatible; bingbot/2.0; +http://www.bing.com/bingbot.htm)"
40.77.167.92 - - [28/Oct/2018:04:22:38 +0000] "GET /k/%C4%B0%C5%9Fte+%C4%B0stanbul+un+ofiste+%C3%B6ne+%C3%A7%C4%B1kan+11+b%C3%B6lgesi!+-+17-04-2016 HTTP/1.1" 200 2618 "-" "Mozilla/5.0 (compatible; bingbot/2.0; +http://www.bing.com/bingbot.htm)"
31.220.110.247 - - [28/Oct/2018:04:22:38 +0000] "GET /cron/get_dns_record_domain HTTP/1.0" 200 239 "-" "Wget/1.12 (linux-gnu)"
31.220.110.247 - - [28/Oct/2018:04:22:39 +0000] "GET /cron/index_elasticsearch HTTP/1.0" 500 6107 "-" "Wget/1.12 (linux-gnu)"
40.77.167.92 - - [28/Oct/2018:04:22:39 +0000] "GET /TH/yasothon/chanel?q=%2FTH%2Fyasothon%2Fchanel HTTP/1.1" 200 2504 "-" "Mozilla/5.0 (compatible; bingbot/2.0; +http://www.bing.com/bingbot.htm)"
46.229.168.140 - - [28/Oct/2018:04:22:40 +0000] "GET /site/5bb0ecb4024e173e4e6c2be8/tamil-gun-alternate-website-100-percent-working-youtube HTTP/1.1" 200 5262 "-" "Mozilla/5.0 (compatible; SemrushBot/2~bl; +http://www.semrush.com/bot.html)"
40.77.167.92 - - [28/Oct/2018:04:22:40 +0000] "GET /k/Auf+allen+Seiten+suchen HTTP/1.1" 200 2516 "-" "Mozilla/5.0 (iPhone; CPU iPhone OS 7_0 like Mac OS X) AppleWebKit/537.51.1 (KHTML, like Gecko) Version/7.0 Mobile/11A465 Safari/9537.53 (compatible; bingbot/2.0; +http://www.bing.com/bingbot.htm)"
40.77.167.92 - - [28/Oct/2018:04:22:41 +0000] "GET /d/pingpdf.com HTTP/1.1" 301 327 "-" "Mozilla/5.0 (compatible; bingbot/2.0; +http://www.bing.com/bingbot.htm)"
123.30.175.144 - - [28/Oct/2018:04:22:41 +0000] "GET /com/1248806/old HTTP/1.1" 200 4810 "-" "Mozilla/5.0 (compatible; coccocbot-web/1.0; +http://help.coccoc.com/searchengine)"
40.77.167.92 - - [28/Oct/2018:04:22:42 +0000] "GET /k/%0ATipnhacai.com+-+T%E1%BB%95ng+H%E1%BB%A3p+Tip+Nh%C3%A0+C%C3%A1i+C%C3%A1+C%C6%B0%E1%BB%A3c+Uy+T%C3%ADn+Nh%E1%BA%A5t+H%C3%A0ng+Ng%C3%A0y%0A HTTP/1.1" 200 2665 "-" "Mozilla/5.0 (compatible; bingbot/2.0; +http://www.bing.com/bingbot.htm)"
123.30.175.144 - - [28/Oct/2018:04:22:42 +0000] "GET /com/5ba943ef44ac672c562abcdf/old HTTP/1.1" 200 31 "-" "Mozilla/5.0 (compatible; coccocbot-web/1.0; +http://help.coccoc.com/searchengine)"
40.77.167.92 - - [28/Oct/2018:04:22:43 +0000] "GET /gia-lai/thanh-pho-pleiku/thi-tran-iakha HTTP/1.1" 200 2532 "-" "Mozilla/5.0 (compatible; bingbot/2.0; +http://www.bing.com/bingbot.htm)"
46.229.168.153 - - [28/Oct/2018:04:22:43 +0000] "GET /product/5bc7392310a4c838e8743c93/set-ao-khoac-nai HTTP/1.1" 200 5284 "-" "Mozilla/5.0 (compatible; SemrushBot/2~bl; +http://www.semrush.com/bot.html)"
40.77.167.92 - - [28/Oct/2018:04:22:44 +0000] "GET /TH/rayong/chanel?q=%2FTH%2Frayong%2Fchanel HTTP/1.1" 200 2503 "-" "Mozilla/5.0 (compatible; bingbot/2.0; +http://www.bing.com/bingbot.htm)"
40.77.167.92 - - [28/Oct/2018:04:22:46 +0000] "GET /k/CFR+CFR_org+Twitter HTTP/1.1" 200 2511 "-" "Mozilla/5.0 (compatible; bingbot/2.0; +http://www.bing.com/bingbot.htm)"
40.77.167.92 - - [28/Oct/2018:04:22:48 +0000] "GET /d/bioprocessintl.com HTTP/1.1" 301 355 "-" "Mozilla/5.0 (compatible; bingbot/2.0; +http://www.bing.com/bingbot.htm)"
46.229.168.140 - - [28/Oct/2018:04:22:48 +0000] "GET /go/5bab078544ac673be51a2475/captaincookcomau HTTP/1.1" 200 1907 "-" "Mozilla/5.0 (compatible; SemrushBot/2~bl; +http://www.semrush.com/bot.html)"
66.249.79.225 - - [28/Oct/2018:04:22:49 +0000] "GET /news/3816/old HTTP/1.1" 200 7607 "-" "Mozilla/5.0 (Linux; Android 6.0.1; Nexus 5X Build/MMB29P) AppleWebKit/537.36 (KHTML, like Gecko) Chrome/41.0.2272.96 Mobile Safari/537.36 (compatible; Googlebot/2.1; +http://www.google.com/bot.html)"
123.30.175.216 - - [28/Oct/2018:04:22:51 +0000] "GET /v%E1%BB%8F+%C4%91i%E1%BB%87n+tho%E1%BA%A1i+iphone+5+gi%C3%A1+bao+nhi%C3%AAu HTTP/1.1" 200 6211 "-" "Mozilla/5.0 (compatible; coccocbot-web/1.0; +http://help.coccoc.com/searchengine)"
40.77.167.92 - - [28/Oct/2018:04:22:51 +0000] "GET /com/5bacd19d10a4c85d7451c7d3/cong-ty-tnhh-tin-hoc-do-nguyen HTTP/1.1" 200 4651 "-" "Mozilla/5.0 (compatible; bingbot/2.0; +http://www.bing.com/bingbot.htm)"
40.77.167.92 - - [28/Oct/2018:04:22:51 +0000] "GET /k/%D0%A1%D0%BC%D0%BE%D1%82%D1%80%D0%B5%D1%82%D1%8C+%D1%84%D0%B8%D0%BB%D1%8C%D0%BC%D1%8B+%D0%BA%D0%B8%D0%BD%D0%BE+%D0%BE%D0%BD%D0%BB%D0%B0%D0%B9%D0%BD+%D0%B1%D0%B5%D1%81%D0%BF%D0%BB%D0%B0%D1%82%D0%BD%D0%BE+%D0%B2+%D1%85%D0%BE%D1%80%D0%BE%D1%88%D0%B5%D0%BC+%D0%BA%D0%B0%D1%87%D0%B5%D1%81%D1%82%D0%B2%D0%B5+... HTTP/1.1" 200 2756 "-" "Mozilla/5.0 (compatible; bingbot/2.0; +http://www.bing.com/bingbot.htm)"
40.77.167.92 - - [28/Oct/2018:04:22:52 +0000] "GET /d/bolabagus.net HTTP/1.1" 301 335 "-" "Mozilla/5.0 (compatible; bingbot/2.0; +http://www.bing.com/bingbot.htm)"
40.77.167.92 - - [28/Oct/2018:04:22:52 +0000] "GET /d/tclvn.com HTTP/1.1" 301 319 "-" "Mozilla/5.0 (compatible; bingbot/2.0; +http://www.bing.com/bingbot.htm)"
40.77.167.92 - - [28/Oct/2018:04:22:53 +0000] "GET /k/Arzt+muss+Patient+%C3%BCber+Behandlungskosten+aufkl%C3%A4ren+arzt HTTP/1.1" 200 2573 "-" "Mozilla/5.0 (compatible; bingbot/2.0; +http://www.bing.com/bingbot.htm)"
123.30.175.216 - - [28/Oct/2018:04:22:53 +0000] "GET /%C4%91i%E1%BB%87n+tho%E1%BA%A1i+nokia+x6+fpt?page=44 HTTP/1.1" 200 4643 "-" "Mozilla/5.0 (compatible; coccocbot-web/1.0; +http://help.coccoc.com/searchengine)"
40.77.167.92 - - [28/Oct/2018:04:22:54 +0000] "GET /com/1283484/old HTTP/1.1" 200 4785 "-" "Mozilla/5.0 (compatible; bingbot/2.0; +http://www.bing.com/bingbot.htm)"
54.36.148.108 - - [28/Oct/2018:04:22:54 +0000] "GET /k/9-10+Inch+BJD+doll+wig+double+horse+silver+color+sailor+moon+wig+-+pullip HTTP/1.1" 200 2584 "-" "Mozilla/5.0 (compatible; AhrefsBot/5.2; +http://ahrefs.com/robot/)"
123.30.175.216 - - [28/Oct/2018:04:22:55 +0000] "GET /ip/2606:4700:30::681c:e73 HTTP/1.1" 200 3551 "-" "Mozilla/5.0 (compatible; coccocbot-web/1.0; +http://help.coccoc.com/searchengine)"
40.77.167.92 - - [28/Oct/2018:04:22:56 +0000] "GET /CO/narino?q=%2FCO%2Fnarino HTTP/1.1" 200 2498 "-" "Mozilla/5.0 (compatible; bingbot/2.0; +http://www.bing.com/bingbot.htm)"
203.113.152.4 - - [28/Oct/2018:04:22:56 +0000] "GET /k/Phong+C%C3%A1ch+L%C3%A0m+Vi%E1%BB%87c+N%C6%A1i+C%C3%B4ng+S%E1%BB%9F HTTP/1.1" 200 2587 "-" "Mozilla/5.0 (Windows NT 6.1; WOW64; rv:37.0) Gecko/20100101 Firefox/37.0"
40.77.167.92 - - [28/Oct/2018:04:22:58 +0000] "GET /k/%0ATi%E1%BA%BFng+%C4%90%E1%BB%A9c+cho+ng%C6%B0%E1%BB%9Di+Vi%E1%BB%87t%0A HTTP/1.1" 200 2589 "-" "Mozilla/5.0 (compatible; bingbot/2.0; +http://www.bing.com/bingbot.htm)"
123.30.175.216 - - [28/Oct/2018:04:22:59 +0000] "GET /%C4%91i%E1%BB%87n+tho%E1%BA%A1i+nokia+6300+c%C5%A9?page=51 HTTP/1.1" 200 4700 "-" "Mozilla/5.0 (compatible; coccocbot-web/1.0; +http://help.coccoc.com/searchengine)"
40.77.167.92 - - [28/Oct/2018:04:22:59 +0000] "GET /k/Boot+zara HTTP/1.1" 200 2504 "-" "Mozilla/5.0 (compatible; bingbot/2.0; +http://www.bing.com/bingbot.htm)"
40.77.167.92 - - [28/Oct/2018:04:23:00 +0000] "GET /k/%C4%90%E1%BB%81+Thi+Tuy%E1%BB%83n+Sinh+%C4%90%E1%BA%A1i+H%E1%BB%8Dc+Cao+%C4%90%E1%BA%B3ng+M%C3%B4n+TI%E1%BA%BFng+Anh HTTP/1.1" 200 2630 "-" "Mozilla/5.0 (compatible; bingbot/2.0; +http://www.bing.com/bingbot.htm)"
40.77.167.92 - - [28/Oct/2018:04:23:01 +0000] "GET /k/%C4%B0stanbul+Yemek+F%C4%B1rsatlar%C4%B1+-+Yemek+Sepeti HTTP/1.1" 200 2558 "-" "Mozilla/5.0 (compatible; bingbot/2.0; +http://www.bing.com/bingbot.htm)"
40.77.167.92 - - [28/Oct/2018:04:23:01 +0000] "GET /MY/perlis?q=%2FMY%2Fperlis HTTP/1.1" 200 2499 "-" "Mozilla/5.0 (compatible; bingbot/2.0; +http://www.bing.com/bingbot.htm)"
31.220.110.247 - - [28/Oct/2018:04:23:02 +0000] "GET /cron/import_affiliate HTTP/1.0" 200 2 "-" "Wget/1.12 (linux-gnu)"
40.77.167.92 - - [28/Oct/2018:04:23:02 +0000] "GET /k/%D0%90%D0%BA%D0%B0%D0%B4%D0%B5%D0%BC%D0%B8%D1%8F+-+%D0%A2%D0%AD%D0%A4%D0%98-%D0%A0%D0%B5%D0%B3%D0%B8%D0%BE%D0%BD HTTP/1.1" 200 2612 "-" "Mozilla/5.0 (compatible; bingbot/2.0; +http://www.bing.com/bingbot.htm)"
40.77.167.92 - - [28/Oct/2018:04:23:03 +0000] "GET /bac-giang/huyen-lang-giang HTTP/1.1" 200 2514 "-" "Mozilla/5.0 (compatible; bingbot/2.0; +http://www.bing.com/bingbot.htm)"
123.30.175.218 - - [28/Oct/2018:04:23:04 +0000] "GET /ip/5.134.1.182 HTTP/1.1" 200 3544 "-" "Mozilla/5.0 (compatible; coccocbot-web/1.0; +http://help.coccoc.com/searchengine)"
40.77.167.92 - - [28/Oct/2018:04:23:05 +0000] "GET /d/liriknasyid.com HTTP/1.1" 301 343 "-" "Mozilla/5.0 (compatible; bingbot/2.0; +http://www.bing.com/bingbot.htm)"
31.220.110.247 - - [28/Oct/2018:04:23:06 +0000] "GET /cron/craw_info_domain HTTP/1.0" 200 33 "-" "Wget/1.12 (linux-gnu)"
40.77.167.92 - - [28/Oct/2018:04:23:06 +0000] "GET /k/About+SVI HTTP/1.1" 200 2506 "-" "Mozilla/5.0 (compatible; bingbot/2.0; +http://www.bing.com/bingbot.htm)"
123.30.175.218 - - [28/Oct/2018:04:23:07 +0000] "GET /product/5bd2fef45f37e37fc41ea4f9/vong-dau-cho-be-gai-9-bi-bac-trai-tim-bac-da-theo-menh HTTP/1.1" 200 5389 "-" "Mozilla/5.0 (compatible; coccocbot-web/1.0; +http://help.coccoc.com/searchengine)"
40.77.167.92 - - [28/Oct/2018:04:23:07 +0000] "GET /k/%0A+The+Boxset+Shop+-+Complete+Collections+of+Books+and+DVDs+Discounted%0A+ HTTP/1.1" 200 2581 "-" "Mozilla/5.0 (compatible; bingbot/2.0; +http://www.bing.com/bingbot.htm)"
123.30.175.144 - - [28/Oct/2018:04:23:08 +0000] "GET /com/1272437/old HTTP/1.1" 200 4807 "-" "Mozilla/5.0 (compatible; coccocbot-web/1.0; +http://help.coccoc.com/searchengine)"
40.77.167.92 - - [28/Oct/2018:04:23:08 +0000] "GET /binh-phuoc/huyen-dong-phu/thi-tran-dong-xoai HTTP/1.1" 200 2540 "-" "Mozilla/5.0 (compatible; bingbot/2.0; +http://www.bing.com/bingbot.htm)"
123.30.175.218 - - [28/Oct/2018:04:23:09 +0000] "GET /%C4%91i%E1%BB%87n+tho%E1%BA%A1i+nokia+2+sim+t%E1%BB%91t+nh%E1%BA%A5t?page=1900 HTTP/1.1" 500 6120 "-" "Mozilla/5.0 (compatible; coccocbot-web/1.0; +http://help.coccoc.com/searchengine)"
40.77.167.92 - - [28/Oct/2018:04:23:09 +0000] "GET /binh-thuan/huyen-ham-tan/xa-tan-ha HTTP/1.1" 200 2531 "-" "Mozilla/5.0 (compatible; bingbot/2.0; +http://www.bing.com/bingbot.htm)"
40.77.167.92 - - [28/Oct/2018:04:23:09 +0000] "GET /d/buscazip.com.br HTTP/1.1" 301 343 "-" "Mozilla/5.0 (compatible; bingbot/2.0; +http://www.bing.com/bingbot.htm)"
123.30.175.144 - - [28/Oct/2018:04:23:10 +0000] "GET /com/1260666/old HTTP/1.1" 200 4831 "-" "Mozilla/5.0 (compatible; coccocbot-web/1.0; +http://help.coccoc.com/searchengine)"
40.77.167.92 - - [28/Oct/2018:04:23:10 +0000] "GET /d/bikesdirect.com HTTP/1.1" 301 343 "-" "Mozilla/5.0 (compatible; bingbot/2.0; +http://www.bing.com/bingbot.htm)"
40.77.167.92 - - [28/Oct/2018:04:23:10 +0000] "GET /k/Arena+Derthona+2018 HTTP/1.1" 200 2512 "-" "Mozilla/5.0 (compatible; bingbot/2.0; +http://www.bing.com/bingbot.htm)"
54.36.149.23 - - [28/Oct/2018:04:23:11 +0000] "GET /video/5ba3969410a4c82983289faa/tu-van-iphone-6-va-iphone-6-plus-nen-chon-mua-san-pham-nao?page=6 HTTP/1.1" 200 9006 "-" "Mozilla/5.0 (compatible; AhrefsBot/5.2; +http://ahrefs.com/robot/)"
40.77.167.92 - - [28/Oct/2018:04:23:12 +0000] "GET /k/5.+Hold+deg+i+komfortsonen?page=3 HTTP/1.1" 200 2521 "-" "Mozilla/5.0 (compatible; bingbot/2.0; +http://www.bing.com/bingbot.htm)"
40.77.167.92 - - [28/Oct/2018:04:23:13 +0000] "GET /k/Black+Moscow+-+Home+Facebook HTTP/1.1" 200 2521 "-" "Mozilla/5.0 (compatible; bingbot/2.0; +http://www.bing.com/bingbot.htm)"
54.36.148.217 - - [28/Oct/2018:04:23:14 +0000] "GET /k/Iva+Floral+Sweatshirt HTTP/1.1" 200 2515 "-" "Mozilla/5.0 (compatible; AhrefsBot/5.2; +http://ahrefs.com/robot/)"
31.220.110.247 - - [28/Oct/2018:04:23:16 +0000] "GET /cron/craw_note HTTP/1.0" 200 50 "-" "Wget/1.12 (linux-gnu)"
123.30.175.217 - - [28/Oct/2018:04:23:17 +0000] "GET /%C4%91i%E1%BB%87n+tho%E1%BA%A1i+apple+iphone+6+16gb+gold?page=5 HTTP/1.1" 200 4533 "-" "Mozilla/5.0 (compatible; coccocbot-web/1.0; +http://help.coccoc.com/searchengine)"
54.36.148.11 - - [28/Oct/2018:04:23:20 +0000] "GET /tuyen-quang/category/khac_c8577 HTTP/1.1" 200 2513 "-" "Mozilla/5.0 (compatible; AhrefsBot/5.2; +http://ahrefs.com/robot/)"
46.229.168.133 - - [28/Oct/2018:04:23:23 +0000] "GET /company/1236750-cong-ty-tnhh-thuong-mai-sang-hang HTTP/1.1" 302 339 "-" "Mozilla/5.0 (compatible; SemrushBot/2~bl; +http://www.semrush.com/bot.html)"
123.30.175.215 - - [28/Oct/2018:04:23:25 +0000] "GET /com/1249223/old HTTP/1.1" 200 4852 "-" "Mozilla/5.0 (compatible; coccocbot-web/1.0; +http://help.coccoc.com/searchengine)"
54.36.148.35 - - [28/Oct/2018:04:23:26 +0000] "GET /k/Ng%E1%BB%AF+Ph%C3%A1p+Ti%E1%BA%BFng+Trung+Th%C3%B4ng+D%E1%BB%A5ng HTTP/1.1" 200 2579 "-" "Mozilla/5.0 (compatible; AhrefsBot/5.2; +http://ahrefs.com/robot/)"
46.229.168.136 - - [28/Oct/2018:04:23:27 +0000] "GET /com/1236750/old HTTP/1.1" 200 4779 "-" "Mozilla/5.0 (compatible; SemrushBot/2~bl; +http://www.semrush.com/bot.html)"
40.77.167.92 - - [28/Oct/2018:04:23:28 +0000] "GET /k/Booking+Ticket+Hotel+Tour+Reservation+-+Kontak+Kami HTTP/1.1" 200 2555 "-" "Mozilla/5.0 (compatible; bingbot/2.0; +http://www.bing.com/bingbot.htm)"
54.36.148.24 - - [28/Oct/2018:04:23:28 +0000] "GET /company/1232367-cong-ty-co-phan-nuoc-sach-ve-sinh-moi-truong-duy-tan HTTP/1.1" 302 339 "-" "Mozilla/5.0 (compatible; AhrefsBot/5.2; +http://ahrefs.com/robot/)"
123.30.175.147 - - [28/Oct/2018:04:23:31 +0000] "GET /%E1%BB%91p+%C4%91i%E1%BB%87n+tho%E1%BA%A1i+nokia+x6?page=81 HTTP/1.1" 200 4583 "-" "Mozilla/5.0 (compatible; coccocbot-web/1.0; +http://help.coccoc.com/searchengine)"
54.36.148.199 - - [28/Oct/2018:04:23:35 +0000] "GET /thua-thien-hue/thanh-pho-hue/phuong-vy-da HTTP/1.1" 200 2540 "-" "Mozilla/5.0 (compatible; AhrefsBot/5.2; +http://ahrefs.com/robot/)"
54.36.149.81 - - [28/Oct/2018:04:23:36 +0000] "GET /k/Combo+Mic+thu+%C3%A2m+BM+800+v%C3%A0+gi%C3%A1+%C4%91%E1%BB%A1 HTTP/1.1" 200 2585 "-" "Mozilla/5.0 (compatible; AhrefsBot/5.2; +http://ahrefs.com/robot/)"
203.113.152.3 - - [28/Oct/2018:04:23:37 +0000] "GET /k/Nh%C3%A0+m%C3%A1y+Ethanol+Dung+Qu%E1%BA%A5t HTTP/1.1" 200 2554 "-" "Mozilla/5.0 (Windows NT 6.1; WOW64; rv:37.0) Gecko/20100101 Firefox/37.0"
123.30.175.216 - - [28/Oct/2018:04:23:37 +0000] "GET /ip/185.106.208.3 HTTP/1.1" 200 3555 "-" "Mozilla/5.0 (compatible; coccocbot-web/1.0; +http://help.coccoc.com/searchengine)"
31.220.110.247 - - [28/Oct/2018:04:23:39 +0000] "GET /cron/get_dns_record_domain HTTP/1.0" 200 190 "-" "Wget/1.12 (linux-gnu)"
46.229.168.130 - - [28/Oct/2018:04:23:39 +0000] "GET /site/5bb3770c024e1757ba6a24dc/baituljannahcom-at-baituljannah-instagram-photos HTTP/1.1" 200 3753 "-" "Mozilla/5.0 (compatible; SemrushBot/2~bl; +http://www.semrush.com/bot.html)"
123.30.175.216 - - [28/Oct/2018:04:23:39 +0000] "GET /%C4%91i%E1%BB%87n+tho%E1%BA%A1i+nokia+b%C3%A0n+ph%C3%ADm+m%C3%A0n+h%C3%ACnh+l%E1%BB%9Bn?page=18 HTTP/1.1" 200 4758 "-" "Mozilla/5.0 (compatible; coccocbot-web/1.0; +http://help.coccoc.com/searchengine)"
46.229.168.130 - - [28/Oct/2018:04:23:40 +0000] "GET /site/5bb3770c024e1757ba6a24dc/baituljannahcom-at-baituljannah-instagram-photos HTTP/1.1" 200 3755 "-" "Mozilla/5.0 (compatible; SemrushBot/2~bl; +http://www.semrush.com/bot.html)"
31.220.110.247 - - [28/Oct/2018:04:23:40 +0000] "GET /cron/index_elasticsearch HTTP/1.0" 500 6107 "-" "Wget/1.12 (linux-gnu)"
40.77.167.92 - - [28/Oct/2018:04:23:44 +0000] "GET /k/%0A+Eurotransport+Das+Portal+rund+um+die+Nutzfahrzeugbranche%0A+ HTTP/1.1" 200 2566 "-" "Mozilla/5.0 (compatible; bingbot/2.0; +http://www.bing.com/bingbot.htm)"
46.43.69.74 - - [28/Oct/2018:04:23:45 +0000] "GET / HTTP/1.1" 200 4804 "https://cungcap.net/" "Mozilla/5.0 (Windows NT 6.3; WOW64) AppleWebKit/537.36 (KHTML, like Gecko) Chrome/64.0.3282.186 YaBrowser/18.3.1.1232 Yowser/2.5 Safari/537.36"
46.43.69.74 - - [28/Oct/2018:04:23:46 +0000] "GET /login HTTP/1.1" 200 3304 "https://cungcap.net/" "Mozilla/5.0 (Windows NT 6.3; WOW64) AppleWebKit/537.36 (KHTML, like Gecko) Chrome/64.0.3282.186 YaBrowser/18.3.1.1232 Yowser/2.5 Safari/537.36"
46.43.69.74 - - [28/Oct/2018:04:23:46 +0000] "GET /register HTTP/1.1" 200 3377 "https://cungcap.net/login" "Mozilla/5.0 (Windows NT 6.3; WOW64) AppleWebKit/537.36 (KHTML, like Gecko) Chrome/64.0.3282.186 YaBrowser/18.3.1.1232 Yowser/2.5 Safari/537.36"
46.229.168.143 - - [28/Oct/2018:04:23:47 +0000] "GET /ca-mau/huyen-dam-doi/xa-tran-phan/khac?q=%2Fca-mau%2Fhuyen-dam-doi%2Fxa-tran-phan%2Fkhac HTTP/1.1" 200 2537 "-" "Mozilla/5.0 (compatible; SemrushBot/2~bl; +http://www.semrush.com/bot.html)"
46.229.168.147 - - [28/Oct/2018:04:23:53 +0000] "GET /AZ/xocavnd/chanel HTTP/1.1" 200 2498 "-" "Mozilla/5.0 (compatible; SemrushBot/2~bl; +http://www.semrush.com/bot.html)"
46.229.168.141 - - [28/Oct/2018:04:23:55 +0000] "GET /company/1237511-cong-ty-tnhh-mtv-thuong-mai-va-dich-vu-van-tai-xuan-truong HTTP/1.1" 302 339 "-" "Mozilla/5.0 (compatible; SemrushBot/2~bl; +http://www.semrush.com/bot.html)"
46.229.168.136 - - [28/Oct/2018:04:24:00 +0000] "GET /com/1237511/old HTTP/1.1" 200 4798 "-" "Mozilla/5.0 (compatible; SemrushBot/2~bl; +http://www.semrush.com/bot.html)"
46.229.168.132 - - [28/Oct/2018:04:24:02 +0000] "GET /vi/ha-noi/thi-xa-son-tay/phuong-vien-son/dien-tu-nghe-nhin HTTP/1.1" 200 2559 "-" "Mozilla/5.0 (compatible; SemrushBot/2~bl; +http://www.semrush.com/bot.html)"
31.220.110.247 - - [28/Oct/2018:04:24:02 +0000] "GET /cron/import_affiliate HTTP/1.0" 200 2 "-" "Wget/1.12 (linux-gnu)"
123.30.175.147 - - [28/Oct/2018:04:24:05 +0000] "GET /com/5ba9406644ac672c562aa792/old HTTP/1.1" 200 31 "-" "Mozilla/5.0 (compatible; coccocbot-web/1.0; +http://help.coccoc.com/searchengine)"
46.229.168.136 - - [28/Oct/2018:04:24:06 +0000] "GET /vi/chua-ro/chua-ro/may-anh-may-quay HTTP/1.1" 200 2525 "-" "Mozilla/5.0 (compatible; SemrushBot/2~bl; +http://www.semrush.com/bot.html)"
46.229.168.138 - - [28/Oct/2018:04:24:10 +0000] "GET /k/%C4%90%C3%A1m+c%C6%B0%E1%BB%9Bi+chu%E1%BB%99t+Kho+T%C3%A0ng+Truy%E1%BB%87n+C%E1%BB%95+T%C3%ADch+Ch%E1%BB%8Dn+L%E1%BB%8Dc HTTP/1.1" 200 2644 "-" "Mozilla/5.0 (compatible; SemrushBot/2~bl; +http://www.semrush.com/bot.html)"
123.30.175.222 - - [28/Oct/2018:04:24:13 +0000] "GET /com/1273279/old HTTP/1.1" 200 4787 "-" "Mozilla/5.0 (compatible; coccocbot-web/1.0; +http://help.coccoc.com/searchengine)"
123.30.175.218 - - [28/Oct/2018:04:24:14 +0000] "GET /ip/2a01:488:67:1000:253d:cee2::1 HTTP/1.1" 200 3568 "-" "Mozilla/5.0 (compatible; coccocbot-web/1.0; +http://help.coccoc.com/searchengine)"
123.30.175.222 - - [28/Oct/2018:04:24:14 +0000] "GET /com/1244464/old HTTP/1.1" 200 4813 "-" "Mozilla/5.0 (compatible; coccocbot-web/1.0; +http://help.coccoc.com/searchengine)"
46.229.168.129 - - [28/Oct/2018:04:24:15 +0000] "GET /vi/hoa-binh/huyen-luong-son/khu-cong-nghiep-bac-luong-son/cong-nghiep-xay-dung HTTP/1.1" 200 2567 "-" "Mozilla/5.0 (compatible; SemrushBot/2~bl; +http://www.semrush.com/bot.html)"
54.36.148.186 - - [28/Oct/2018:04:24:16 +0000] "GET /k/Como+planejar+viagens+por+conta+pr%C3%B3pria HTTP/1.1" 200 2548 "-" "Mozilla/5.0 (compatible; AhrefsBot/5.2; +http://ahrefs.com/robot/)"
123.30.175.218 - - [28/Oct/2018:04:24:17 +0000] "GET /product/5bd25ea45f37e32c6c0d7b79/6-ao-vay-maika HTTP/1.1" 200 5093 "-" "Mozilla/5.0 (compatible; coccocbot-web/1.0; +http://help.coccoc.com/searchengine)"
40.77.167.92 - - [28/Oct/2018:04:24:18 +0000] "GET /d/risanger.no HTTP/1.1" 301 327 "-" "Mozilla/5.0 (compatible; bingbot/2.0; +http://www.bing.com/bingbot.htm)"
46.229.168.151 - - [28/Oct/2018:04:24:18 +0000] "GET /go/5bab480844ac6765451b14f3/masokocom HTTP/1.1" 200 1901 "-" "Mozilla/5.0 (compatible; SemrushBot/2~bl; +http://www.semrush.com/bot.html)"
123.30.175.218 - - [28/Oct/2018:04:24:19 +0000] "GET /ip/212.19.61.142 HTTP/1.1" 200 3527 "-" "Mozilla/5.0 (compatible; coccocbot-web/1.0; +http://help.coccoc.com/searchengine)"
31.220.110.247 - - [28/Oct/2018:04:24:24 +0000] "GET /cron/craw_note HTTP/1.0" 200 50 "-" "Wget/1.12 (linux-gnu)"
123.30.175.216 - - [28/Oct/2018:04:24:25 +0000] "GET /ip/46.4.64.17 HTTP/1.1" 200 3530 "-" "Mozilla/5.0 (compatible; coccocbot-web/1.0; +http://help.coccoc.com/searchengine)"
40.77.167.92 - - [28/Oct/2018:04:24:29 +0000] "GET /d/shitlicious.com HTTP/1.1" 301 343 "-" "Mozilla/5.0 (compatible; bingbot/2.0; +http://www.bing.com/bingbot.htm)"
123.30.175.222 - - [28/Oct/2018:04:24:35 +0000] "GET /news/2138/old HTTP/1.1" 200 7197 "-" "Mozilla/5.0 (compatible; coccocbot-web/1.0; +http://help.coccoc.com/searchengine)"
54.36.148.230 - - [28/Oct/2018:04:24:36 +0000] "GET /%C4%91i%E1%BB%87n+tho%E1%BA%A1i+nokia+206 HTTP/1.1" 200 8592 "-" "Mozilla/5.0 (compatible; AhrefsBot/5.2; +http://ahrefs.com/robot/)"
123.30.175.222 - - [28/Oct/2018:04:24:37 +0000] "GET /news/3569/old HTTP/1.1" 200 7566 "-" "Mozilla/5.0 (compatible; coccocbot-web/1.0; +http://help.coccoc.com/searchengine)"
123.30.175.145 - - [28/Oct/2018:04:24:37 +0000] "GET /product/5bd31d2f5f37e32e1f4deaa0/free-ship-bo-do-ni-nu-tran-cao-cap-day-dep HTTP/1.1" 200 5504 "-" "Mozilla/5.0 (compatible; coccocbot-web/1.0; +http://help.coccoc.com/searchengine)"
31.220.110.247 - - [28/Oct/2018:04:24:38 +0000] "GET /cron/get_dns_record_domain HTTP/1.0" 200 200 "-" "Wget/1.12 (linux-gnu)"
123.30.175.222 - - [28/Oct/2018:04:24:39 +0000] "GET /com/1250608/old HTTP/1.1" 200 4794 "-" "Mozilla/5.0 (compatible; coccocbot-web/1.0; +http://help.coccoc.com/searchengine)"
123.30.175.145 - - [28/Oct/2018:04:24:39 +0000] "GET /%C4%91i%E1%BB%87n+tho%E1%BA%A1i+nokia+gi%C3%A1+r%E1%BA%BB?page=13 HTTP/1.1" 200 4553 "-" "Mozilla/5.0 (compatible; coccocbot-web/1.0; +http://help.coccoc.com/searchengine)"
31.220.110.247 - - [28/Oct/2018:04:24:41 +0000] "GET /cron/index_elasticsearch HTTP/1.0" 500 6107 "-" "Wget/1.12 (linux-gnu)"
123.30.175.222 - - [28/Oct/2018:04:24:41 +0000] "GET /com/1243247/old HTTP/1.1" 200 4866 "-" "Mozilla/5.0 (compatible; coccocbot-web/1.0; +http://help.coccoc.com/searchengine)"
123.30.175.145 - - [28/Oct/2018:04:24:42 +0000] "GET /product/5bc8acd85f37e31dba09ba5f/usb-bone-8gb-duck-den HTTP/1.1" 200 5033 "-" "Mozilla/5.0 (compatible; coccocbot-web/1.0; +http://help.coccoc.com/searchengine)"
54.36.149.67 - - [28/Oct/2018:04:24:43 +0000] "GET /%C4%91i%E1%BB%87n+tho%E1%BA%A1i+vivo+v9?page=8 HTTP/1.1" 200 4489 "-" "Mozilla/5.0 (compatible; AhrefsBot/5.2; +http://ahrefs.com/robot/)"
123.30.175.222 - - [28/Oct/2018:04:24:43 +0000] "GET /com/1250664/old HTTP/1.1" 200 4798 "-" "Mozilla/5.0 (compatible; coccocbot-web/1.0; +http://help.coccoc.com/searchengine)"
34.213.220.33 - - [28/Oct/2018:04:24:45 +0000] "GET /k/adidas+Originals+Superstar+Sneaker+Urban+Outfitters HTTP/2.0" 200 2537 "https://yandex.com/clck/jsredir?from=yandex.com%3Bimages%2Fsearch%3Bimages%3B%3B&text=&etext=1953.9F5LFvn5SkRmp82HmV6umQspdk3Tyd0jGiuckArDDYQ.42efff6c3d025c1ae474dd601c306411fc057b7e&uuid=&state=tid_Wvm4RM35w_KF6_gYfMtmgS4f5d81OW-g6ZRMBJsI3GF_Hm08bQ,,&data=UlNrNmk5WktYejY4cHFySjRXSWhXTi1YTVRtWWc5TThnaktKWUdDZ1lJS0xiRXR4elJBY3VvYS1JMFAybVJWNDlUUUhkZm1ZTXRBSlFxZF9TTDhqY3puZFBsX3d4U3JURVpzT2YzRkxSMkFLRWJPQjd3dGhfd1JrOEM5bXQ2d185RWYzOVpUQmlwYzQ2d05UWlN1RkdQeWlvQ2wxeloxNFpWYzl1cmtTeFhJR3h3NHBQeUo2QVEsLA,,&sign=bcd71f5489a177b281c81523023b50b7&keyno=0&b64e=2&l10n=en" "Mozilla/5.0 (Macintosh; Intel Mac OS X 10.10; rv:50.0) Gecko/20100101 Firefox/50.0"
54.36.148.128 - - [28/Oct/2018:04:24:46 +0000] "GET /com/1263409/old HTTP/1.1" 200 4771 "-" "Mozilla/5.0 (compatible; AhrefsBot/5.2; +http://ahrefs.com/robot/)"
123.30.175.222 - - [28/Oct/2018:04:24:46 +0000] "GET /com/1282867/old HTTP/1.1" 200 4784 "-" "Mozilla/5.0 (compatible; coccocbot-web/1.0; +http://help.coccoc.com/searchengine)"
123.30.175.144 - - [28/Oct/2018:04:24:47 +0000] "GET /product/5bc8ac9b5f37e31dba09ba3c/boots-size-4-hieu-toy-r-us HTTP/1.1" 200 5220 "-" "Mozilla/5.0 (compatible; coccocbot-web/1.0; +http://help.coccoc.com/searchengine)"
54.36.148.82 - - [28/Oct/2018:04:24:48 +0000] "GET /k/Urban+Dictionary:+Dosing HTTP/1.1" 200 2511 "-" "Mozilla/5.0 (compatible; AhrefsBot/5.2; +http://ahrefs.com/robot/)"
203.113.152.8 - - [28/Oct/2018:04:24:49 +0000] "GET /k/V%E1%BA%ACT+LI%E1%BB%86U+C%C3%81CH+%C3%82M+KARAOKE HTTP/1.1" 200 2569 "-" "Mozilla/5.0 (Windows NT 6.1; WOW64; rv:37.0) Gecko/20100101 Firefox/37.0"
203.113.152.8 - - [28/Oct/2018:04:24:50 +0000] "GET /k/Kh%C3%B3a+Ch%E1%BB%91ng+Tr%E1%BB%99m+Thi%E1%BA%BFt+B%E1%BB%8B+%C4%90%E1%BB%8Bnh+V%E1%BB%8B+Xe+Minh-T HTTP/1.1" 200 2618 "-" "Mozilla/5.0 (Windows NT 6.1; WOW64; rv:37.0) Gecko/20100101 Firefox/37.0"
54.36.148.255 - - [28/Oct/2018:04:24:51 +0000] "GET /keyword/M%C3%80N%2BH%C3%8CNH%2BM%C3%81Y%2BT%C3%8DNH%2BC%C5%A8%2B%E2%80%93%2BDuy%2BH%C6%B0ng%2BComputer HTTP/1.1" 200 2625 "-" "Mozilla/5.0 (compatible; AhrefsBot/5.2; +http://ahrefs.com/robot/)"
46.229.168.136 - - [28/Oct/2018:04:24:55 +0000] "GET /go/5bab07d144ac6740790af91d/cicorgvn HTTP/1.1" 200 1857 "-" "Mozilla/5.0 (compatible; SemrushBot/2~bl; +http://www.semrush.com/bot.html)"
123.30.175.146 - - [28/Oct/2018:04:24:57 +0000] "GET /com/1282703/old HTTP/1.1" 200 4808 "-" "Mozilla/5.0 (compatible; coccocbot-web/1.0; +http://help.coccoc.com/searchengine)"
123.30.175.146 - - [28/Oct/2018:04:25:00 +0000] "GET /com/1251460/old HTTP/1.1" 200 4817 "-" "Mozilla/5.0 (compatible; coccocbot-web/1.0; +http://help.coccoc.com/searchengine)"
54.36.148.90 - - [28/Oct/2018:04:25:02 +0000] "GET /company/1274312-cong-ty-tnhh-xuat-nhap-khau-anma HTTP/1.1" 302 339 "-" "Mozilla/5.0 (compatible; AhrefsBot/5.2; +http://ahrefs.com/robot/)"
31.220.110.247 - - [28/Oct/2018:04:25:02 +0000] "GET /cron/import_affiliate HTTP/1.0" 200 2 "-" "Wget/1.12 (linux-gnu)"
203.113.152.6 - - [28/Oct/2018:04:25:03 +0000] "GET /k/%C4%90%E1%BA%B7t+l%E1%BB%8Bch+th%E1%BB%AD+xe HTTP/1.1" 200 2553 "-" "Mozilla/5.0 (Windows NT 6.1; WOW64; rv:37.0) Gecko/20100101 Firefox/37.0"
54.36.148.190 - - [28/Oct/2018:04:25:04 +0000] "GET /site/5ba559b610a4c82f3a714983/so-sanh-chi-tiet-dien-thoai-oppo-f5-6gb-voi-oppo-f5-thegioididongcom HTTP/1.1" 200 8010 "-" "Mozilla/5.0 (compatible; AhrefsBot/5.2; +http://ahrefs.com/robot/)"
46.229.168.146 - - [28/Oct/2018:04:25:05 +0000] "GET /da-nang/quan-thanh-khe/phuong-thanh-khe-tay?q=%2Fda-nang%2Fquan-thanh-khe%2Fphuong-thanh-khe-tay HTTP/1.1" 200 2532 "-" "Mozilla/5.0 (compatible; SemrushBot/2~bl; +http://www.semrush.com/bot.html)"
192.0.101.249 - - [28/Oct/2018:04:25:06 +0000] "HEAD /video/5bc9d5905f37e35d031d8a2c/full-interview-rayvanny-in-mayotte-18-10-2018 HTTP/1.1" 200 0 "https://cungcap.net/video/5bc9d5905f37e35d031d8a2c/full-interview-rayvanny-in-mayotte-18-10-2018" "WordPress.com; https://cungcaponline.wordpress.com"
192.0.101.249 - - [28/Oct/2018:04:25:08 +0000] "GET /video/5bc9d5905f37e35d031d8a2c/full-interview-rayvanny-in-mayotte-18-10-2018 HTTP/1.1" 200 6774 "https://cungcap.net/video/5bc9d5905f37e35d031d8a2c/full-interview-rayvanny-in-mayotte-18-10-2018" "WordPress.com; https://cungcaponline.wordpress.com"
123.30.175.222 - - [28/Oct/2018:04:25:08 +0000] "GET /com/1263491/old HTTP/1.1" 200 4846 "-" "Mozilla/5.0 (compatible; coccocbot-web/1.0; +http://help.coccoc.com/searchengine)"
123.30.175.222 - - [28/Oct/2018:04:25:10 +0000] "GET /news/5ba9d90444ac672563428b24/old HTTP/1.1" 200 6929 "-" "Mozilla/5.0 (compatible; coccocbot-web/1.0; +http://help.coccoc.com/searchengine)"
66.249.79.227 - - [28/Oct/2018:04:25:10 +0000] "GET /com/1266676/old HTTP/1.1" 200 4777 "-" "Mozilla/5.0 (Linux; Android 6.0.1; Nexus 5X Build/MMB29P) AppleWebKit/537.36 (KHTML, like Gecko) Chrome/41.0.2272.96 Mobile Safari/537.36 (compatible; Googlebot/2.1; +http://www.google.com/bot.html)"
46.229.168.144 - - [28/Oct/2018:04:25:10 +0000] "GET /go/5bab114044ac67460850fecd/laptrinhgamecocos2dxblogspotcom HTTP/1.1" 200 1929 "-" "Mozilla/5.0 (compatible; SemrushBot/2~bl; +http://www.semrush.com/bot.html)"
192.0.101.249 - - [28/Oct/2018:04:25:13 +0000] "HEAD /video/5bc9d5905f37e35d031d8a2c/full-interview-rayvanny-in-mayotte-18-10-2018 HTTP/1.1" 200 0 "https://cungcap.net/video/5bc9d5905f37e35d031d8a2c/full-interview-rayvanny-in-mayotte-18-10-2018" "WordPress.com; https://cungcaponline.wordpress.com"
46.229.168.144 - - [28/Oct/2018:04:25:14 +0000] "GET /k/Formule+1%C2%AE+Belgi%C3%AB+Tickets+The+offici%C3%ABle+F1%C2%AE+Ticket+Store HTTP/1.1" 200 2588 "-" "Mozilla/5.0 (compatible; SemrushBot/2~bl; +http://www.semrush.com/bot.html)"
54.36.149.35 - - [28/Oct/2018:04:25:18 +0000] "GET /company/1228171-cong-ty-tnhh-bach-hoa-cong-nghiep-nguyen-duc-86 HTTP/1.1" 302 339 "-" "Mozilla/5.0 (compatible; AhrefsBot/5.2; +http://ahrefs.com/robot/)"
54.36.149.84 - - [28/Oct/2018:04:25:19 +0000] "GET /la-paz/category/noi-that-ngoai-that_c8591 HTTP/1.1" 200 2526 "-" "Mozilla/5.0 (compatible; AhrefsBot/5.2; +http://ahrefs.com/robot/)"
123.30.175.216 - - [28/Oct/2018:04:25:19 +0000] "GET /c%C3%A1ch+test+%C4%91i%E1%BB%87n+tho%E1%BA%A1i+lg+v20?page=64 HTTP/1.1" 200 4587 "-" "Mozilla/5.0 (compatible; coccocbot-web/1.0; +http://help.coccoc.com/searchengine)"
46.229.168.148 - - [28/Oct/2018:04:25:19 +0000] "GET /vi/thanh-hoa/huyen-quang-xuong/xa-quang-hop/nong-nghiep HTTP/1.1" 200 2548 "-" "Mozilla/5.0 (compatible; SemrushBot/2~bl; +http://www.semrush.com/bot.html)"
123.30.175.221 - - [28/Oct/2018:04:25:23 +0000] "GET /ip/176.9.65.37 HTTP/1.1" 200 3505 "-" "Mozilla/5.0 (compatible; coccocbot-web/1.0; +http://help.coccoc.com/searchengine)"
31.220.110.247 - - [28/Oct/2018:04:25:24 +0000] "GET /cron/craw_note HTTP/1.0" 200 50 "-" "Wget/1.12 (linux-gnu)"
54.36.149.83 - - [28/Oct/2018:04:25:26 +0000] "GET /k/Th%E1%BB%9Bt+ch%E1%BB%AF+nh%E1%BA%ADt+Salle+Ma+%28Xanh+d%C6%B0%C6%A1ng%29 HTTP/1.1" 200 2592 "-" "Mozilla/5.0 (compatible; AhrefsBot/5.2; +http://ahrefs.com/robot/)"
123.30.175.216 - - [28/Oct/2018:04:25:27 +0000] "GET /com/5ba9402944ac672bc5163875/old HTTP/1.1" 200 31 "-" "Mozilla/5.0 (compatible; coccocbot-web/1.0; +http://help.coccoc.com/searchengine)"
40.77.167.92 - - [28/Oct/2018:04:25:30 +0000] "GET /k/kana?q=%2Fk%2Fkana HTTP/1.1" 200 2493 "-" "Mozilla/5.0 (compatible; bingbot/2.0; +http://www.bing.com/bingbot.htm)"
46.229.168.152 - - [28/Oct/2018:04:25:31 +0000] "GET /site/5bb387df024e1778827c50c9/cnn-international-breaking-news-us-news-world HTTP/1.1" 200 5177 "-" "Mozilla/5.0 (compatible; SemrushBot/2~bl; +http://www.semrush.com/bot.html)"
40.77.167.92 - - [28/Oct/2018:04:25:33 +0000] "GET /k/Datos+abiertos HTTP/1.1" 200 2503 "-" "Mozilla/5.0 (compatible; bingbot/2.0; +http://www.bing.com/bingbot.htm)"
46.229.168.132 - - [28/Oct/2018:04:25:33 +0000] "GET /company/1277837-cong-ty-tnhh-tu-van-thiet-ke-va-xay-dung-nha-ha-noi HTTP/1.1" 302 339 "-" "Mozilla/5.0 (compatible; SemrushBot/2~bl; +http://www.semrush.com/bot.html)"
66.249.79.225 - - [28/Oct/2018:04:25:35 +0000] "GET /com/1293569/old HTTP/1.1" 200 4782 "-" "Mozilla/5.0 (Linux; Android 6.0.1; Nexus 5X Build/MMB29P) AppleWebKit/537.36 (KHTML, like Gecko) Chrome/41.0.2272.96 Mobile Safari/537.36 (compatible; Googlebot/2.1; +http://www.google.com/bot.html)"
40.77.167.92 - - [28/Oct/2018:04:25:35 +0000] "GET /k/Descargar+Apps+para+iPhone+-+PortalProgramas HTTP/1.1" 200 2540 "-" "Mozilla/5.0 (iPhone; CPU iPhone OS 7_0 like Mac OS X) AppleWebKit/537.51.1 (KHTML, like Gecko) Version/7.0 Mobile/11A465 Safari/9537.53 (compatible; bingbot/2.0; +http://www.bing.com/bingbot.htm)"
46.229.168.137 - - [28/Oct/2018:04:25:38 +0000] "GET /com/1277837/old HTTP/1.1" 200 4880 "-" "Mozilla/5.0 (compatible; SemrushBot/2~bl; +http://www.semrush.com/bot.html)"
54.36.149.66 - - [28/Oct/2018:04:25:40 +0000] "GET /k/Gi%C3%A1o+Tr%C3%ACnh+Th%E1%BB%B1c+H%C3%A0nh+Microsoft+Word+D%C3%B9ng+Cho+C%C3%A1c+Phi%C3%AAn+B%E1%BA%A3n HTTP/1.1" 200 2633 "-" "Mozilla/5.0 (compatible; AhrefsBot/5.2; +http://ahrefs.com/robot/)"
46.229.168.145 - - [28/Oct/2018:04:25:41 +0000] "GET /vi/tp-ho-chi-minh/quan-1/phuong-da-kao/hoat-dong-tu-van-quan-ly HTTP/1.1" 200 2567 "-" "Mozilla/5.0 (compatible; SemrushBot/2~bl; +http://www.semrush.com/bot.html)"
31.220.110.247 - - [28/Oct/2018:04:25:41 +0000] "GET /cron/get_dns_record_domain HTTP/1.0" 200 184 "-" "Wget/1.12 (linux-gnu)"
31.220.110.247 - - [28/Oct/2018:04:25:42 +0000] "GET /cron/index_elasticsearch HTTP/1.0" 500 6107 "-" "Wget/1.12 (linux-gnu)"
66.249.79.225 - - [28/Oct/2018:04:25:44 +0000] "GET /ip/124.227.191.229 HTTP/1.1" 200 3507 "-" "Mozilla/5.0 (compatible; Googlebot/2.1; +http://www.google.com/bot.html)"
123.30.175.221 - - [28/Oct/2018:04:25:45 +0000] "GET /com/5ba943ec44ac672c562aba29/old HTTP/1.1" 200 31 "-" "Mozilla/5.0 (compatible; coccocbot-web/1.0; +http://help.coccoc.com/searchengine)"
203.113.152.3 - - [28/Oct/2018:04:25:46 +0000] "GET /k/M%C3%A1y+l%E1%BB%8Dc+n%C6%B0%E1%BB%9Bc+RO+Karofi HTTP/1.1" 200 2567 "-" "Mozilla/5.0 (Windows NT 6.1; WOW64; rv:37.0) Gecko/20100101 Firefox/37.0"
123.30.175.221 - - [28/Oct/2018:04:25:46 +0000] "GET /com/1288989/old HTTP/1.1" 200 4807 "-" "Mozilla/5.0 (compatible; coccocbot-web/1.0; +http://help.coccoc.com/searchengine)"
46.229.168.146 - - [28/Oct/2018:04:25:47 +0000] "GET /ip/104.16.152.214 HTTP/1.1" 200 3510 "-" "Mozilla/5.0 (compatible; SemrushBot/2~bl; +http://www.semrush.com/bot.html)"
46.229.168.146 - - [28/Oct/2018:04:25:48 +0000] "GET /ip/104.16.152.214 HTTP/1.1" 200 3505 "-" "Mozilla/5.0 (compatible; SemrushBot/2~bl; +http://www.semrush.com/bot.html)"
123.30.175.217 - - [28/Oct/2018:04:25:53 +0000] "GET /product/5bd2d5ef5f37e34fab2ba06f/hang-chinh-hang-tay-da-chet-lam-tuoi-mat-da-duong-da-mem-min-chiet-xuat-qua-mo-stives-fresh-skin HTTP/1.1" 200 5711 "-" "Mozilla/5.0 (compatible; coccocbot-web/1.0; +http://help.coccoc.com/searchengine)"
46.229.168.143 - - [28/Oct/2018:04:25:55 +0000] "GET /vi/an-giang/huyen-chau-thanh/xa-can-dang/cong-nghiep-xay-dung HTTP/1.1" 200 2559 "-" "Mozilla/5.0 (compatible; SemrushBot/2~bl; +http://www.semrush.com/bot.html)"
203.113.152.6 - - [28/Oct/2018:04:25:57 +0000] "GET /k/Gi%E1%BB%9Bi+thi%E1%BB%87u+v%E1%BB%81+SBLAW HTTP/1.1" 200 2548 "-" "Mozilla/5.0 (Windows NT 6.1; WOW64; rv:37.0) Gecko/20100101 Firefox/37.0"
46.229.168.154 - - [28/Oct/2018:04:26:00 +0000] "GET /lam-dong/thanh-pho-bao-loc/xa-dambri HTTP/1.1" 200 2536 "-" "Mozilla/5.0 (compatible; SemrushBot/2~bl; +http://www.semrush.com/bot.html)"
54.36.148.152 - - [28/Oct/2018:04:26:01 +0000] "GET /k/S%C3%A1o+Dizi+Vines+DZ1+ch%C3%ADnh+h%C3%A3ng+gi%C3%A1+t%E1%BB%91t+Tiki.vn HTTP/1.1" 200 2595 "-" "Mozilla/5.0 (compatible; AhrefsBot/5.2; +http://ahrefs.com/robot/)"
40.77.167.92 - - [28/Oct/2018:04:26:02 +0000] "GET /k/Balam.Az+-+chat+tanisliq+Seviyyeli+chat+medeni+chat+Dini+chat+Medeni+Exlaqli+En+Yaxsi+Tanisliq+Azeri+Sayt+Chat HTTP/1.1" 200 2612 "-" "Mozilla/5.0 (compatible; bingbot/2.0; +http://www.bing.com/bingbot.htm)"
31.220.110.247 - - [28/Oct/2018:04:26:03 +0000] "GET /cron/import_affiliate HTTP/1.0" 200 2 "-" "Wget/1.12 (linux-gnu)"
40.77.167.92 - - [28/Oct/2018:04:26:03 +0000] "GET /k/%D0%92+%D1%82%D0%B5%D0%BD%D0%B8+%D0%B1%D0%B0%D0%BD%D1%8C%D1%8F%D0%BD%D0%B0+-+K%E1%BA%BFt+qu%E1%BA%A3+T%C3%ACm+ki%E1%BA%BFm+S%C3%A1ch+c%E1%BB%A7a+Google HTTP/1.1" 200 2671 "-" "Mozilla/5.0 (compatible; bingbot/2.0; +http://www.bing.com/bingbot.htm)"
123.30.175.219 - - [28/Oct/2018:04:26:04 +0000] "GET /com/5ba9455644ac6749464feb5a/old HTTP/1.1" 200 31 "-" "Mozilla/5.0 (compatible; coccocbot-web/1.0; +http://help.coccoc.com/searchengine)"
46.229.168.154 - - [28/Oct/2018:04:26:06 +0000] "GET /vi/tuyen-quang/huyen-yen-son/xa-an-tuong/dien-thoai HTTP/1.1" 200 2544 "-" "Mozilla/5.0 (compatible; SemrushBot/2~bl; +http://www.semrush.com/bot.html)"
46.229.168.150 - - [28/Oct/2018:04:26:08 +0000] "GET /go/5bab086b44ac6740104a615a/hometogodk HTTP/1.1" 200 1903 "-" "Mozilla/5.0 (compatible; SemrushBot/2~bl; +http://www.semrush.com/bot.html)"
203.113.152.6 - - [28/Oct/2018:04:26:11 +0000] "GET /k/Nissan+Vi%E1%BB%87t+Nam+-+Trang+ch%E1%BB%A7+ch%C3%ADnh+th%E1%BB%A9c+c%E1%BB%A7a+c%C3%B4ng+ty+TNHH+Nissan+Vi%E1%BB%87t+Nam. HTTP/1.1" 200 2625 "-" "Mozilla/5.0 (Windows NT 6.1; WOW64; rv:37.0) Gecko/20100101 Firefox/37.0"
46.229.168.144 - - [28/Oct/2018:04:26:12 +0000] "GET /GA/nyanga/category/giai-tri-phim-nhac-game_c8603 HTTP/1.1" 200 2542 "-" "Mozilla/5.0 (compatible; SemrushBot/2~bl; +http://www.semrush.com/bot.html)"
203.113.152.6 - - [28/Oct/2018:04:26:12 +0000] "GET /k/Gia%CC%89ng+vi%C3%AAn HTTP/1.1" 200 2525 "-" "Mozilla/5.0 (Windows NT 6.1; WOW64; rv:37.0) Gecko/20100101 Firefox/37.0"
40.77.167.92 - - [28/Oct/2018:04:26:13 +0000] "GET /k/8+VLC+Media+Player HTTP/1.1" 200 2514 "-" "Mozilla/5.0 (compatible; bingbot/2.0; +http://www.bing.com/bingbot.htm)"
46.229.168.150 - - [28/Oct/2018:04:26:14 +0000] "GET /vi/binh-duong/thi-xa-tan-uyen/phuong-tan-hiep/noi-that-ngoai-that HTTP/1.1" 200 2561 "-" "Mozilla/5.0 (compatible; SemrushBot/2~bl; +http://www.semrush.com/bot.html)"
46.229.168.152 - - [28/Oct/2018:04:26:18 +0000] "GET /go/5bab0c0944ac674427344b30/letscollectcom HTTP/1.1" 200 1881 "-" "Mozilla/5.0 (compatible; SemrushBot/2~bl; +http://www.semrush.com/bot.html)"
54.36.148.83 - - [28/Oct/2018:04:26:24 +0000] "GET /k/Feest+in+de+Gentse+musea+Expo+BILL HTTP/1.1" 200 2539 "-" "Mozilla/5.0 (compatible; AhrefsBot/5.2; +http://ahrefs.com/robot/)"
46.229.168.154 - - [28/Oct/2018:04:26:28 +0000] "GET /com/1294045/old HTTP/1.1" 200 4752 "-" "Mozilla/5.0 (compatible; SemrushBot/2~bl; +http://www.semrush.com/bot.html)"
123.30.175.144 - - [28/Oct/2018:04:26:28 +0000] "GET /com/5ba944de44ac672c562ac3fd/old HTTP/1.1" 200 31 "-" "Mozilla/5.0 (compatible; coccocbot-web/1.0; +http://help.coccoc.com/searchengine)"
31.220.110.247 - - [28/Oct/2018:04:26:28 +0000] "GET /cron/craw_note HTTP/1.0" 200 50 "-" "Wget/1.12 (linux-gnu)"
46.229.168.129 - - [28/Oct/2018:04:26:32 +0000] "GET /vi/quang-binh/huyen-le-thuy/xa-van-thuy/noi-that-ngoai-that HTTP/1.1" 200 2554 "-" "Mozilla/5.0 (compatible; SemrushBot/2~bl; +http://www.semrush.com/bot.html)"
46.229.168.134 - - [28/Oct/2018:04:26:35 +0000] "GET /k/N%C6%A1i+mua+m%C3%A1y+m%C3%A0i+c%E1%BA%A7m+tay+hitachi+ch%C3%ADnh+h%C3%A3ng+ch%E1%BA%A5t+l%C6%B0%E1%BB%A3ng+gi%C3%A1+r%E1%BA%BB+nh%E1%BA%A5t+... HTTP/1.1" 200 2664 "-" "Mozilla/5.0 (compatible; SemrushBot/2~bl; +http://www.semrush.com/bot.html)"
95.108.213.27 - - [28/Oct/2018:04:26:36 +0000] "GET /k/BDTWATCH+%C4%90%E1%BB%92NG+H%E1%BB%92+CH%C3%8DNH+H%C3%83NG+GI%C3%81+T%E1%BB%90T HTTP/1.1" 200 2607 "-" "Mozilla/5.0 (compatible; YandexBot/3.0; +http://yandex.com/bots)"
46.229.168.135 - - [28/Oct/2018:04:26:37 +0000] "GET /vi/tp-ho-chi-minh/huyen-can-gio/dien-thoai HTTP/1.1" 200 2540 "-" "Mozilla/5.0 (compatible; SemrushBot/2~bl; +http://www.semrush.com/bot.html)"
123.30.175.216 - - [28/Oct/2018:04:26:39 +0000] "GET /com/1256438/old HTTP/1.1" 200 4777 "-" "Mozilla/5.0 (compatible; coccocbot-web/1.0; +http://help.coccoc.com/searchengine)"
46.229.168.145 - - [28/Oct/2018:04:26:41 +0000] "GET /ha-noi/quan-long-bien/phuong-duc-giang/hoa-qua-tang?q=%2Fha-noi%2Fquan-long-bien%2Fphuong-duc-giang%2Fhoa-qua-tang HTTP/1.1" 200 2550 "-" "Mozilla/5.0 (compatible; SemrushBot/2~bl; +http://www.semrush.com/bot.html)"
123.30.175.216 - - [28/Oct/2018:04:26:41 +0000] "GET /com/1291957/old HTTP/1.1" 200 4782 "-" "Mozilla/5.0 (compatible; coccocbot-web/1.0; +http://help.coccoc.com/searchengine)"
31.220.110.247 - - [28/Oct/2018:04:26:42 +0000] "GET /cron/index_elasticsearch HTTP/1.0" 500 6107 "-" "Wget/1.12 (linux-gnu)"
31.220.110.247 - - [28/Oct/2018:04:26:43 +0000] "GET /cron/get_dns_record_domain HTTP/1.0" 200 195 "-" "Wget/1.12 (linux-gnu)"
203.113.152.5 - - [28/Oct/2018:04:26:43 +0000] "GET /k/H%C6%B0%E1%BB%9Bng+d%E1%BA%ABn+ch%E1%BB%8Dn+s%E1%BA%A3n+ph%E1%BA%A9m HTTP/1.1" 200 2585 "-" "Mozilla/5.0 (Windows NT 6.1; WOW64; rv:37.0) Gecko/20100101 Firefox/37.0"
123.30.175.216 - - [28/Oct/2018:04:26:44 +0000] "GET /com/1294176/old HTTP/1.1" 200 4821 "-" "Mozilla/5.0 (compatible; coccocbot-web/1.0; +http://help.coccoc.com/searchengine)"
46.229.168.153 - - [28/Oct/2018:04:26:46 +0000] "GET /product/5bc4fee810a4c82e1f6de230/phan-phu-canmake-tone-pl HTTP/1.1" 200 5155 "-" "Mozilla/5.0 (compatible; SemrushBot/2~bl; +http://www.semrush.com/bot.html)"
46.229.168.135 - - [28/Oct/2018:04:26:48 +0000] "GET /k/%C4%90%E1%BB%83+Vi%E1%BA%BFt+Ph%C3%B3ng+S%E1%BB%B1+Th%C3%A0nh+C%C3%B4ng HTTP/1.1" 200 2588 "-" "Mozilla/5.0 (compatible; SemrushBot/2~bl; +http://www.semrush.com/bot.html)"
95.108.181.68 - - [28/Oct/2018:04:26:49 +0000] "GET /k/Word+Count HTTP/1.1" 200 2503 "-" "Mozilla/5.0 (compatible; YandexBot/3.0; +http://yandex.com/bots)"
46.229.168.152 - - [28/Oct/2018:04:26:51 +0000] "GET /vi/quang-ninh/thanh-pho-ha-long/xa-viet-hung/thoi-trang HTTP/1.1" 200 2551 "-" "Mozilla/5.0 (compatible; SemrushBot/2~bl; +http://www.semrush.com/bot.html)"
46.229.168.152 - - [28/Oct/2018:04:26:54 +0000] "GET /go/5bc4d8b410a4c81c5922b1a2/serum-drops-of-youth-50ml HTTP/1.1" 200 1938 "-" "Mozilla/5.0 (compatible; SemrushBot/2~bl; +http://www.semrush.com/bot.html)"
123.30.175.147 - - [28/Oct/2018:04:26:54 +0000] "GET /com/1237340/old HTTP/1.1" 200 4819 "-" "Mozilla/5.0 (compatible; coccocbot-web/1.0; +http://help.coccoc.com/searchengine)"
46.229.168.132 - - [28/Oct/2018:04:27:00 +0000] "GET /thai-binh/category/quan-ao-giay-dep-my-pham_c8588?q=%2Fthai-binh%2Fcategory%2Fquan-ao-giay-dep-my-pham_c8588 HTTP/1.1" 200 2548 "-" "Mozilla/5.0 (compatible; SemrushBot/2~bl; +http://www.semrush.com/bot.html)"
31.220.110.247 - - [28/Oct/2018:04:27:02 +0000] "GET /cron/craw_info_domain HTTP/1.0" 504 160 "-" "Wget/1.12 (linux-gnu)"
31.220.110.247 - - [28/Oct/2018:04:27:03 +0000] "GET /cron/import_affiliate HTTP/1.0" 200 2 "-" "Wget/1.12 (linux-gnu)"
46.229.168.145 - - [28/Oct/2018:04:27:04 +0000] "GET /ninh-binh/thanh-pho-tam-diep/phuong-tan-binh HTTP/1.1" 200 2543 "-" "Mozilla/5.0 (compatible; SemrushBot/2~bl; +http://www.semrush.com/bot.html)"
46.229.168.143 - - [28/Oct/2018:04:27:10 +0000] "GET /PH/pasay/category/du-lich_c8592 HTTP/1.1" 200 2516 "-" "Mozilla/5.0 (compatible; SemrushBot/2~bl; +http://www.semrush.com/bot.html)"
123.30.175.216 - - [28/Oct/2018:04:27:13 +0000] "GET /ip/61.78.36.57 HTTP/1.1" 200 3504 "-" "Mozilla/5.0 (compatible; coccocbot-web/1.0; +http://help.coccoc.com/searchengine)"
46.229.168.154 - - [28/Oct/2018:04:27:13 +0000] "GET /company/1276017-cong-ty-tnhh-mot-thanh-vien-don-don HTTP/1.1" 302 339 "-" "Mozilla/5.0 (compatible; SemrushBot/2~bl; +http://www.semrush.com/bot.html)"
