31.220.110.247 - - [28/Oct/2018:04:04:40 +0000] "GET /cron/index_elasticsearch HTTP/1.0" 500 6107 "-" "Wget/1.12 (linux-gnu)"
46.229.168.152 - - [28/Oct/2018:04:04:40 +0000] "GET /site/5bb2f661024e17799d28c19b/son-trungblogspotcom-sontrungs-blog-son-trung?page=8 HTTP/1.1" 200 5134 "-" "Mozilla/5.0 (compatible; SemrushBot/2~bl; +http://www.semrush.com/bot.html)"
123.30.175.147 - - [28/Oct/2018:04:04:40 +0000] "GET /com/1271093/old HTTP/1.1" 200 4787 "-" "Mozilla/5.0 (compatible; coccocbot-web/1.0; +http://help.coccoc.com/searchengine)"
123.30.175.147 - - [28/Oct/2018:04:04:41 +0000] "GET /com/1245123/old HTTP/1.1" 200 4799 "-" "Mozilla/5.0 (compatible; coccocbot-web/1.0; +http://help.coccoc.com/searchengine)"
203.113.152.3 - - [28/Oct/2018:04:04:43 +0000] "GET /k/M%E1%BA%ABu+s%C3%A0n+%C4%91%C3%A1+trong+cabin HTTP/1.1" 200 2559 "-" "Mozilla/5.0 (Windows NT 6.1; WOW64; rv:37.0) Gecko/20100101 Firefox/37.0"
31.220.110.247 - - [28/Oct/2018:04:04:44 +0000] "GET /cron/get_dns_record_domain HTTP/1.0" 200 170 "-" "Wget/1.12 (linux-gnu)"
31.220.110.247 - - [28/Oct/2018:04:04:44 +0000] "GET /rss_video HTTP/1.1" 200 3283 "https://cungcap.net/rss_video" "Mozilla/5.0 (Windows NT 6.1; Win64; x64) AppleWebKit/537.36 (KHTML, like Gecko) Chrome/69.0.3497.100 Safari/537.36"
148.64.56.66 - - [28/Oct/2018:04:04:47 +0000] "GET / HTTP/1.1" 200 4406 "-" "Mozilla/5.0 (compatible; GrapeshotCrawler/2.0; +http://www.grapeshot.co.uk/crawler.php)"
203.113.152.3 - - [28/Oct/2018:04:04:52 +0000] "GET /k/On+the+Farm HTTP/1.1" 200 2507 "-" "Mozilla/5.0 (Windows NT 6.1; WOW64; rv:37.0) Gecko/20100101 Firefox/37.0"
203.113.152.3 - - [28/Oct/2018:04:04:52 +0000] "GET /k/SEOUL+KOREA+Spa+Y+Khoa+chuy%C3%AAn+v%E1%BB%81+%C4%91i%E1%BB%81u+tr%E1%BB%8B+da+c%C3%B4ng+ngh%E1%BB%87+cao+-+Phun+x%C4%83m+th%E1%BA%A9m+m%E1%BB%B9+-%0A+B%E1%BA%A5m+huy%E1%BB%87t+th%E1%BA%ADp+ch%E1%BB%89+%C4%91%E1%BA%A1o+nam+n%E1%BB%AF HTTP/1.1" 200 2763 "-" "Mozilla/5.0 (Windows NT 6.1; WOW64; rv:37.0) Gecko/20100101 Firefox/37.0"
123.30.175.144 - - [28/Oct/2018:04:04:55 +0000] "GET /ip/83.167.234.197 HTTP/1.1" 200 3544 "-" "Mozilla/5.0 (compatible; coccocbot-web/1.0; +http://help.coccoc.com/searchengine)"
203.113.152.4 - - [28/Oct/2018:04:04:55 +0000] "GET /k/%0ADa+%C4%91%E1%BA%B9p+d%C3%A1ng+xinh%0A HTTP/1.1" 200 2552 "-" "Mozilla/5.0 (Windows NT 6.1; WOW64; rv:37.0) Gecko/20100101 Firefox/37.0"
203.113.152.3 - - [28/Oct/2018:04:04:57 +0000] "GET /k/V%E1%BB%80+CH%C3%9ANG+T%C3%94I HTTP/1.1" 200 2542 "-" "Mozilla/5.0 (Windows NT 6.1; WOW64; rv:37.0) Gecko/20100101 Firefox/37.0"
46.229.168.147 - - [28/Oct/2018:04:04:57 +0000] "GET /company/1273791-cong-ty-tnhh-nam-ha-tien HTTP/1.1" 302 339 "-" "Mozilla/5.0 (compatible; SemrushBot/2~bl; +http://www.semrush.com/bot.html)"
46.229.168.130 - - [28/Oct/2018:04:05:01 +0000] "GET /com/1273791/old HTTP/1.1" 200 4761 "-" "Mozilla/5.0 (compatible; SemrushBot/2~bl; +http://www.semrush.com/bot.html)"
31.220.110.247 - - [28/Oct/2018:04:05:02 +0000] "GET /cron/import_affiliate HTTP/1.0" 200 529 "-" "Wget/1.12 (linux-gnu)"
123.30.175.220 - - [28/Oct/2018:04:05:03 +0000] "GET /product/5bd2fd4f5f37e37e2e4d23aa/giay-sandal-3-quai-roi-co-vit-xam-lt-35 HTTP/1.1" 200 5219 "-" "Mozilla/5.0 (compatible; coccocbot-web/1.0; +http://help.coccoc.com/searchengine)"
46.229.168.150 - - [28/Oct/2018:04:05:04 +0000] "GET /vi/hai-duong/huyen-thanh-ha/xa-hong-lac HTTP/1.1" 200 2535 "-" "Mozilla/5.0 (compatible; SemrushBot/2~bl; +http://www.semrush.com/bot.html)"
31.220.110.247 - - [28/Oct/2018:04:05:04 +0000] "GET /cron/craw_note HTTP/1.0" 200 61 "-" "Wget/1.12 (linux-gnu)"
123.30.175.220 - - [28/Oct/2018:04:05:06 +0000] "GET /product/5bd31d2f5f37e32e1f4dea9b/free-ship-99k-giao-tai-hn-hcmquan-mac-trong-vay-bau-thanh-ly-gia-re HTTP/1.1" 200 5344 "-" "Mozilla/5.0 (compatible; coccocbot-web/1.0; +http://help.coccoc.com/searchengine)"
203.113.152.5 - - [28/Oct/2018:04:05:06 +0000] "GET /k/S%C3%A1ch+T%C3%A0i+Li%E1%BB%87u HTTP/1.1" 200 2538 "-" "Mozilla/5.0 (Windows NT 6.1; WOW64; rv:37.0) Gecko/20100101 Firefox/37.0"
46.229.168.143 - - [28/Oct/2018:04:05:07 +0000] "GET /dong-nai/huyen-cam-my/xa-bao-binh?q=%2Fdong-nai%2Fhuyen-cam-my%2Fxa-bao-binh HTTP/1.1" 200 2534 "-" "Mozilla/5.0 (compatible; SemrushBot/2~bl; +http://www.semrush.com/bot.html)"
123.30.175.220 - - [28/Oct/2018:04:05:08 +0000] "GET /ip/138.201.199.208 HTTP/1.1" 200 3562 "-" "Mozilla/5.0 (compatible; coccocbot-web/1.0; +http://help.coccoc.com/searchengine)"
46.229.168.141 - - [28/Oct/2018:04:05:11 +0000] "GET /k/Xe+t%E1%BA%ADp+%C4%91i+tr%C3%B2n+c%C3%B3+tay+%C4%91%E1%BA%A9y HTTP/1.1" 200 2574 "-" "Mozilla/5.0 (compatible; SemrushBot/2~bl; +http://www.semrush.com/bot.html)"
54.36.148.145 - - [28/Oct/2018:04:05:23 +0000] "GET /k/CH%E1%BB%A8NG+CH%E1%BB%88+X%C3%82Y+D%E1%BB%B0NG+%C4%90%E1%BA%A4U+TH%E1%BA%A6U+GI%C3%81M+S%C3%81T+QU%E1%BA%A2N+L%C3%9D+D%E1%BB%B0+%C3%81N HTTP/1.1" 200 2663 "-" "Mozilla/5.0 (compatible; AhrefsBot/5.2; +http://ahrefs.com/robot/)"
123.30.175.144 - - [28/Oct/2018:04:05:26 +0000] "GET /%C4%91i%E1%BB%87n+tho%E1%BA%A1i+lumia+520+s%E1%BA%A1c+kh%C3%B4ng+v%C3%A0o+pin?page=131 HTTP/1.1" 200 4752 "-" "Mozilla/5.0 (compatible; coccocbot-web/1.0; +http://help.coccoc.com/searchengine)"
123.30.175.145 - - [28/Oct/2018:04:05:26 +0000] "GET /news/1121/old HTTP/1.1" 200 8069 "-" "Mozilla/5.0 (compatible; coccocbot-web/1.0; +http://help.coccoc.com/searchengine)"
123.30.175.144 - - [28/Oct/2018:04:05:27 +0000] "GET /v%E1%BB%8F+%C4%91i%E1%BB%87n+tho%E1%BA%A1i+nokia+6020?page=8 HTTP/1.1" 200 4421 "-" "Mozilla/5.0 (compatible; coccocbot-web/1.0; +http://help.coccoc.com/searchengine)"
72.14.199.225 - - [28/Oct/2018:04:05:28 +0000] "GET /video/5bc9e3255f37e370ae586194/welcome-to-tajikistan HTTP/1.1" 200 6967 "-" "Mozilla/5.0 (Macintosh; Intel Mac OS X 10_8_4) AppleWebKit/537.36 (KHTML, like Gecko) Chrome/28.0.1500.71 Safari/537.36"
72.14.199.225 - - [28/Oct/2018:04:05:29 +0000] "GET /video/5bc9e3255f37e370ae586194/welcome-to-tajikistan HTTP/1.1" 200 6968 "-" "Mozilla/5.0 (Macintosh; Intel Mac OS X 10_8_4) AppleWebKit/537.36 (KHTML, like Gecko) Chrome/28.0.1500.71 Safari/537.36"
46.229.168.129 - - [28/Oct/2018:04:05:31 +0000] "GET /k/B%E1%BA%A3ng+gi%C3%A1+v%E1%BA%BD+tranh+t%C6%B0%E1%BB%9Dng+%C3%A1p+d%E1%BB%A5ng+cho+02+th%C3%A0nh+ph%E1%BB%91+l%E1%BB%9Bn+M%E1%BB%B9 HTTP/1.1" 200 2657 "-" "Mozilla/5.0 (compatible; SemrushBot/2~bl; +http://www.semrush.com/bot.html)"
46.229.168.132 - - [28/Oct/2018:04:05:34 +0000] "GET /company/1264727-cong-ty-tnhh-ren-dap-diem-thuy HTTP/1.1" 302 339 "-" "Mozilla/5.0 (compatible; SemrushBot/2~bl; +http://www.semrush.com/bot.html)"
54.36.148.228 - - [28/Oct/2018:04:05:35 +0000] "GET /k/%D0%9B%D0%B0%D0%B7%D0%B5%D1%80%D0%BD%D1%8B%D0%B9+%D0%B4%D0%B0%D0%BB%D1%8C%D0%BD%D0%BE%D0%BC%D0%B5%D1%80+%28%D0%BB%D0%B0%D0%B7%D0%B5%D1%80%D0%BD%D0%B0%D1%8F+%D1%80%D1%83%D0%BB%D0%B5%D1%82%D0%BA%D0%B0%29+SNDWAY+SW-T40+-+YouTube HTTP/1.1" 200 2709 "-" "Mozilla/5.0 (compatible; AhrefsBot/5.2; +http://ahrefs.com/robot/)"
192.0.118.108 - - [28/Oct/2018:04:05:37 +0000] "HEAD /video/5bc9d5935f37e35d031d8a2e/3-minutes-a-mayotte HTTP/1.1" 200 0 "https://cungcap.net/video/5bc9d5935f37e35d031d8a2e/3-minutes-a-mayotte" "WordPress.com; https://cungcaponline.wordpress.com"
123.30.175.144 - - [28/Oct/2018:04:05:37 +0000] "GET /com/5ba944a244ac672c6619312b/old HTTP/1.1" 200 31 "-" "Mozilla/5.0 (compatible; coccocbot-web/1.0; +http://help.coccoc.com/searchengine)"
46.229.168.153 - - [28/Oct/2018:04:05:38 +0000] "GET /com/1264727/old HTTP/1.1" 200 4798 "-" "Mozilla/5.0 (compatible; SemrushBot/2~bl; +http://www.semrush.com/bot.html)"
192.0.118.108 - - [28/Oct/2018:04:05:39 +0000] "GET /video/5bc9d5935f37e35d031d8a2e/3-minutes-a-mayotte HTTP/1.1" 200 7095 "https://cungcap.net/video/5bc9d5935f37e35d031d8a2e/3-minutes-a-mayotte" "WordPress.com; https://cungcaponline.wordpress.com"
31.220.110.247 - - [28/Oct/2018:04:05:40 +0000] "GET /cron/index_elasticsearch HTTP/1.0" 500 6107 "-" "Wget/1.12 (linux-gnu)"
123.30.175.144 - - [28/Oct/2018:04:05:40 +0000] "GET /com/5ba944a044ac672c66192f49/old HTTP/1.1" 200 31 "-" "Mozilla/5.0 (compatible; coccocbot-web/1.0; +http://help.coccoc.com/searchengine)"
46.229.168.143 - - [28/Oct/2018:04:05:42 +0000] "GET /vi/tp-ho-chi-minh/quan-9/phuong-tan-phu HTTP/1.1" 200 2538 "-" "Mozilla/5.0 (compatible; SemrushBot/2~bl; +http://www.semrush.com/bot.html)"
203.113.152.3 - - [28/Oct/2018:04:05:42 +0000] "GET /k/T%C3%94N+C%C3%81CH+NHI%E1%BB%86T+PH%C6%AF%C6%A0NG+NAM%0APANEL+PIR+-+S%E1%BA%A2N+XU%E1%BA%A4T+THEO+TI%C3%8AU+CHU%E1%BA%A8N+CH%C3%82U+%C3%82U HTTP/1.1" 200 2698 "-" "Mozilla/5.0 (Windows NT 6.1; WOW64; rv:37.0) Gecko/20100101 Firefox/37.0"
192.0.118.108 - - [28/Oct/2018:04:05:43 +0000] "HEAD /video/5bc9d5935f37e35d031d8a2e/3-minutes-a-mayotte HTTP/1.1" 200 0 "https://cungcap.net/video/5bc9d5935f37e35d031d8a2e/3-minutes-a-mayotte" "WordPress.com; https://cungcaponline.wordpress.com"
31.220.110.247 - - [28/Oct/2018:04:05:44 +0000] "GET /cron/get_dns_record_domain HTTP/1.0" 200 238 "-" "Wget/1.12 (linux-gnu)"
103.226.143.26 - - [28/Oct/2018:04:05:45 +0000] "GET / HTTP/1.1" 200 4802 "https://cungcap.net/" "Mozilla/5.0 (Windows NT 6.3; Win64; x64) AppleWebKit/537.36 (KHTML, like Gecko) Chrome/66.0.3359.139 Safari/537.36"
103.226.143.26 - - [28/Oct/2018:04:05:45 +0000] "GET /login HTTP/1.1" 200 3305 "https://cungcap.net/" "Mozilla/5.0 (Windows NT 6.3; Win64; x64) AppleWebKit/537.36 (KHTML, like Gecko) Chrome/66.0.3359.139 Safari/537.36"
103.226.143.26 - - [28/Oct/2018:04:05:46 +0000] "GET /register HTTP/1.1" 200 3378 "https://cungcap.net/login" "Mozilla/5.0 (Windows NT 6.3; Win64; x64) AppleWebKit/537.36 (KHTML, like Gecko) Chrome/66.0.3359.139 Safari/537.36"
192.0.89.239 - - [28/Oct/2018:04:05:46 +0000] "GET /video/5bc9d5935f37e35d031d8a2e/3-minutes-a-mayotte/a/p HTTP/1.1" 200 2549 "https://cungcap.net/video/5bc9d5935f37e35d031d8a2e/3-minutes-a-mayotte/a/p" "WordPress.com; https://cungcaponline.wordpress.com"
46.229.168.143 - - [28/Oct/2018:04:05:47 +0000] "GET /vi/ben-tre/huyen-binh-dai/thi-tran/co-khi-o-to-xe-may HTTP/1.1" 200 2556 "-" "Mozilla/5.0 (compatible; SemrushBot/2~bl; +http://www.semrush.com/bot.html)"
46.229.168.137 - - [28/Oct/2018:04:05:51 +0000] "GET /thai-binh/huyen-kien-xuong HTTP/1.1" 200 2516 "-" "Mozilla/5.0 (compatible; SemrushBot/2~bl; +http://www.semrush.com/bot.html)"
54.36.148.59 - - [28/Oct/2018:04:05:54 +0000] "GET /com/5bacd23b10a4c85e7a0f742d/cong-ty-tnhh-dich-vu-vien-thong-cao-dinh HTTP/1.1" 200 4787 "-" "Mozilla/5.0 (compatible; AhrefsBot/5.2; +http://ahrefs.com/robot/)"
123.30.175.219 - - [28/Oct/2018:04:05:59 +0000] "GET /gi%C3%A1+c%E1%BB%A7a+%C4%91i%E1%BB%87n+tho%E1%BA%A1i+nokia+8800e+1?page=15 HTTP/1.1" 200 4416 "-" "Mozilla/5.0 (compatible; coccocbot-web/1.0; +http://help.coccoc.com/searchengine)"
31.220.110.247 - - [28/Oct/2018:04:06:01 +0000] "GET /cron/craw_info_domain HTTP/1.0" 504 160 "-" "Wget/1.12 (linux-gnu)"
123.30.175.219 - - [28/Oct/2018:04:06:01 +0000] "GET /%C4%91i%E1%BB%87n+tho%E1%BA%A1i+iphone+5c+qu%E1%BB%91c+t%E1%BA%BF?page=2 HTTP/1.1" 200 4500 "-" "Mozilla/5.0 (compatible; coccocbot-web/1.0; +http://help.coccoc.com/searchengine)"
66.249.79.227 - - [28/Oct/2018:04:06:02 +0000] "GET /com/1229652/old HTTP/1.1" 200 4815 "-" "Mozilla/5.0 (Linux; Android 6.0.1; Nexus 5X Build/MMB29P) AppleWebKit/537.36 (KHTML, like Gecko) Chrome/41.0.2272.96 Mobile Safari/537.36 (compatible; Googlebot/2.1; +http://www.google.com/bot.html)"
31.220.110.247 - - [28/Oct/2018:04:06:03 +0000] "GET /cron/import_affiliate HTTP/1.0" 200 307 "-" "Wget/1.12 (linux-gnu)"
46.229.168.149 - - [28/Oct/2018:04:06:09 +0000] "GET /site/5bb51116024e1757cb685021/playithubcom-playithub-largest-videos-hub-minifymobi HTTP/1.1" 200 5255 "-" "Mozilla/5.0 (compatible; SemrushBot/2~bl; +http://www.semrush.com/bot.html)"
54.36.148.71 - - [28/Oct/2018:04:06:10 +0000] "GET /com/5bacd4da10a4c8625f6cda76/cong-ty-tnhh-sx-tm-dv-grow-green-vn HTTP/1.1" 200 4796 "-" "Mozilla/5.0 (compatible; AhrefsBot/5.2; +http://ahrefs.com/robot/)"
46.229.168.131 - - [28/Oct/2018:04:06:12 +0000] "GET /vi/quang-ninh/thi-xa-dong-trieu/xa-hoang-que HTTP/1.1" 200 2545 "-" "Mozilla/5.0 (compatible; SemrushBot/2~bl; +http://www.semrush.com/bot.html)"
5.196.87.72 - - [28/Oct/2018:04:06:14 +0000] "GET /lunda-norte/category/oto-xe-may_c8567?q=%2Flunda-norte%2Fcategory%2Foto-xe-may_c8567 HTTP/1.1" 200 2531 "-" "Mozilla/5.0 (compatible; AhrefsBot/5.2; +http://ahrefs.com/robot/)"
46.229.168.134 - - [28/Oct/2018:04:06:16 +0000] "GET /WS/aiga-i-le-tai/category/dien-tu-nghe-nhin_c8586 HTTP/1.1" 200 2545 "-" "Mozilla/5.0 (compatible; SemrushBot/2~bl; +http://www.semrush.com/bot.html)"
46.229.168.131 - - [28/Oct/2018:04:06:21 +0000] "GET /ZA/north-west/category/noi-that-ngoai-that_c8591 HTTP/1.1" 200 2538 "-" "Mozilla/5.0 (compatible; SemrushBot/2~bl; +http://www.semrush.com/bot.html)"
123.30.175.215 - - [28/Oct/2018:04:06:21 +0000] "GET /com/1290990/old HTTP/1.1" 200 4763 "-" "Mozilla/5.0 (compatible; coccocbot-web/1.0; +http://help.coccoc.com/searchengine)"
123.30.175.215 - - [28/Oct/2018:04:06:23 +0000] "GET /com/5ba9419044ac6733df362319/old HTTP/1.1" 200 31 "-" "Mozilla/5.0 (compatible; coccocbot-web/1.0; +http://help.coccoc.com/searchengine)"
46.229.168.137 - - [28/Oct/2018:04:06:25 +0000] "GET /company/1262717-cong-ty-tnhh-xay-dung-nghia-hong-anh HTTP/1.1" 302 339 "-" "Mozilla/5.0 (compatible; SemrushBot/2~bl; +http://www.semrush.com/bot.html)"
54.36.149.62 - - [28/Oct/2018:04:06:27 +0000] "GET /k/Rip+Curl+Flyer+II+SSS+Men+Watch HTTP/1.1" 200 2542 "-" "Mozilla/5.0 (compatible; AhrefsBot/5.2; +http://ahrefs.com/robot/)"
123.30.175.217 - - [28/Oct/2018:04:06:27 +0000] "GET /com/1287739/old HTTP/1.1" 200 4825 "-" "Mozilla/5.0 (compatible; coccocbot-web/1.0; +http://help.coccoc.com/searchengine)"
123.30.175.222 - - [28/Oct/2018:04:06:28 +0000] "GET /gi%C3%A1+%C4%91i%E1%BB%87n+tho%E1%BA%A1i+nokia+3108?page=10 HTTP/1.1" 200 4413 "-" "Mozilla/5.0 (compatible; coccocbot-web/1.0; +http://help.coccoc.com/searchengine)"
203.113.152.2 - - [28/Oct/2018:04:06:28 +0000] "GET /k/Malaysia HTTP/1.1" 200 2498 "-" "Mozilla/5.0 (Windows NT 6.1; WOW64; rv:37.0) Gecko/20100101 Firefox/37.0"
46.229.168.143 - - [28/Oct/2018:04:06:29 +0000] "GET /k/C%C3%A1ch+t%C4%83ng+like+Facebook+an+to%C3%A0n+tr%C3%AAn+m%C3%A1y+t%C3%ADnh+v%C3%A0+%C4%91i%E1%BB%87n+tho%E1%BA%A1i HTTP/1.1" 200 2638 "-" "Mozilla/5.0 (compatible; SemrushBot/2~bl; +http://www.semrush.com/bot.html)"
123.30.175.222 - - [28/Oct/2018:04:06:29 +0000] "GET /ip/52.4.131.226 HTTP/1.1" 200 3551 "-" "Mozilla/5.0 (compatible; coccocbot-web/1.0; +http://help.coccoc.com/searchengine)"
123.30.175.217 - - [28/Oct/2018:04:06:29 +0000] "GET /com/1251989/old HTTP/1.1" 200 4822 "-" "Mozilla/5.0 (compatible; coccocbot-web/1.0; +http://help.coccoc.com/searchengine)"
123.30.175.217 - - [28/Oct/2018:04:06:30 +0000] "GET /com/1240495/old HTTP/1.1" 200 4857 "-" "Mozilla/5.0 (compatible; coccocbot-web/1.0; +http://help.coccoc.com/searchengine)"
46.229.168.138 - - [28/Oct/2018:04:06:32 +0000] "GET /k/Moderna+Museet+i+Stockholm HTTP/1.1" 200 2521 "-" "Mozilla/5.0 (compatible; SemrushBot/2~bl; +http://www.semrush.com/bot.html)"
123.30.175.222 - - [28/Oct/2018:04:06:32 +0000] "GET /%C4%91i%E1%BB%87n+tho%E1%BA%A1i+sony+m%E1%BB%9Bi+nh%E1%BA%A5t+n%C4%83m+2018?page=905 HTTP/1.1" 200 4893 "-" "Mozilla/5.0 (compatible; coccocbot-web/1.0; +http://help.coccoc.com/searchengine)"
123.30.175.217 - - [28/Oct/2018:04:06:33 +0000] "GET /com/1224532/old HTTP/1.1" 200 4828 "-" "Mozilla/5.0 (compatible; coccocbot-web/1.0; +http://help.coccoc.com/searchengine)"
123.30.175.222 - - [28/Oct/2018:04:06:34 +0000] "GET /%C4%91i%E1%BB%87n+tho%E1%BA%A1i+samsung+galaxy+j3+pro+-+4g+lte+%28+sm+j3119+%29?page=333 HTTP/1.1" 200 4816 "-" "Mozilla/5.0 (compatible; coccocbot-web/1.0; +http://help.coccoc.com/searchengine)"
46.229.168.144 - - [28/Oct/2018:04:06:36 +0000] "GET /com/1262717/old HTTP/1.1" 200 4772 "-" "Mozilla/5.0 (compatible; SemrushBot/2~bl; +http://www.semrush.com/bot.html)"
46.229.168.152 - - [28/Oct/2018:04:06:38 +0000] "GET /k/VENTANAS+DE+MADERA HTTP/1.1" 200 2516 "-" "Mozilla/5.0 (compatible; SemrushBot/2~bl; +http://www.semrush.com/bot.html)"
31.220.110.247 - - [28/Oct/2018:04:06:39 +0000] "GET /cron/craw_note HTTP/1.0" 500 6107 "-" "Wget/1.12 (linux-gnu)"
31.220.110.247 - - [28/Oct/2018:04:06:41 +0000] "GET /cron/index_elasticsearch HTTP/1.0" 500 6107 "-" "Wget/1.12 (linux-gnu)"
46.229.168.129 - - [28/Oct/2018:04:06:41 +0000] "GET /go/5bb3768b024e1757ba6a24b9/kalohirek-hu-home-facebook HTTP/1.1" 200 1932 "-" "Mozilla/5.0 (compatible; SemrushBot/2~bl; +http://www.semrush.com/bot.html)"
46.229.168.137 - - [28/Oct/2018:04:06:44 +0000] "GET /k/Oriental+Massage+Therapy+Facials+Banyan+Tree+Spa HTTP/1.1" 200 2553 "-" "Mozilla/5.0 (compatible; SemrushBot/2~bl; +http://www.semrush.com/bot.html)"
31.220.110.247 - - [28/Oct/2018:04:06:47 +0000] "GET /cron/get_dns_record_domain HTTP/1.0" 200 247 "-" "Wget/1.12 (linux-gnu)"
123.30.175.218 - - [28/Oct/2018:04:06:47 +0000] "GET /news/3608/old HTTP/1.1" 200 6879 "-" "Mozilla/5.0 (compatible; coccocbot-web/1.0; +http://help.coccoc.com/searchengine)"
46.229.168.154 - - [28/Oct/2018:04:06:48 +0000] "GET /k/Gi%C3%A0y+l%C6%B0%E1%BB%9Di+Flossy+FLOS+C+HELLO+KITTY+NEO+m%C3%A0u+%C4%91en+h%C3%ACnh+m%C3%A8o+Kitty HTTP/1.1" 200 2639 "-" "Mozilla/5.0 (compatible; SemrushBot/2~bl; +http://www.semrush.com/bot.html)"
54.36.148.160 - - [28/Oct/2018:04:06:48 +0000] "GET /keyword/D%C6%B0%E1%BB%A3c%2Bs%C4%A9%2Bh%C6%B0%E1%BB%9Bng%2Bd%E1%BA%ABn%2Bc%C3%A1ch%2Bs%E1%BB%AD%2Bd%E1%BB%A5ng%2Bthu%E1%BB%91c%2Bch%E1%BB%91ng%2Bvi%C3%AAm%2C%2B%E2%80%A6 HTTP/1.1" 200 2679 "-" "Mozilla/5.0 (compatible; AhrefsBot/5.2; +http://ahrefs.com/robot/)"
46.229.168.152 - - [28/Oct/2018:04:06:54 +0000] "GET /phu-yen/huyen-tuy-an/xa-an-ninh-dong HTTP/1.1" 200 2537 "-" "Mozilla/5.0 (compatible; SemrushBot/2~bl; +http://www.semrush.com/bot.html)"
46.229.168.153 - - [28/Oct/2018:04:06:56 +0000] "GET /k/Society HTTP/1.1" 200 2498 "-" "Mozilla/5.0 (compatible; SemrushBot/2~bl; +http://www.semrush.com/bot.html)"
46.229.168.141 - - [28/Oct/2018:04:06:59 +0000] "GET /k/D%C3%A9p+quai+h%E1%BA%ADu+d%C3%A0nh+cho+b%C3%A9+trai+%C4%91i+h%E1%BB%8Dc+%C4%91i+ch%C6%A1i+c%E1%BB%B1c+sang+trong HTTP/1.1" 200 2635 "-" "Mozilla/5.0 (compatible; SemrushBot/2~bl; +http://www.semrush.com/bot.html)"
123.30.175.146 - - [28/Oct/2018:04:07:00 +0000] "GET /com/1284229/old HTTP/1.1" 200 4788 "-" "Mozilla/5.0 (compatible; coccocbot-web/1.0; +http://help.coccoc.com/searchengine)"
123.30.175.146 - - [28/Oct/2018:04:07:02 +0000] "GET /com/5ba9460644ac67352540c7d3/old HTTP/1.1" 200 31 "-" "Mozilla/5.0 (compatible; coccocbot-web/1.0; +http://help.coccoc.com/searchengine)"
31.220.110.247 - - [28/Oct/2018:04:07:02 +0000] "GET /cron/craw_note HTTP/1.0" 200 0 "-" "Wget/1.12 (linux-gnu)"
46.229.168.136 - - [28/Oct/2018:04:07:02 +0000] "GET /vi/ha-tinh/huyen-can-loc/xa-thu-loc HTTP/1.1" 200 2531 "-" "Mozilla/5.0 (compatible; SemrushBot/2~bl; +http://www.semrush.com/bot.html)"
31.220.110.247 - - [28/Oct/2018:04:07:03 +0000] "GET /cron/import_affiliate HTTP/1.0" 200 401 "-" "Wget/1.12 (linux-gnu)"
123.30.175.222 - - [28/Oct/2018:04:07:03 +0000] "GET /ip/188.95.113.148 HTTP/1.1" 200 3559 "-" "Mozilla/5.0 (compatible; coccocbot-web/1.0; +http://help.coccoc.com/searchengine)"
192.0.99.13 - - [28/Oct/2018:04:07:04 +0000] "HEAD /video/5bc9d5935f37e35d031d8a2e/3-minutes-a-mayotte HTTP/1.1" 200 0 "https://cungcap.net/video/5bc9d5935f37e35d031d8a2e/3-minutes-a-mayotte" "WordPress.com; https://cungcaponline.wordpress.com"
46.229.168.134 - - [28/Oct/2018:04:07:05 +0000] "GET /vi/thanh-hoa/huyen-cam-thuy/xa-cam-ngoc/hoa-qua-tang HTTP/1.1" 200 2551 "-" "Mozilla/5.0 (compatible; SemrushBot/2~bl; +http://www.semrush.com/bot.html)"
192.0.99.13 - - [28/Oct/2018:04:07:06 +0000] "GET /video/5bc9d5935f37e35d031d8a2e/3-minutes-a-mayotte HTTP/1.1" 200 7096 "https://cungcap.net/video/5bc9d5935f37e35d031d8a2e/3-minutes-a-mayotte" "WordPress.com; https://cungcaponline.wordpress.com"
123.30.175.222 - - [28/Oct/2018:04:07:06 +0000] "GET /v%E1%BB%8F+%C4%91i%E1%BB%87n+tho%E1%BA%A1i+nokia+5233?page=52 HTTP/1.1" 200 4431 "-" "Mozilla/5.0 (compatible; coccocbot-web/1.0; +http://help.coccoc.com/searchengine)"
46.229.168.129 - - [28/Oct/2018:04:07:07 +0000] "GET /go/5bb30a92024e1725be7d4c4b/tintucthoitrangblogspotcom HTTP/1.1" 200 1872 "-" "Mozilla/5.0 (compatible; SemrushBot/2~bl; +http://www.semrush.com/bot.html)"
123.30.175.222 - - [28/Oct/2018:04:07:08 +0000] "GET /%C4%91i%E1%BB%87n+tho%E1%BA%A1i+lg+v20+h%C3%A0n+qu%E1%BB%91c?page=1044 HTTP/1.1" 500 6120 "-" "Mozilla/5.0 (compatible; coccocbot-web/1.0; +http://help.coccoc.com/searchengine)"
66.249.79.227 - - [28/Oct/2018:04:07:08 +0000] "GET /ip/46.17.1.80 HTTP/1.1" 200 3569 "-" "Mozilla/5.0 (compatible; Googlebot/2.1; +http://www.google.com/bot.html)"
46.229.168.135 - - [28/Oct/2018:04:07:12 +0000] "GET /vi/binh-phuoc/thi-xa-dong-xoai/xa-dong-xoai HTTP/1.1" 200 2535 "-" "Mozilla/5.0 (compatible; SemrushBot/2~bl; +http://www.semrush.com/bot.html)"
203.113.152.2 - - [28/Oct/2018:04:07:12 +0000] "GET /k/T%C3%BAi+b%E1%BB%8Dc+b%E1%BA%A3o+v%E1%BB%87+vali+-%C3%81o+v%E1%BB%8F+b%E1%BB%8Dc+vali+-+Size+L-TRAVEL-AROUND-VUONG HTTP/1.1" 200 2623 "-" "Mozilla/5.0 (Windows NT 6.1; WOW64; rv:37.0) Gecko/20100101 Firefox/37.0"
123.30.175.222 - - [28/Oct/2018:04:07:15 +0000] "GET /gi%C3%A1+%C4%91i%E1%BB%87n+tho%E1%BA%A1i+lg+g5+c%C5%A9?page=5 HTTP/1.1" 200 4457 "-" "Mozilla/5.0 (compatible; coccocbot-web/1.0; +http://help.coccoc.com/searchengine)"
46.229.168.151 - - [28/Oct/2018:04:07:17 +0000] "GET /k/Th%E1%BB%B1c+H%C3%A0nh+K%E1%BB%B9+Thu%E1%BA%ADt+C%C6%A1+%C4%90i%E1%BB%87n+L%E1%BA%A1nh HTTP/1.1" 200 2610 "-" "Mozilla/5.0 (compatible; SemrushBot/2~bl; +http://www.semrush.com/bot.html)"
54.36.148.69 - - [28/Oct/2018:04:07:19 +0000] "GET /k/Today+Tomorrow+%28T%E1%BA%ADp+2%29 HTTP/1.1" 200 2532 "-" "Mozilla/5.0 (compatible; AhrefsBot/5.2; +http://ahrefs.com/robot/)"
123.30.175.222 - - [28/Oct/2018:04:07:22 +0000] "GET /com/1232394/old HTTP/1.1" 200 4829 "-" "Mozilla/5.0 (compatible; coccocbot-web/1.0; +http://help.coccoc.com/searchengine)"
203.113.152.2 - - [28/Oct/2018:04:07:24 +0000] "GET /k/%0AXu%C3%A2n+Vi%E1%BB%87t+-+Thi%E1%BA%BFt+k%E1%BA%BF+web+-+Th%E1%BB%A7+thu%E1%BA%ADt+SEO+-+Ki%E1%BA%BFm+ti%E1%BB%81n%0A HTTP/1.1" 200 2630 "-" "Mozilla/5.0 (Windows NT 6.1; WOW64; rv:37.0) Gecko/20100101 Firefox/37.0"
123.30.175.145 - - [28/Oct/2018:04:07:25 +0000] "GET /c%C3%B3+n%C3%AAn+mua+%C4%91i%E1%BB%87n+tho%E1%BA%A1i+asus+zenfone+2+laser?page=1 HTTP/1.1" 200 4459 "-" "Mozilla/5.0 (compatible; coccocbot-web/1.0; +http://help.coccoc.com/searchengine)"
123.30.175.145 - - [28/Oct/2018:04:07:27 +0000] "GET /ip/2606:4700:20::681b:44d HTTP/1.1" 200 3567 "-" "Mozilla/5.0 (compatible; coccocbot-web/1.0; +http://help.coccoc.com/searchengine)"
66.249.79.227 - - [28/Oct/2018:04:07:27 +0000] "GET /domain/bvu.net HTTP/1.1" 200 2502 "-" "Mozilla/5.0 (compatible; Googlebot/2.1; +http://www.google.com/bot.html)"
141.8.142.106 - - [28/Oct/2018:04:07:36 +0000] "GET /site/5bc6e57e10a4c812662761bd/kodel-lietuva-neturetu-ratifikuoti-stambulo-konvencijos-laisvos HTTP/1.1" 200 3925 "-" "Mozilla/5.0 (compatible; YandexBot/3.0; +http://yandex.com/bots)"
203.113.152.8 - - [28/Oct/2018:04:07:40 +0000] "GET /k/Th%C3%B9ng+r%C3%A1c+gia+%C4%91%C3%ACnh HTTP/1.1" 200 2547 "-" "Mozilla/5.0 (Windows NT 6.1; WOW64; rv:37.0) Gecko/20100101 Firefox/37.0"
31.220.110.247 - - [28/Oct/2018:04:07:42 +0000] "GET /cron/index_elasticsearch HTTP/1.0" 500 6107 "-" "Wget/1.12 (linux-gnu)"
148.64.56.67 - - [28/Oct/2018:04:07:42 +0000] "GET / HTTP/1.1" 200 4444 "-" "Mozilla/5.0 (compatible; GrapeshotCrawler/2.0; +http://www.grapeshot.co.uk/crawler.php)"
31.220.110.247 - - [28/Oct/2018:04:07:42 +0000] "GET /cron/get_dns_record_domain HTTP/1.0" 200 227 "-" "Wget/1.12 (linux-gnu)"
123.30.175.220 - - [28/Oct/2018:04:07:42 +0000] "GET /ip/123.30.109.10 HTTP/1.1" 200 3531 "-" "Mozilla/5.0 (compatible; coccocbot-web/1.0; +http://help.coccoc.com/searchengine)"
148.64.56.67 - - [28/Oct/2018:04:07:43 +0000] "GET /root+%C4%91i%E1%BB%87n+tho%E1%BA%A1i+samsung+j5+2016 HTTP/1.1" 200 6564 "-" "Mozilla/5.0 (compatible; GrapeshotCrawler/2.0; +http://www.grapeshot.co.uk/crawler.php)"
54.36.148.181 - - [28/Oct/2018:04:07:43 +0000] "GET /k/B%E1%BA%A5m+Kim+SDI+1142 HTTP/1.1" 200 2530 "-" "Mozilla/5.0 (compatible; AhrefsBot/5.2; +http://ahrefs.com/robot/)"
123.30.175.220 - - [28/Oct/2018:04:07:44 +0000] "GET /com/5ba9406944ac672c562aab9c/old HTTP/1.1" 200 31 "-" "Mozilla/5.0 (compatible; coccocbot-web/1.0; +http://help.coccoc.com/searchengine)"
54.36.148.238 - - [28/Oct/2018:04:07:49 +0000] "GET /k/Bom+t%E1%BA%AFm+LUSH+-+Rocket+Science+bath+bomb?page=3 HTTP/1.1" 200 2558 "-" "Mozilla/5.0 (compatible; AhrefsBot/5.2; +http://ahrefs.com/robot/)"
46.229.168.140 - - [28/Oct/2018:04:07:50 +0000] "GET /long-an/huyen-vinh-hung/xa-tuyen-binh-tay HTTP/1.1" 200 2533 "-" "Mozilla/5.0 (compatible; SemrushBot/2~bl; +http://www.semrush.com/bot.html)"
123.30.175.144 - - [28/Oct/2018:04:07:53 +0000] "GET /com/1253881/old HTTP/1.1" 200 4805 "-" "Mozilla/5.0 (compatible; coccocbot-web/1.0; +http://help.coccoc.com/searchengine)"
123.30.175.144 - - [28/Oct/2018:04:07:55 +0000] "GET /com/5ba942fb44ac672c562ab095/old HTTP/1.1" 200 31 "-" "Mozilla/5.0 (compatible; coccocbot-web/1.0; +http://help.coccoc.com/searchengine)"
123.30.175.144 - - [28/Oct/2018:04:07:57 +0000] "GET /com/1282885/old HTTP/1.1" 200 4805 "-" "Mozilla/5.0 (compatible; coccocbot-web/1.0; +http://help.coccoc.com/searchengine)"
54.36.149.31 - - [28/Oct/2018:04:07:57 +0000] "GET /company/1278549-cong-ty-tnhh-thanh-ngoc-loi HTTP/1.1" 302 339 "-" "Mozilla/5.0 (compatible; AhrefsBot/5.2; +http://ahrefs.com/robot/)"
46.229.168.131 - - [28/Oct/2018:04:07:58 +0000] "GET /k/Canthoinfo+info+Trang+ch%E1%BB%A7+Facebook HTTP/1.1" 200 2545 "-" "Mozilla/5.0 (compatible; SemrushBot/2~bl; +http://www.semrush.com/bot.html)"
31.220.110.247 - - [28/Oct/2018:04:08:03 +0000] "GET /cron/import_affiliate HTTP/1.0" 200 2 "-" "Wget/1.12 (linux-gnu)"
157.55.39.158 - - [28/Oct/2018:04:08:06 +0000] "GET /k/Unila?q=%2Fk%2FUnila HTTP/1.1" 200 2497 "-" "Mozilla/5.0 (compatible; bingbot/2.0; +http://www.bing.com/bingbot.htm)"
157.55.39.158 - - [28/Oct/2018:04:08:08 +0000] "GET /k/Lettre+de+motivation+ou+d+accompagnement HTTP/1.1" 200 2533 "-" "Mozilla/5.0 (compatible; bingbot/2.0; +http://www.bing.com/bingbot.htm)"
157.55.39.158 - - [28/Oct/2018:04:08:12 +0000] "GET /k/JOSE+CARLOS+GARCIA+RODRIGUEZ HTTP/1.1" 200 2530 "-" "Mozilla/5.0 (compatible; bingbot/2.0; +http://www.bing.com/bingbot.htm)"
157.55.39.158 - - [28/Oct/2018:04:08:13 +0000] "GET /k/VOLVO+S90 HTTP/1.1" 200 2508 "-" "Mozilla/5.0 (compatible; bingbot/2.0; +http://www.bing.com/bingbot.htm)"
123.30.175.145 - - [28/Oct/2018:04:08:19 +0000] "GET /com/1243820/old HTTP/1.1" 200 4787 "-" "Mozilla/5.0 (compatible; coccocbot-web/1.0; +http://help.coccoc.com/searchengine)"
123.30.175.145 - - [28/Oct/2018:04:08:20 +0000] "GET /com/1233960/old HTTP/1.1" 200 4867 "-" "Mozilla/5.0 (compatible; coccocbot-web/1.0; +http://help.coccoc.com/searchengine)"
46.229.168.149 - - [28/Oct/2018:04:08:21 +0000] "GET /com/1299840/old HTTP/1.1" 200 4779 "-" "Mozilla/5.0 (compatible; SemrushBot/2~bl; +http://www.semrush.com/bot.html)"
37.9.113.3 - - [28/Oct/2018:04:08:22 +0000] "GET /k/%22CPU+cooling+Fan+left+&+right+for+Macbook+Pro+Retina+15%22+A1398+2013++MC975++MC976%22 HTTP/1.1" 200 2617 "-" "Mozilla/5.0 (compatible; YandexBot/3.0; +http://yandex.com/bots)"
123.30.175.145 - - [28/Oct/2018:04:08:22 +0000] "GET /com/1267793/old HTTP/1.1" 200 4771 "-" "Mozilla/5.0 (compatible; coccocbot-web/1.0; +http://help.coccoc.com/searchengine)"
157.55.39.158 - - [28/Oct/2018:04:08:24 +0000] "GET /k/Litro-+Agencia+de+Dise%C3%B1o+y+Producci%C3%B3n HTTP/1.1" 200 2552 "-" "Mozilla/5.0 (compatible; bingbot/2.0; +http://www.bing.com/bingbot.htm)"
157.55.39.158 - - [28/Oct/2018:04:08:27 +0000] "GET /k/BRESCIA HTTP/1.1" 200 2500 "-" "Mozilla/5.0 (compatible; bingbot/2.0; +http://www.bing.com/bingbot.htm)"
54.36.148.234 - - [28/Oct/2018:04:08:30 +0000] "GET /keyword/Over%2BOns%2B-%2BMediaMarkt HTTP/1.1" 200 2523 "-" "Mozilla/5.0 (compatible; AhrefsBot/5.2; +http://ahrefs.com/robot/)"
95.108.181.48 - - [28/Oct/2018:04:08:30 +0000] "GET /product/5bc700bf10a4c81eee24e1e1/may-xong-mat-tai-nha HTTP/1.1" 200 5159 "-" "Mozilla/5.0 (compatible; YandexBot/3.0; +http://yandex.com/bots)"
157.55.39.158 - - [28/Oct/2018:04:08:30 +0000] "GET /k/Anticimex+Group+-+Pest+control+services+-+Anticimex?q=%2Fk%2FAnticimex%20Group%20-%20Pest%20control%20services%20-%20Anticimex HTTP/1.1" 200 2542 "-" "Mozilla/5.0 (compatible; bingbot/2.0; +http://www.bing.com/bingbot.htm)"
31.220.110.247 - - [28/Oct/2018:04:08:31 +0000] "GET /cron/craw_note HTTP/1.0" 200 51 "-" "Wget/1.12 (linux-gnu)"
157.55.39.158 - - [28/Oct/2018:04:08:32 +0000] "GET /news/4022/old HTTP/1.1" 200 7189 "-" "Mozilla/5.0 (compatible; bingbot/2.0; +http://www.bing.com/bingbot.htm)"
123.30.175.147 - - [28/Oct/2018:04:08:33 +0000] "GET /com/1276186/old HTTP/1.1" 200 4790 "-" "Mozilla/5.0 (compatible; coccocbot-web/1.0; +http://help.coccoc.com/searchengine)"
123.30.175.216 - - [28/Oct/2018:04:08:34 +0000] "GET /%C4%91i%E1%BB%87n+tho%E1%BA%A1i+c%E1%BA%A3m+%E1%BB%A9ng+nokia+%C4%91%E1%BB%9Di+%C4%91%E1%BA%A7u?page=511 HTTP/1.1" 200 4812 "-" "Mozilla/5.0 (compatible; coccocbot-web/1.0; +http://help.coccoc.com/searchengine)"
157.55.39.158 - - [28/Oct/2018:04:08:34 +0000] "GET /k/Yokebe+kaufen:+Aktivkost-Produkte+von+Yokebe+im+... HTTP/1.1" 200 2553 "-" "Mozilla/5.0 (compatible; bingbot/2.0; +http://www.bing.com/bingbot.htm)"
123.30.175.216 - - [28/Oct/2018:04:08:36 +0000] "GET /%C4%91i%E1%BB%87n+tho%E1%BA%A1i+nghe+nh%E1%BA%A1c+gi%C3%A1+r%E1%BA%BB+c%E1%BB%A7a+nokia?page=13 HTTP/1.1" 200 4733 "-" "Mozilla/5.0 (compatible; coccocbot-web/1.0; +http://help.coccoc.com/searchengine)"
117.2.228.214 - - [28/Oct/2018:04:08:38 +0000] "GET /search/all?q=toon HTTP/2.0" 200 38 "https://cungcap.net/" "Mozilla/5.0 (Windows NT 6.1; Win64; x64) AppleWebKit/537.36 (KHTML, like Gecko) Chrome/69.0.3497.100 Safari/537.36"
117.2.228.214 - - [28/Oct/2018:04:08:38 +0000] "GET /search/all?q=too HTTP/2.0" 200 478 "https://cungcap.net/" "Mozilla/5.0 (Windows NT 6.1; Win64; x64) AppleWebKit/537.36 (KHTML, like Gecko) Chrome/69.0.3497.100 Safari/537.36"
117.2.228.214 - - [28/Oct/2018:04:08:38 +0000] "GET /search/all?q=toonkor HTTP/2.0" 200 38 "https://cungcap.net/" "Mozilla/5.0 (Windows NT 6.1; Win64; x64) AppleWebKit/537.36 (KHTML, like Gecko) Chrome/69.0.3497.100 Safari/537.36"
123.30.175.218 - - [28/Oct/2018:04:08:39 +0000] "GET /com/1277225/old HTTP/1.1" 200 4840 "-" "Mozilla/5.0 (compatible; coccocbot-web/1.0; +http://help.coccoc.com/searchengine)"
35.227.103.43 - - [28/Oct/2018:04:08:39 +0000] "GET /ads.txt HTTP/1.1" 200 2644 "-" "bidswitchbot/1.0"
157.55.39.158 - - [28/Oct/2018:04:08:40 +0000] "GET /k/Links+of+Interest?q=%2Fk%2FLinks%20of%20Interest HTTP/1.1" 200 2509 "-" "Mozilla/5.0 (compatible; bingbot/2.0; +http://www.bing.com/bingbot.htm)"
117.2.228.214 - - [28/Oct/2018:04:08:41 +0000] "GET /search/get?v=toonkor&t=&i= HTTP/2.0" 200 2900 "https://cungcap.net/" "Mozilla/5.0 (Windows NT 6.1; Win64; x64) AppleWebKit/537.36 (KHTML, like Gecko) Chrome/69.0.3497.100 Safari/537.36"
46.229.168.142 - - [28/Oct/2018:04:08:42 +0000] "GET /company/1257983-cong-ty-tnhh-dich-vu-van-tai-tu-hai HTTP/1.1" 302 339 "-" "Mozilla/5.0 (compatible; SemrushBot/2~bl; +http://www.semrush.com/bot.html)"
31.220.110.247 - - [28/Oct/2018:04:08:42 +0000] "GET /cron/index_elasticsearch HTTP/1.0" 500 6107 "-" "Wget/1.12 (linux-gnu)"
46.229.168.133 - - [28/Oct/2018:04:08:45 +0000] "GET /com/1257983/old HTTP/1.1" 200 4793 "-" "Mozilla/5.0 (compatible; SemrushBot/2~bl; +http://www.semrush.com/bot.html)"
157.55.39.158 - - [28/Oct/2018:04:08:45 +0000] "GET /k/Spendezeit-Gala+-+Home+Facebook HTTP/1.1" 200 2527 "-" "Mozilla/5.0 (compatible; bingbot/2.0; +http://www.bing.com/bingbot.htm)"
157.55.39.158 - - [28/Oct/2018:04:08:47 +0000] "GET /k/Sapatilhas+Munich+-+Loja+de+futebol+F%C3%BAtbol+Emotion HTTP/1.1" 200 2561 "-" "Mozilla/5.0 (compatible; bingbot/2.0; +http://www.bing.com/bingbot.htm)"
46.229.168.136 - - [28/Oct/2018:04:08:48 +0000] "GET /site/5bb31983024e173abf7ac0c4/thiet-ke-web-3000k-minhduongadscom?page=6 HTTP/1.1" 200 5395 "-" "Mozilla/5.0 (compatible; SemrushBot/2~bl; +http://www.semrush.com/bot.html)"
157.55.39.158 - - [28/Oct/2018:04:08:50 +0000] "GET /k/Transform+your+designs+with+colorful+smoke!+Only+14! HTTP/1.1" 200 2556 "-" "Mozilla/5.0 (compatible; bingbot/2.0; +http://www.bing.com/bingbot.htm)"
31.220.110.247 - - [28/Oct/2018:04:08:50 +0000] "GET /cron/get_dns_record_domain HTTP/1.0" 200 183 "-" "Wget/1.12 (linux-gnu)"
157.55.39.158 - - [28/Oct/2018:04:08:52 +0000] "GET /k/PROVIDE+safety+goggles+Double+lenses+Anti-glare+protection+glasses+Impact+resistance+High+quality+laser+glasses HTTP/1.1" 200 2618 "-" "Mozilla/5.0 (compatible; bingbot/2.0; +http://www.bing.com/bingbot.htm)"
35.227.103.43 - - [28/Oct/2018:04:08:52 +0000] "GET /ads.txt HTTP/1.1" 200 2645 "-" "bidswitchbot/1.0"
157.55.39.158 - - [28/Oct/2018:04:08:54 +0000] "GET /k/Liberty+BASIC+News HTTP/1.1" 200 2509 "-" "Mozilla/5.0 (compatible; bingbot/2.0; +http://www.bing.com/bingbot.htm)"
123.30.175.217 - - [28/Oct/2018:04:08:55 +0000] "GET /%C4%91i%E1%BB%87n+tho%E1%BA%A1i+nokia+2+sim+2+s%C3%B3ng+gi%C3%A1+r%E1%BA%BB+d%C6%B0%E1%BB%9Bi+500k?page=2202 HTTP/1.1" 500 6120 "-" "Mozilla/5.0 (compatible; coccocbot-web/1.0; +http://help.coccoc.com/searchengine)"
157.55.39.158 - - [28/Oct/2018:04:08:56 +0000] "GET /k/LifeHack HTTP/1.1" 200 2499 "-" "Mozilla/5.0 (compatible; bingbot/2.0; +http://www.bing.com/bingbot.htm)"
54.36.148.196 - - [28/Oct/2018:04:08:58 +0000] "GET /keyword/Early%2BWork HTTP/1.1" 200 2506 "-" "Mozilla/5.0 (compatible; AhrefsBot/5.2; +http://ahrefs.com/robot/)"
157.55.39.158 - - [28/Oct/2018:04:09:00 +0000] "GET /k/Free+3D+Models+CAD+Models+And+Textures+Download HTTP/1.1" 200 2550 "-" "Mozilla/5.0 (compatible; bingbot/2.0; +http://www.bing.com/bingbot.htm)"
31.220.110.247 - - [28/Oct/2018:04:09:01 +0000] "GET /cron/craw_info_domain HTTP/1.0" 504 160 "-" "Wget/1.12 (linux-gnu)"
31.220.110.247 - - [28/Oct/2018:04:09:02 +0000] "GET /cron/craw_note HTTP/1.0" 200 0 "-" "Wget/1.12 (linux-gnu)"
123.30.175.146 - - [28/Oct/2018:04:09:03 +0000] "GET /ip/104.27.155.121 HTTP/1.1" 200 3511 "-" "Mozilla/5.0 (compatible; coccocbot-web/1.0; +http://help.coccoc.com/searchengine)"
31.220.110.247 - - [28/Oct/2018:04:09:03 +0000] "GET /cron/import_affiliate HTTP/1.0" 200 2 "-" "Wget/1.12 (linux-gnu)"
157.55.39.158 - - [28/Oct/2018:04:09:03 +0000] "GET /k/ICTWebSolution+-+heeft+de+OPLOSSING!!+-+ICTWebSolution?q=%2Fk%2FICTWebSolution%20-%20heeft%20de%20OPLOSSING%21%21%20-%20ICTWebSolution HTTP/1.1" 200 2545 "-" "Mozilla/5.0 (compatible; bingbot/2.0; +http://www.bing.com/bingbot.htm)"
123.30.175.146 - - [28/Oct/2018:04:09:05 +0000] "GET /ip/103.3.61.204 HTTP/1.1" 200 3515 "-" "Mozilla/5.0 (compatible; coccocbot-web/1.0; +http://help.coccoc.com/searchengine)"
46.229.168.147 - - [28/Oct/2018:04:09:09 +0000] "GET /k/Trung+t%C3%A2m+b%E1%BA%A3o+h%C3%A0nh+t%E1%BB%A7+l%E1%BA%A1nh+Sanyo HTTP/1.1" 200 2579 "-" "Mozilla/5.0 (compatible; SemrushBot/2~bl; +http://www.semrush.com/bot.html)"
54.36.148.35 - - [28/Oct/2018:04:09:11 +0000] "GET /keyword/L%E1%BA%AEP%2B%C4%90%E1%BA%B6T%2B%C4%90I%E1%BB%80U%2BH%C3%92A%2BTRONG%2BPH%C3%92NG%2BNG%E1%BB%A6%2B%C4%90%C3%9ANG%2BC%C3%81CH%2B-%2BYouTube HTTP/1.1" 200 2663 "-" "Mozilla/5.0 (compatible; AhrefsBot/5.2; +http://ahrefs.com/robot/)"
46.229.168.139 - - [28/Oct/2018:04:09:14 +0000] "GET /go/5bb4ebea024e172d8f3cfd10/sroorgru HTTP/1.1" 200 1856 "-" "Mozilla/5.0 (compatible; SemrushBot/2~bl; +http://www.semrush.com/bot.html)"
123.30.175.220 - - [28/Oct/2018:04:09:15 +0000] "GET /com/5ba940a544ac6733da7b962c/old HTTP/1.1" 200 31 "-" "Mozilla/5.0 (compatible; coccocbot-web/1.0; +http://help.coccoc.com/searchengine)"
123.30.175.222 - - [28/Oct/2018:04:09:17 +0000] "GET /product/5bd2c6b45f37e33e3a3c6de7/si-gia-soc-10-tui-do-choi-o-to HTTP/1.1" 200 5239 "-" "Mozilla/5.0 (compatible; coccocbot-web/1.0; +http://help.coccoc.com/searchengine)"
157.55.39.158 - - [28/Oct/2018:04:09:17 +0000] "GET /d/tpcdaklak.com HTTP/1.1" 301 335 "-" "Mozilla/5.0 (compatible; bingbot/2.0; +http://www.bing.com/bingbot.htm)"
123.30.175.222 - - [28/Oct/2018:04:09:19 +0000] "GET /%C4%91i%E1%BB%87n+tho%E1%BA%A1i+nokia+2+sim+pin+tr%C3%A2u?page=197 HTTP/1.1" 200 4481 "-" "Mozilla/5.0 (compatible; coccocbot-web/1.0; +http://help.coccoc.com/searchengine)"
157.55.39.158 - - [28/Oct/2018:04:09:20 +0000] "GET /k/DIY+OR+DIE+Dad+hat+13.00 HTTP/1.1" 200 2531 "-" "Mozilla/5.0 (compatible; bingbot/2.0; +http://www.bing.com/bingbot.htm)"
157.55.39.158 - - [28/Oct/2018:04:09:20 +0000] "GET /k/Mein+Haus+:+Services?q=%2Fk%2FMein%20Haus%20%3A%20Services HTTP/1.1" 200 2511 "-" "Mozilla/5.0 (compatible; bingbot/2.0; +http://www.bing.com/bingbot.htm)"
123.30.175.222 - - [28/Oct/2018:04:09:21 +0000] "GET /ip/2606:4700:30::681b:bf51 HTTP/1.1" 200 3533 "-" "Mozilla/5.0 (compatible; coccocbot-web/1.0; +http://help.coccoc.com/searchengine)"
157.55.39.158 - - [28/Oct/2018:04:09:22 +0000] "GET /k/tambun?q=%2Fk%2Ftambun HTTP/1.1" 200 2499 "-" "Mozilla/5.0 (compatible; bingbot/2.0; +http://www.bing.com/bingbot.htm)"
157.55.39.158 - - [28/Oct/2018:04:09:23 +0000] "GET /k/ItaliacercaTV HTTP/1.1" 200 2500 "-" "Mozilla/5.0 (compatible; bingbot/2.0; +http://www.bing.com/bingbot.htm)"
157.55.39.158 - - [28/Oct/2018:04:09:23 +0000] "GET /k/Hem+Batik+Mega+Pelangi HTTP/1.1" 200 2519 "-" "Mozilla/5.0 (compatible; bingbot/2.0; +http://www.bing.com/bingbot.htm)"
123.30.175.222 - - [28/Oct/2018:04:09:23 +0000] "GET /%C4%91i%E1%BB%87n+tho%E1%BA%A1i+c%C5%A9+gi%C3%A1+r%E1%BA%BB+oppo?page=89 HTTP/1.1" 200 4688 "-" "Mozilla/5.0 (compatible; coccocbot-web/1.0; +http://help.coccoc.com/searchengine)"
157.55.39.158 - - [28/Oct/2018:04:09:23 +0000] "GET /k/Shadow+Hills+Country+Club+-+Golf+Weddings+Banquets+Eugene+Oregon+?q=%2Fk%2FShadow%20Hills%20Country%20Club%20-%20Golf%20Weddings%20Banquets%20Eugene%20Oregon%20 HTTP/1.1" 200 2573 "-" "Mozilla/5.0 (compatible; bingbot/2.0; +http://www.bing.com/bingbot.htm)"
117.2.228.214 - - [28/Oct/2018:04:09:23 +0000] "GET /search/get?v=toonkor&t=&i= HTTP/2.0" 200 2725 "https://cungcap.net/" "Mozilla/5.0 (Windows NT 6.1; Win64; x64) AppleWebKit/537.36 (KHTML, like Gecko) Chrome/69.0.3497.100 Safari/537.36"
157.55.39.158 - - [28/Oct/2018:04:09:24 +0000] "GET /k/Nomo+Estudio HTTP/1.1" 200 2506 "-" "Mozilla/5.0 (compatible; bingbot/2.0; +http://www.bing.com/bingbot.htm)"
157.55.39.158 - - [28/Oct/2018:04:09:24 +0000] "GET /k/Leseprobe?q=%2Fk%2FLeseprobe HTTP/1.1" 200 2501 "-" "Mozilla/5.0 (compatible; bingbot/2.0; +http://www.bing.com/bingbot.htm)"
123.30.175.222 - - [28/Oct/2018:04:09:25 +0000] "GET /ip/2606:4700:30::681b:be91 HTTP/1.1" 200 3536 "-" "Mozilla/5.0 (compatible; coccocbot-web/1.0; +http://help.coccoc.com/searchengine)"
123.30.175.219 - - [28/Oct/2018:04:09:27 +0000] "GET /news/1853/old HTTP/1.1" 200 7393 "-" "Mozilla/5.0 (compatible; coccocbot-web/1.0; +http://help.coccoc.com/searchengine)"
46.229.168.138 - - [28/Oct/2018:04:09:29 +0000] "GET /site/5bb41de2024e17682d77af99/tangga-lagu-mp3-terbaru-gratis-gudanglagu HTTP/1.1" 200 4945 "-" "Mozilla/5.0 (compatible; SemrushBot/2~bl; +http://www.semrush.com/bot.html)"
117.2.228.214 - - [28/Oct/2018:04:09:31 +0000] "GET /search/all?q=th HTTP/2.0" 200 400 "https://cungcap.net/search/get?v=toonkor&t=&i=" "Mozilla/5.0 (Windows NT 6.1; Win64; x64) AppleWebKit/537.36 (KHTML, like Gecko) Chrome/69.0.3497.100 Safari/537.36"
117.2.228.214 - - [28/Oct/2018:04:09:31 +0000] "GET /search/all?q=theg HTTP/2.0" 200 38 "https://cungcap.net/search/get?v=toonkor&t=&i=" "Mozilla/5.0 (Windows NT 6.1; Win64; x64) AppleWebKit/537.36 (KHTML, like Gecko) Chrome/69.0.3497.100 Safari/537.36"
117.2.228.214 - - [28/Oct/2018:04:09:31 +0000] "GET /search/all?q=the HTTP/2.0" 200 388 "https://cungcap.net/search/get?v=toonkor&t=&i=" "Mozilla/5.0 (Windows NT 6.1; Win64; x64) AppleWebKit/537.36 (KHTML, like Gecko) Chrome/69.0.3497.100 Safari/537.36"
157.55.39.158 - - [28/Oct/2018:04:09:32 +0000] "GET /k/DNE+Elektronik-Systeme+GmbH+Home?q=%2Fk%2FDNE%20Elektronik-Systeme%20GmbH%20Home HTTP/1.1" 200 2535 "-" "Mozilla/5.0 (iPhone; CPU iPhone OS 7_0 like Mac OS X) AppleWebKit/537.51.1 (KHTML, like Gecko) Version/7.0 Mobile/11A465 Safari/9537.53 (compatible; bingbot/2.0; +http://www.bing.com/bingbot.htm)"
117.2.228.214 - - [28/Oct/2018:04:09:32 +0000] "GET /search/all?q=thegi HTTP/2.0" 200 38 "https://cungcap.net/search/get?v=toonkor&t=&i=" "Mozilla/5.0 (Windows NT 6.1; Win64; x64) AppleWebKit/537.36 (KHTML, like Gecko) Chrome/69.0.3497.100 Safari/537.36"
117.2.228.214 - - [28/Oct/2018:04:09:32 +0000] "GET /search/all?q=thegioi HTTP/2.0" 200 38 "https://cungcap.net/search/get?v=toonkor&t=&i=" "Mozilla/5.0 (Windows NT 6.1; Win64; x64) AppleWebKit/537.36 (KHTML, like Gecko) Chrome/69.0.3497.100 Safari/537.36"
123.30.175.219 - - [28/Oct/2018:04:09:32 +0000] "GET /com/1296873/old HTTP/1.1" 200 4797 "-" "Mozilla/5.0 (compatible; coccocbot-web/1.0; +http://help.coccoc.com/searchengine)"
117.2.228.214 - - [28/Oct/2018:04:09:32 +0000] "GET /search/all?q=thegioidi HTTP/2.0" 200 38 "https://cungcap.net/search/get?v=toonkor&t=&i=" "Mozilla/5.0 (Windows NT 6.1; Win64; x64) AppleWebKit/537.36 (KHTML, like Gecko) Chrome/69.0.3497.100 Safari/537.36"
157.55.39.158 - - [28/Oct/2018:04:09:33 +0000] "GET /d/benhsoithan.vn HTTP/1.1" 301 339 "-" "Mozilla/5.0 (compatible; bingbot/2.0; +http://www.bing.com/bingbot.htm)"
157.55.39.158 - - [28/Oct/2018:04:09:33 +0000] "GET /ha-noi/quan-cau-giay/phuong-d-vong HTTP/1.1" 200 2531 "-" "Mozilla/5.0 (compatible; bingbot/2.0; +http://www.bing.com/bingbot.htm)"
117.2.228.214 - - [28/Oct/2018:04:09:33 +0000] "GET /search/all?q=thegioidido HTTP/2.0" 200 38 "https://cungcap.net/search/get?v=toonkor&t=&i=" "Mozilla/5.0 (Windows NT 6.1; Win64; x64) AppleWebKit/537.36 (KHTML, like Gecko) Chrome/69.0.3497.100 Safari/537.36"
117.2.228.214 - - [28/Oct/2018:04:09:33 +0000] "GET /search/all?q=thegioididong HTTP/2.0" 200 381 "https://cungcap.net/search/get?v=toonkor&t=&i=" "Mozilla/5.0 (Windows NT 6.1; Win64; x64) AppleWebKit/537.36 (KHTML, like Gecko) Chrome/69.0.3497.100 Safari/537.36"
117.2.228.214 - - [28/Oct/2018:04:09:33 +0000] "GET /search/get?v=thegioididong&t=&i= HTTP/2.0" 200 3641 "https://cungcap.net/search/get?v=toonkor&t=&i=" "Mozilla/5.0 (Windows NT 6.1; Win64; x64) AppleWebKit/537.36 (KHTML, like Gecko) Chrome/69.0.3497.100 Safari/537.36"
123.30.175.219 - - [28/Oct/2018:04:09:33 +0000] "GET /com/1229594/old HTTP/1.1" 200 4780 "-" "Mozilla/5.0 (compatible; coccocbot-web/1.0; +http://help.coccoc.com/searchengine)"
157.55.39.158 - - [28/Oct/2018:04:09:34 +0000] "GET /k/%C4%90%E1%BA%A7u+thu+Ts+123+Youtube+v%C3%A0+d%C3%A2u+wifi HTTP/1.1" 200 2579 "-" "Mozilla/5.0 (compatible; bingbot/2.0; +http://www.bing.com/bingbot.htm)"
157.55.39.158 - - [28/Oct/2018:04:09:35 +0000] "GET /k/A+special+list+for+Alexey+Arsentyev HTTP/1.1" 200 2541 "-" "Mozilla/5.0 (compatible; bingbot/2.0; +http://www.bing.com/bingbot.htm)"
157.55.39.158 - - [28/Oct/2018:04:09:36 +0000] "GET /k/%C4%82n+v%E1%BA%B7t?page=4 HTTP/1.1" 200 2520 "-" "Mozilla/5.0 (compatible; bingbot/2.0; +http://www.bing.com/bingbot.htm)"
54.36.149.13 - - [28/Oct/2018:04:09:37 +0000] "GET /k/Okrent+Monika+Werbeagentur+in+Nentershausen HTTP/1.1" 200 2542 "-" "Mozilla/5.0 (compatible; AhrefsBot/5.2; +http://ahrefs.com/robot/)"
54.36.148.198 - - [28/Oct/2018:04:09:41 +0000] "GET /k/DH+Giri%C5%9F HTTP/1.1" 200 2513 "-" "Mozilla/5.0 (compatible; AhrefsBot/5.2; +http://ahrefs.com/robot/)"
203.113.152.5 - - [28/Oct/2018:04:09:42 +0000] "GET /k/V%E1%BB%87+sinh+Ti%E1%BA%BFn+D%C5%A9ng HTTP/1.1" 200 2549 "-" "Mozilla/5.0 (Windows NT 6.1; WOW64; rv:37.0) Gecko/20100101 Firefox/37.0"
46.229.168.145 - - [28/Oct/2018:04:09:42 +0000] "GET /go/5bab0bde44ac6744273429fc/usareisende HTTP/1.1" 200 1899 "-" "Mozilla/5.0 (compatible; SemrushBot/2~bl; +http://www.semrush.com/bot.html)"
157.55.39.158 - - [28/Oct/2018:04:09:42 +0000] "GET /com/1289035/old HTTP/1.1" 200 4825 "-" "Mozilla/5.0 (compatible; bingbot/2.0; +http://www.bing.com/bingbot.htm)"
31.220.110.247 - - [28/Oct/2018:04:09:42 +0000] "GET /cron/index_elasticsearch HTTP/1.0" 500 6148 "-" "Wget/1.12 (linux-gnu)"
157.55.39.158 - - [28/Oct/2018:04:09:43 +0000] "GET /k/Attending+Ground+Breaking+Ceremony+of+Eva+Hai+Phong+Factory+... HTTP/1.1" 200 2571 "-" "Mozilla/5.0 (compatible; bingbot/2.0; +http://www.bing.com/bingbot.htm)"
54.36.149.84 - - [28/Oct/2018:04:09:43 +0000] "GET /company/1225377-cong-ty-tnhh-mot-thanh-vien-cung-cap-dich-vu-vien-thong-trieu-tien?q=%2Fcompany%2F1225377-cong-ty-tnhh-mot-thanh-vien-cung-cap-dich-vu-vien-thong-trieu-tien HTTP/1.1" 302 339 "-" "Mozilla/5.0 (compatible; AhrefsBot/5.2; +http://ahrefs.com/robot/)"
157.55.39.158 - - [28/Oct/2018:04:09:44 +0000] "GET /company/1286235-cong-ty-tnhh-xuat-nhap-khau-go-hoang-tan HTTP/1.1" 302 339 "-" "Mozilla/5.0 (compatible; bingbot/2.0; +http://www.bing.com/bingbot.htm)"
157.55.39.158 - - [28/Oct/2018:04:09:45 +0000] "GET /k/%C4%90%C3%A0o+t%E1%BA%A1o+v%C4%83n+th%C6%B0+l%C6%B0u+tr%E1%BB%AF+th%C6%B0+k%C3%BD+v%C4%83n+ph%C3%B2ng+th%C3%B4ng+tin+th%C6%B0+vi%E1%BB%87n HTTP/1.1" 200 2643 "-" "Mozilla/5.0 (compatible; bingbot/2.0; +http://www.bing.com/bingbot.htm)"
54.36.149.106 - - [28/Oct/2018:04:09:45 +0000] "GET /BR/distrito-federal/category/khac_c8606?q=%2FBR%2Fdistrito-federal%2Fcategory%2Fkhac_c8606 HTTP/1.1" 200 2527 "-" "Mozilla/5.0 (compatible; AhrefsBot/5.2; +http://ahrefs.com/robot/)"
157.55.39.158 - - [28/Oct/2018:04:09:46 +0000] "GET /k/CISU+-+Civilsamfund+i+Udvikling+%28tidl.+Projektr%C3%A5dgivningen%29 HTTP/1.1" 200 2576 "-" "Mozilla/5.0 (compatible; bingbot/2.0; +http://www.bing.com/bingbot.htm)"
123.30.175.222 - - [28/Oct/2018:04:09:46 +0000] "GET /com/5ba9468144ac6733bc1182e1/old HTTP/1.1" 200 31 "-" "Mozilla/5.0 (compatible; coccocbot-web/1.0; +http://help.coccoc.com/searchengine)"
157.55.39.158 - - [28/Oct/2018:04:09:46 +0000] "GET /d/giasutam.com HTTP/1.1" 301 331 "-" "Mozilla/5.0 (compatible; bingbot/2.0; +http://www.bing.com/bingbot.htm)"
157.55.39.158 - - [28/Oct/2018:04:09:49 +0000] "GET /k/Be+Brilliant HTTP/1.1" 200 2506 "-" "Mozilla/5.0 (compatible; bingbot/2.0; +http://www.bing.com/bingbot.htm)"
31.220.110.247 - - [28/Oct/2018:04:09:49 +0000] "GET /cron/get_dns_record_domain HTTP/1.0" 200 179 "-" "Wget/1.12 (linux-gnu)"
157.55.39.158 - - [28/Oct/2018:04:09:49 +0000] "GET /k/%E3%82%A2%E3%83%89%E3%83%90%E3%83%B3%E3%82%B9%E3%83%BB%E3%83%AC%E3%82%B8%E3%83%87%E3%83%B3%E3%82%B9%E6%8A%95%E8%B3%87%E6%B3%95%E4%BA%BA+REIT%EF%BC%88%E4%B8%8D%E5%8B%95%E7%94%A3%E6%8A%95%E8%B3%87%E4%BF%A1%E8%A8%97%EF%BC%89 HTTP/1.1" 200 2732 "-" "Mozilla/5.0 (compatible; bingbot/2.0; +http://www.bing.com/bingbot.htm)"
157.55.39.158 - - [28/Oct/2018:04:09:50 +0000] "GET /k/C%C3%A1ch+l%C3%A0m+wifi+marketing+mi%E1%BB%85n+ph%C3%AD+m%E1%BB%9Bi+nh%E1%BA%A5t+2017+tr%C3%AAn+thi%E1%BA%BFt+b%E1%BB%8B+... HTTP/1.1" 200 2639 "-" "Mozilla/5.0 (compatible; bingbot/2.0; +http://www.bing.com/bingbot.htm)"
157.55.39.158 - - [28/Oct/2018:04:09:50 +0000] "GET /k/Blog+Archive?q=%2Fk%2FBlog%20Archive HTTP/1.1" 200 2506 "-" "Mozilla/5.0 (compatible; bingbot/2.0; +http://www.bing.com/bingbot.htm)"
123.30.175.216 - - [28/Oct/2018:04:09:50 +0000] "GET /%C4%91i%E1%BB%87n+tho%E1%BA%A1i+nokia+520+gi%C3%A1+bao+nhi%C3%AAu?page=266 HTTP/1.1" 200 4984 "-" "Mozilla/5.0 (compatible; coccocbot-web/1.0; +http://help.coccoc.com/searchengine)"
157.55.39.158 - - [28/Oct/2018:04:09:51 +0000] "GET /k/100ml+Argan+Beauty+Oil HTTP/1.1" 200 2520 "-" "Mozilla/5.0 (compatible; bingbot/2.0; +http://www.bing.com/bingbot.htm)"
157.55.39.158 - - [28/Oct/2018:04:09:51 +0000] "GET /k/%D0%92%D0%B8%D0%B4%D0%B5%D0%BE+2037+%D0%98%D0%BC%D0%BF%D0%B5%D1%80%D0%B8%D1%8F HTTP/1.1" 200 2587 "-" "Mozilla/5.0 (compatible; bingbot/2.0; +http://www.bing.com/bingbot.htm)"
157.55.39.158 - - [28/Oct/2018:04:09:51 +0000] "GET /k/Bergo+Easy?q=%2Fk%2FBergo%20Easy HTTP/1.1" 200 2502 "-" "Mozilla/5.0 (compatible; bingbot/2.0; +http://www.bing.com/bingbot.htm)"
157.55.39.158 - - [28/Oct/2018:04:09:52 +0000] "GET /k/Behrmann+Motors?q=%2Fk%2FBehrmann%20Motors HTTP/1.1" 200 2504 "-" "Mozilla/5.0 (compatible; bingbot/2.0; +http://www.bing.com/bingbot.htm)"
157.55.39.158 - - [28/Oct/2018:04:09:52 +0000] "GET /k/Buitenpost+|+Lauwers+College HTTP/1.1" 200 2520 "-" "Mozilla/5.0 (compatible; bingbot/2.0; +http://www.bing.com/bingbot.htm)"
54.36.148.228 - - [28/Oct/2018:04:09:53 +0000] "GET /video/5ba6797e10a4c85f0f6fbcbe/con-nen-mua-iphone-lock-vao-thoi-diem-nay HTTP/1.1" 200 9493 "-" "Mozilla/5.0 (compatible; AhrefsBot/5.2; +http://ahrefs.com/robot/)"
157.55.39.158 - - [28/Oct/2018:04:09:53 +0000] "GET /k/naar+Kiyoh.be HTTP/1.1" 200 2500 "-" "Mozilla/5.0 (compatible; bingbot/2.0; +http://www.bing.com/bingbot.htm)"
123.30.175.216 - - [28/Oct/2018:04:09:54 +0000] "GET /ip/166.78.74.222 HTTP/1.1" 200 3523 "-" "Mozilla/5.0 (compatible; coccocbot-web/1.0; +http://help.coccoc.com/searchengine)"
123.30.175.144 - - [28/Oct/2018:04:09:57 +0000] "GET /com/1280718/old HTTP/1.1" 200 4803 "-" "Mozilla/5.0 (compatible; coccocbot-web/1.0; +http://help.coccoc.com/searchengine)"
157.55.39.158 - - [28/Oct/2018:04:09:57 +0000] "GET /k/%0AWerner+Bommer+-+Start HTTP/1.1" 200 2520 "-" "Mozilla/5.0 (compatible; bingbot/2.0; +http://www.bing.com/bingbot.htm)"
46.229.168.130 - - [28/Oct/2018:04:09:57 +0000] "GET /vi/ha-noi/quan-ha-dong/do-thu-cong-my-nghe HTTP/1.1" 200 2540 "-" "Mozilla/5.0 (compatible; SemrushBot/2~bl; +http://www.semrush.com/bot.html)"
157.55.39.158 - - [28/Oct/2018:04:09:59 +0000] "GET /k/License+Plate+Lookup+Find+a+license+plate+owner HTTP/1.1" 200 2545 "-" "Mozilla/5.0 (compatible; bingbot/2.0; +http://www.bing.com/bingbot.htm)"
