192.0.117.236 - - [28/Oct/2018:03:41:53 +0000] "GET /video/5bc9d5995f37e35d031d8a31/paradis-amer-film-mayotte-complet-en-francais HTTP/1.1" 200 7042 "https://cungcap.net/video/5bc9d5995f37e35d031d8a31/paradis-amer-film-mayotte-complet-en-francais" "WordPress.com; https://cungcaponline.wordpress.com"
123.30.175.220 - - [28/Oct/2018:03:41:55 +0000] "GET /%C4%91i%E1%BB%87n+tho%E1%BA%A1i+iphone+5s+lock?page=75 HTTP/1.1" 200 4532 "-" "Mozilla/5.0 (compatible; coccocbot-web/1.0; +http://help.coccoc.com/searchengine)"
31.220.110.247 - - [28/Oct/2018:03:41:55 +0000] "GET /cron/index_elasticsearch HTTP/1.0" 200 36429 "-" "Wget/1.12 (linux-gnu)"
192.0.117.236 - - [28/Oct/2018:03:41:56 +0000] "HEAD /video/5bc9d5995f37e35d031d8a31/paradis-amer-film-mayotte-complet-en-francais HTTP/1.1" 200 0 "https://cungcap.net/video/5bc9d5995f37e35d031d8a31/paradis-amer-film-mayotte-complet-en-francais" "WordPress.com; https://cungcaponline.wordpress.com"
46.229.168.139 - - [28/Oct/2018:03:41:59 +0000] "GET /k/L%E1%BB%8ACH+G%E1%BB%96+T%E1%BA%BET+2019+-+X%C6%AF%E1%BB%9ENG+L%E1%BB%8ACH+G%E1%BB%96+TREO+T%C6%AF%E1%BB%9CNG+-+C%C3%94NG+TY+TNHH+S%E1%BA%A2N+XU%E1%BA%A4T+TH%C6%AF%C6%A0NG+M%E1%BA%A0I+D%E1%BB%8ACH+V%E1%BB%A4+VUVITA HTTP/1.1" 200 2738 "-" "Mozilla/5.0 (compatible; SemrushBot/2~bl; +http://www.semrush.com/bot.html)"
123.30.175.222 - - [28/Oct/2018:03:42:01 +0000] "GET /ip/107.154.230.231 HTTP/1.1" 200 3507 "-" "Mozilla/5.0 (compatible; coccocbot-web/1.0; +http://help.coccoc.com/searchengine)"
31.220.110.247 - - [28/Oct/2018:03:42:02 +0000] "GET /cron/craw_info_domain HTTP/1.0" 504 160 "-" "Wget/1.12 (linux-gnu)"
31.220.110.247 - - [28/Oct/2018:03:42:03 +0000] "GET /cron/import_affiliate HTTP/1.0" 200 363 "-" "Wget/1.12 (linux-gnu)"
46.229.168.145 - - [28/Oct/2018:03:42:04 +0000] "GET /k/Gh%E1%BA%BF+%C4%91%E1%BB%83+ch%C3%A2n+%C4%91i+v%E1%BB%87+sinh+ch%E1%BB%91ng+t%C3%A1o+b%C3%B3n+Chefman HTTP/1.1" 200 2621 "-" "Mozilla/5.0 (compatible; SemrushBot/2~bl; +http://www.semrush.com/bot.html)"
46.229.168.132 - - [28/Oct/2018:03:42:08 +0000] "GET /com/1284907/old HTTP/1.1" 200 4826 "-" "Mozilla/5.0 (compatible; SemrushBot/2~bl; +http://www.semrush.com/bot.html)"
148.64.56.67 - - [28/Oct/2018:03:42:09 +0000] "GET / HTTP/1.1" 200 3930 "-" "Mozilla/5.0 (compatible; GrapeshotCrawler/2.0; +http://www.grapeshot.co.uk/crawler.php)"
172.255.80.77 - - [28/Oct/2018:03:42:10 +0000] "GET / HTTP/1.1" 200 4801 "https://cungcap.net/" "Mozilla/5.0 (Windows NT 6.3; WOW64) AppleWebKit/537.36 (KHTML, like Gecko) Chrome/56.0.2924.90 Safari/537.36 2345Explorer/9.3.2.17331"
172.255.80.77 - - [28/Oct/2018:03:42:11 +0000] "GET /login HTTP/1.1" 200 3302 "https://cungcap.net/" "Mozilla/5.0 (Windows NT 6.3; WOW64) AppleWebKit/537.36 (KHTML, like Gecko) Chrome/56.0.2924.90 Safari/537.36 2345Explorer/9.3.2.17331"
203.113.152.3 - - [28/Oct/2018:03:42:12 +0000] "GET /k/Th%E1%BA%A3m+tr%E1%BA%A3i+s%C3%A0n+Indonesia HTTP/1.1" 200 2549 "-" "Mozilla/5.0 (Windows NT 6.1; WOW64; rv:37.0) Gecko/20100101 Firefox/37.0"
172.255.80.77 - - [28/Oct/2018:03:42:13 +0000] "POST /login HTTP/1.1" 200 96 "https://cungcap.net/login" "Mozilla/5.0 (Windows NT 6.3; WOW64) AppleWebKit/537.36 (KHTML, like Gecko) Chrome/56.0.2924.90 Safari/537.36 2345Explorer/9.3.2.17331"
172.255.80.77 - - [28/Oct/2018:03:42:13 +0000] "GET /shelleybeg HTTP/1.1" 200 2497 "https://cungcap.net/" "Mozilla/5.0 (Windows NT 6.3; WOW64) AppleWebKit/537.36 (KHTML, like Gecko) Chrome/56.0.2924.90 Safari/537.36 2345Explorer/9.3.2.17331"
54.36.148.203 - - [28/Oct/2018:03:42:14 +0000] "GET /k/Ph%C3%A2n+T%C3%ADch+Nh%E1%BA%ADn+%C4%90%E1%BB%8Bnh HTTP/1.1" 200 2562 "-" "Mozilla/5.0 (compatible; AhrefsBot/5.2; +http://ahrefs.com/robot/)"
54.36.148.219 - - [28/Oct/2018:03:42:16 +0000] "GET /keyword/Region%2BHovedstadens%2Bsundhedsv%C3%A6sen%2B-%2Bintroduktion HTTP/1.1" 200 2559 "-" "Mozilla/5.0 (compatible; AhrefsBot/5.2; +http://ahrefs.com/robot/)"
46.229.168.151 - - [28/Oct/2018:03:42:18 +0000] "GET /k/Salur+Season+Shirt HTTP/1.1" 200 2510 "-" "Mozilla/5.0 (compatible; SemrushBot/2~bl; +http://www.semrush.com/bot.html)"
123.30.175.217 - - [28/Oct/2018:03:42:18 +0000] "GET /ip/91.134.16.3 HTTP/1.1" 200 3490 "-" "Mozilla/5.0 (compatible; coccocbot-web/1.0; +http://help.coccoc.com/searchengine)"
46.229.168.147 - - [28/Oct/2018:03:42:21 +0000] "GET /binh-dinh/huyen-hoai-nhon/xa-hoai-xuan?q=%2Fbinh-dinh%2Fhuyen-hoai-nhon%2Fxa-hoai-xuan HTTP/1.1" 200 2530 "-" "Mozilla/5.0 (compatible; SemrushBot/2~bl; +http://www.semrush.com/bot.html)"
31.220.110.247 - - [28/Oct/2018:03:42:29 +0000] "GET /cron/craw_note HTTP/1.0" 200 44 "-" "Wget/1.12 (linux-gnu)"
123.30.175.219 - - [28/Oct/2018:03:42:29 +0000] "GET /com/1268635/old HTTP/1.1" 200 4893 "-" "Mozilla/5.0 (compatible; coccocbot-web/1.0; +http://help.coccoc.com/searchengine)"
123.30.175.219 - - [28/Oct/2018:03:42:30 +0000] "GET /ip/172.104.173.93 HTTP/1.1" 200 3496 "-" "Mozilla/5.0 (compatible; coccocbot-web/1.0; +http://help.coccoc.com/searchengine)"
123.30.175.219 - - [28/Oct/2018:03:42:33 +0000] "GET /com/5ba944de44ac672c562ac305/old HTTP/1.1" 200 31 "-" "Mozilla/5.0 (compatible; coccocbot-web/1.0; +http://help.coccoc.com/searchengine)"
46.229.168.135 - - [28/Oct/2018:03:42:37 +0000] "GET /k/PLUS+Verbeeten+PLUSVerbeeten+Twitter HTTP/1.1" 200 2524 "-" "Mozilla/5.0 (compatible; SemrushBot/2~bl; +http://www.semrush.com/bot.html)"
203.113.152.8 - - [28/Oct/2018:03:42:37 +0000] "GET /k/Nh%C3%A0+M%C3%A1y+%C4%90i%E1%BB%87n+Nguy%C3%AAn+T%E1%BB%AD HTTP/1.1" 200 2574 "-" "Mozilla/5.0 (Windows NT 6.1; WOW64; rv:37.0) Gecko/20100101 Firefox/37.0"
46.229.168.143 - - [28/Oct/2018:03:42:41 +0000] "GET /company/1287981-cong-ty-trach-nhiem-huu-han-tinh-chinh HTTP/1.1" 302 339 "-" "Mozilla/5.0 (compatible; SemrushBot/2~bl; +http://www.semrush.com/bot.html)"
46.229.168.146 - - [28/Oct/2018:03:42:44 +0000] "GET /com/1287981/old HTTP/1.1" 200 4828 "-" "Mozilla/5.0 (compatible; SemrushBot/2~bl; +http://www.semrush.com/bot.html)"
123.30.175.221 - - [28/Oct/2018:03:42:47 +0000] "GET /ip/212.83.130.193 HTTP/1.1" 200 3532 "-" "Mozilla/5.0 (compatible; coccocbot-web/1.0; +http://help.coccoc.com/searchengine)"
46.229.168.131 - - [28/Oct/2018:03:42:47 +0000] "GET /kon-tum/huyen-ngoc-hoi/khu-cong-nghiep-cua-khau-quoc-te-bo-y HTTP/1.1" 200 2566 "-" "Mozilla/5.0 (compatible; SemrushBot/2~bl; +http://www.semrush.com/bot.html)"
31.220.110.247 - - [28/Oct/2018:03:42:50 +0000] "GET /cron/get_dns_record_domain HTTP/1.0" 200 179 "-" "Wget/1.12 (linux-gnu)"
54.36.148.51 - - [28/Oct/2018:03:42:50 +0000] "GET /vinh-long/huyen-long-ho/xa-long-an HTTP/1.1" 200 2527 "-" "Mozilla/5.0 (compatible; AhrefsBot/5.2; +http://ahrefs.com/robot/)"
46.229.168.132 - - [28/Oct/2018:03:42:51 +0000] "GET /vi/ha-tinh/thi-xa-ky-anh/xa-ky-phuong/thuc-pham-sua-do-uong HTTP/1.1" 200 2557 "-" "Mozilla/5.0 (compatible; SemrushBot/2~bl; +http://www.semrush.com/bot.html)"
31.220.110.247 - - [28/Oct/2018:03:42:55 +0000] "GET /cron/index_elasticsearch HTTP/1.0" 200 35921 "-" "Wget/1.12 (linux-gnu)"
203.113.152.3 - - [28/Oct/2018:03:42:56 +0000] "GET /k/Nh%E1%BA%ADn+bi%E1%BA%BFt+s%E1%BB%9Bm+ch%E1%BB%A9ng+tr%E1%BA%A7m+c%E1%BA%A3m+sau+sinh HTTP/1.1" 200 2592 "-" "Mozilla/5.0 (Windows NT 6.1; WOW64; rv:37.0) Gecko/20100101 Firefox/37.0"
123.30.175.221 - - [28/Oct/2018:03:42:57 +0000] "GET /com/5ba943af44ac6733bc1177f5/old HTTP/1.1" 200 31 "-" "Mozilla/5.0 (compatible; coccocbot-web/1.0; +http://help.coccoc.com/searchengine)"
54.36.148.218 - - [28/Oct/2018:03:42:58 +0000] "GET /keyword/Email%2BHosting%2B-Low%2BCost%2BEmail%2BHosting%2Bfrom%2B%241.99%2Fmonth%2B%7C%2BOpenHost HTTP/1.1" 200 2585 "-" "Mozilla/5.0 (compatible; AhrefsBot/5.2; +http://ahrefs.com/robot/)"
123.30.175.221 - - [28/Oct/2018:03:42:58 +0000] "GET /com/5ba9446144ac67352540afe9/old HTTP/1.1" 200 31 "-" "Mozilla/5.0 (compatible; coccocbot-web/1.0; +http://help.coccoc.com/searchengine)"
123.30.175.146 - - [28/Oct/2018:03:43:02 +0000] "GET /ip/2606:4700:30::681c:d2e HTTP/1.1" 200 3534 "-" "Mozilla/5.0 (compatible; coccocbot-web/1.0; +http://help.coccoc.com/searchengine)"
31.220.110.247 - - [28/Oct/2018:03:43:03 +0000] "GET /cron/import_affiliate HTTP/1.0" 200 950 "-" "Wget/1.12 (linux-gnu)"
46.229.168.143 - - [28/Oct/2018:03:43:10 +0000] "GET /site/5bbdf1ed10a4c810a549b769/gymnasium-hittfeld-linkedin HTTP/1.1" 200 3774 "-" "Mozilla/5.0 (compatible; SemrushBot/2~bl; +http://www.semrush.com/bot.html)"
123.30.175.217 - - [28/Oct/2018:03:43:10 +0000] "GET /com/5ba93fb644ac67342247cc5f/old HTTP/1.1" 200 31 "-" "Mozilla/5.0 (compatible; coccocbot-web/1.0; +http://help.coccoc.com/searchengine)"
46.229.168.143 - - [28/Oct/2018:03:43:13 +0000] "GET /site/5bbdf1ed10a4c810a549b769/gymnasium-hittfeld-linkedin HTTP/1.1" 200 3775 "-" "Mozilla/5.0 (compatible; SemrushBot/2~bl; +http://www.semrush.com/bot.html)"
123.30.175.216 - - [28/Oct/2018:03:43:14 +0000] "GET /gi%C3%A1+%C4%91i%E1%BB%87n+tho%E1%BA%A1i+nokia+kh%C3%B4ng+c%E1%BA%A3m+%E1%BB%A9ng?page=748 HTTP/1.1" 200 4513 "-" "Mozilla/5.0 (compatible; coccocbot-web/1.0; +http://help.coccoc.com/searchengine)"
122.7.206.56 - - [28/Oct/2018:03:43:16 +0000] "GET /k/Home+ES+-+blog.infofeina.com HTTP/1.1" 200 6856 "-" "Mozilla/5.0 (Windows NT 10.0; Win64; x64) AppleWebKit/537.36 (KHTML, like Gecko) Chrome/51.0.2704.106 Safari/537.36"
54.36.148.118 - - [28/Oct/2018:03:43:19 +0000] "GET /vi/soc-trang/thanh-pho-soc-trang HTTP/1.1" 200 2519 "-" "Mozilla/5.0 (compatible; AhrefsBot/5.2; +http://ahrefs.com/robot/)"
46.229.168.152 - - [28/Oct/2018:03:43:20 +0000] "GET /can-tho/quan-thot-not/xa-vinh-trinh HTTP/1.1" 200 2531 "-" "Mozilla/5.0 (compatible; SemrushBot/2~bl; +http://www.semrush.com/bot.html)"
31.220.110.247 - - [28/Oct/2018:03:43:26 +0000] "GET /cron/craw_note HTTP/1.0" 200 44 "-" "Wget/1.12 (linux-gnu)"
203.113.152.5 - - [28/Oct/2018:03:43:27 +0000] "GET /k/Discovery+So+Freaky! HTTP/1.1" 200 2512 "-" "Mozilla/5.0 (Windows NT 6.1; WOW64; rv:37.0) Gecko/20100101 Firefox/37.0"
123.30.175.217 - - [28/Oct/2018:03:43:28 +0000] "GET /com/5bacd2fc10a4c85f8f2eba20/cong-ty-tnhh-dau-tu-va-thuong-mai-quy-hoa HTTP/1.1" 200 4794 "-" "Mozilla/5.0 (compatible; coccocbot-web/1.0; +http://help.coccoc.com/searchengine)"
5.196.87.37 - - [28/Oct/2018:03:43:29 +0000] "GET /santiago-de-cuba/category/me-va-be_c8594?q=%2Fsantiago-de-cuba%2Fcategory%2Fme-va-be_c8594 HTTP/1.1" 200 2535 "-" "Mozilla/5.0 (compatible; AhrefsBot/5.2; +http://ahrefs.com/robot/)"
123.30.175.218 - - [28/Oct/2018:03:43:31 +0000] "GET /com/5ba946bb44ac67342247d786/old HTTP/1.1" 200 31 "-" "Mozilla/5.0 (compatible; coccocbot-web/1.0; +http://help.coccoc.com/searchengine)"
46.229.168.143 - - [28/Oct/2018:03:43:31 +0000] "GET /k/Praka+BSK+AU HTTP/1.1" 200 2513 "-" "Mozilla/5.0 (compatible; SemrushBot/2~bl; +http://www.semrush.com/bot.html)"
123.30.175.218 - - [28/Oct/2018:03:43:33 +0000] "GET /com/1261865/old HTTP/1.1" 200 4776 "-" "Mozilla/5.0 (compatible; coccocbot-web/1.0; +http://help.coccoc.com/searchengine)"
54.36.148.165 - - [28/Oct/2018:03:43:34 +0000] "GET /k/2017+Thor+Ragnarok+Valkyrie+Cosplay+Costume+Black+Jacket+Women+Battle+Suit+Halloween+Uniform+Top+Only HTTP/1.1" 200 2613 "-" "Mozilla/5.0 (compatible; AhrefsBot/5.2; +http://ahrefs.com/robot/)"
123.30.175.219 - - [28/Oct/2018:03:43:36 +0000] "GET /com/5ba9406844ac672c562aaa4c/old HTTP/1.1" 200 31 "-" "Mozilla/5.0 (compatible; coccocbot-web/1.0; +http://help.coccoc.com/searchengine)"
123.30.175.147 - - [28/Oct/2018:03:43:38 +0000] "GET /product/5bd2a56b5f37e30fd44fe9c4/ao-khoac-nhe-mong-nu-mua-he-oversize-2-mau-ong-rong-savvytongkhoquanao HTTP/1.1" 200 5285 "-" "Mozilla/5.0 (compatible; coccocbot-web/1.0; +http://help.coccoc.com/searchengine)"
46.229.168.143 - - [28/Oct/2018:03:43:42 +0000] "GET /site/5bbc3ddd10a4c81f0b526b1f/job-plasterer-mannekensvere-foreignaccentjobsbe HTTP/1.1" 200 4168 "-" "Mozilla/5.0 (compatible; SemrushBot/2~bl; +http://www.semrush.com/bot.html)"
123.30.175.220 - - [28/Oct/2018:03:43:44 +0000] "GET /ip/85.236.46.224 HTTP/1.1" 200 3525 "-" "Mozilla/5.0 (compatible; coccocbot-web/1.0; +http://help.coccoc.com/searchengine)"
46.229.168.143 - - [28/Oct/2018:03:43:44 +0000] "GET /site/5bbc3ddd10a4c81f0b526b1f/job-plasterer-mannekensvere-foreignaccentjobsbe HTTP/1.1" 200 4172 "-" "Mozilla/5.0 (compatible; SemrushBot/2~bl; +http://www.semrush.com/bot.html)"
31.220.110.247 - - [28/Oct/2018:03:43:48 +0000] "GET /cron/get_dns_record_domain HTTP/1.0" 200 179 "-" "Wget/1.12 (linux-gnu)"
46.229.168.142 - - [28/Oct/2018:03:43:48 +0000] "GET /k/M%C3%A1y+in+phun+m%C3%A0u+Epson+L1300 HTTP/1.1" 200 2545 "-" "Mozilla/5.0 (compatible; SemrushBot/2~bl; +http://www.semrush.com/bot.html)"
94.130.167.110 - - [28/Oct/2018:03:43:50 +0000] "GET /video/5bc9d5995f37e35d031d8a31/paradis-amer-film-mayotte-complet-en-francais HTTP/1.1" 200 7040 "-" "Mozilla/5.0 (Windows; U; Windows NT 6.1; ar; rv:1.9.2) Gecko/20100115 Firefox/52.0"
46.229.168.146 - - [28/Oct/2018:03:43:53 +0000] "GET /k/Time+Out+Counseling+Services HTTP/1.1" 200 2519 "-" "Mozilla/5.0 (compatible; SemrushBot/2~bl; +http://www.semrush.com/bot.html)"
31.220.110.247 - - [28/Oct/2018:03:43:54 +0000] "GET /cron/index_elasticsearch HTTP/1.0" 200 38794 "-" "Wget/1.12 (linux-gnu)"
123.30.175.221 - - [28/Oct/2018:03:43:55 +0000] "GET /com/1284542/old HTTP/1.1" 200 4841 "-" "Mozilla/5.0 (compatible; coccocbot-web/1.0; +http://help.coccoc.com/searchengine)"
46.229.168.137 - - [28/Oct/2018:03:43:55 +0000] "GET /ninh-binh/huyen-kim-son/xa-dinh-hoa?q=%2Fninh-binh%2Fhuyen-kim-son%2Fxa-dinh-hoa HTTP/1.1" 200 2532 "-" "Mozilla/5.0 (compatible; SemrushBot/2~bl; +http://www.semrush.com/bot.html)"
54.36.148.232 - - [28/Oct/2018:03:43:56 +0000] "GET /k/The+Business+2+0+Pre+Intermediate+B1+Student+Book+Pack HTTP/1.1" 200 2561 "-" "Mozilla/5.0 (compatible; AhrefsBot/5.2; +http://ahrefs.com/robot/)"
123.30.175.221 - - [28/Oct/2018:03:43:56 +0000] "GET /com/1276167/old HTTP/1.1" 200 4755 "-" "Mozilla/5.0 (compatible; coccocbot-web/1.0; +http://help.coccoc.com/searchengine)"
46.229.168.131 - - [28/Oct/2018:03:43:58 +0000] "GET /k/%D0%9E%D1%84%D0%B8%D1%86%D0%B8%D0%B0%D0%BB%D1%8C%D0%BD%D1%8B%D0%B9+%D1%81%D0%B0%D0%B9%D1%82+%D0%93%D0%91%D0%9E%D0%A3+%D0%A8%D0%BA%D0%BE%D0%BB%D0%B0+45+%D0%B3%D0%BE%D1%80%D0%BE%D0%B4%D0%B0+%D0%9C%D0%BE%D1%81%D0%BA%D0%B2%D1%8B HTTP/1.1" 200 2718 "-" "Mozilla/5.0 (compatible; SemrushBot/2~bl; +http://www.semrush.com/bot.html)"
46.229.168.131 - - [28/Oct/2018:03:44:02 +0000] "GET /company/1255391-cong-ty-tnhh-sxtm-hoang-quan HTTP/1.1" 302 339 "-" "Mozilla/5.0 (compatible; SemrushBot/2~bl; +http://www.semrush.com/bot.html)"
31.220.110.247 - - [28/Oct/2018:03:44:03 +0000] "GET /cron/import_affiliate HTTP/1.0" 200 1008 "-" "Wget/1.12 (linux-gnu)"
40.77.167.92 - - [28/Oct/2018:03:44:04 +0000] "GET /k/Download+s%C3%A1ch+Combo+Truy%E1%BB%87n+V%C3%A0+Th%C6%A1+Thi%E1%BA%BFu+Nhi+Sputnik+5+Cu%E1%BB%91n HTTP/1.1" 200 2625 "-" "Mozilla/5.0 (compatible; bingbot/2.0; +http://www.bing.com/bingbot.htm)"
88.99.195.199 - - [28/Oct/2018:03:44:04 +0000] "GET /video/5bc9d59d5f37e35d031d8a32/filles-malgache-a-mayotte HTTP/1.1" 200 6889 "-" "Mozilla/5.0 (X11; U; Linux i686; de-DE; rv:1.7.5) Gecko/20041108 Firefox/52.6.0"
40.77.167.92 - - [28/Oct/2018:03:44:05 +0000] "GET /d/helpfreely.org HTTP/1.1" 301 339 "-" "Mozilla/5.0 (compatible; bingbot/2.0; +http://www.bing.com/bingbot.htm)"
40.77.167.92 - - [28/Oct/2018:03:44:07 +0000] "GET /k/Kredite+auch+bei+negativer+Schufa+oder+Schulden HTTP/1.1" 200 2547 "-" "Mozilla/5.0 (compatible; bingbot/2.0; +http://www.bing.com/bingbot.htm)"
46.229.168.149 - - [28/Oct/2018:03:44:07 +0000] "GET /VE/amazonas/category/quan-ao-giay-dep-my-pham_c8588 HTTP/1.1" 200 2548 "-" "Mozilla/5.0 (compatible; SemrushBot/2~bl; +http://www.semrush.com/bot.html)"
31.220.110.247 - - [28/Oct/2018:03:44:07 +0000] "GET /cron/craw_info_domain HTTP/1.0" 200 39 "-" "Wget/1.12 (linux-gnu)"
40.77.167.92 - - [28/Oct/2018:03:44:08 +0000] "GET /k/View+Menu?q=%2Fk%2FView%20Menu HTTP/1.1" 200 2503 "-" "Mozilla/5.0 (compatible; bingbot/2.0; +http://www.bing.com/bingbot.htm)"
40.77.167.92 - - [28/Oct/2018:03:44:08 +0000] "GET /k/C%C3%B4ng+Ty+Truy%E1%BB%81n+Th%C3%B4ng+Th%C6%B0%C6%A1ng+Hi%E1%BB%87u+Vi%E1%BB%87t+Nam+-+Brandcom HTTP/1.1" 200 2617 "-" "Mozilla/5.0 (compatible; bingbot/2.0; +http://www.bing.com/bingbot.htm)"
40.77.167.92 - - [28/Oct/2018:03:44:10 +0000] "GET /k/Baja HTTP/1.1" 200 2496 "-" "Mozilla/5.0 (compatible; bingbot/2.0; +http://www.bing.com/bingbot.htm)"
40.77.167.92 - - [28/Oct/2018:03:44:10 +0000] "GET /k/Beso+-+Shopping+Ideas+Style+Inspiration?q=%2Fk%2FBeso%20-%20Shopping%20Ideas%20Style%20Inspiration HTTP/1.1" 200 2533 "-" "Mozilla/5.0 (compatible; bingbot/2.0; +http://www.bing.com/bingbot.htm)"
40.77.167.92 - - [28/Oct/2018:03:44:11 +0000] "GET /k/Gold+Eagle+Gold+Price+Charts+News+Analysis+Live+Gold+Rates HTTP/1.1" 200 2557 "-" "Mozilla/5.0 (compatible; bingbot/2.0; +http://www.bing.com/bingbot.htm)"
31.220.110.247 - - [28/Oct/2018:03:44:12 +0000] "GET /cron/craw_note HTTP/1.0" 200 44 "-" "Wget/1.12 (linux-gnu)"
123.30.175.220 - - [28/Oct/2018:03:44:12 +0000] "GET /ip/52.1.22.66 HTTP/1.1" 200 3547 "-" "Mozilla/5.0 (compatible; coccocbot-web/1.0; +http://help.coccoc.com/searchengine)"
95.108.213.27 - - [28/Oct/2018:03:44:12 +0000] "GET /k/5+S%C4%B1n%C4%B1f+Kitap+S%C4%B1n%C4%B1f+G%C3%BCn%C4%B1%C5%9F%C4%B1%C4%9F%C4%B1+Kitapl%C4%B1%C4%9F%C4%B1 HTTP/1.1" 200 2583 "-" "Mozilla/5.0 (compatible; YandexBot/3.0; +http://yandex.com/bots)"
40.77.167.92 - - [28/Oct/2018:03:44:13 +0000] "GET /k/IPTV+GATOR+MOST+WANTED+PREMIUM+IPTV+SERVERS?q=%2Fk%2FIPTV%20GATOR%20MOST%20WANTED%20PREMIUM%20IPTV%20SERVERS HTTP/1.1" 200 2556 "-" "Mozilla/5.0 (compatible; bingbot/2.0; +http://www.bing.com/bingbot.htm)"
40.77.167.92 - - [28/Oct/2018:03:44:14 +0000] "GET /k/Pledge?q=%2Fk%2FPledge HTTP/1.1" 200 2497 "-" "Mozilla/5.0 (compatible; bingbot/2.0; +http://www.bing.com/bingbot.htm)"
40.77.167.92 - - [28/Oct/2018:03:44:15 +0000] "GET /k/SingaporeGP+%28@F1NightRace%29+Twitter HTTP/1.1" 200 2534 "-" "Mozilla/5.0 (compatible; bingbot/2.0; +http://www.bing.com/bingbot.htm)"
46.229.168.136 - - [28/Oct/2018:03:44:15 +0000] "GET /com/1255391/old HTTP/1.1" 200 4776 "-" "Mozilla/5.0 (compatible; SemrushBot/2~bl; +http://www.semrush.com/bot.html)"
40.77.167.92 - - [28/Oct/2018:03:44:15 +0000] "GET /k/1+Jangan+bosan+lakukan+promosi HTTP/1.1" 200 2530 "-" "Mozilla/5.0 (compatible; bingbot/2.0; +http://www.bing.com/bingbot.htm)"
123.30.175.220 - - [28/Oct/2018:03:44:15 +0000] "GET /%C4%91i%E1%BB%87n+tho%E1%BA%A1i+nokia+6.1+plus+review?page=660 HTTP/1.1" 200 5286 "-" "Mozilla/5.0 (compatible; coccocbot-web/1.0; +http://help.coccoc.com/searchengine)"
40.77.167.92 - - [28/Oct/2018:03:44:16 +0000] "GET /k/Back+to+site?q=%2Fk%2FBack%20to%20site HTTP/1.1" 200 2507 "-" "Mozilla/5.0 (compatible; bingbot/2.0; +http://www.bing.com/bingbot.htm)"
40.77.167.92 - - [28/Oct/2018:03:44:16 +0000] "GET /k/INFO+UMUM HTTP/1.1" 200 2504 "-" "Mozilla/5.0 (compatible; bingbot/2.0; +http://www.bing.com/bingbot.htm)"
40.77.167.92 - - [28/Oct/2018:03:44:16 +0000] "GET /k/SUPER-JLINK+V9+Full+Function+ARM+V9+Emulator+STM32+Emulator?q=%2Fk%2FSUPER-JLINK%20V9%20Full%20Function%20ARM%20V9%20Emulator%20STM32%20Emulator HTTP/1.1" 200 2565 "-" "Mozilla/5.0 (iPhone; CPU iPhone OS 7_0 like Mac OS X) AppleWebKit/537.51.1 (KHTML, like Gecko) Version/7.0 Mobile/11A465 Safari/9537.53 (compatible; bingbot/2.0; +http://www.bing.com/bingbot.htm)"
40.77.167.92 - - [28/Oct/2018:03:44:17 +0000] "GET /k/Los+Angeles+County+Office+of+Cannabis+Management HTTP/1.1" 200 2548 "-" "Mozilla/5.0 (iPhone; CPU iPhone OS 7_0 like Mac OS X) AppleWebKit/537.51.1 (KHTML, like Gecko) Version/7.0 Mobile/11A465 Safari/9537.53 (compatible; bingbot/2.0; +http://www.bing.com/bingbot.htm)"
40.77.167.92 - - [28/Oct/2018:03:44:17 +0000] "GET /k/Car+Tech?q=%2Fk%2FCar%20Tech HTTP/1.1" 200 2502 "-" "Mozilla/5.0 (iPhone; CPU iPhone OS 7_0 like Mac OS X) AppleWebKit/537.51.1 (KHTML, like Gecko) Version/7.0 Mobile/11A465 Safari/9537.53 (compatible; bingbot/2.0; +http://www.bing.com/bingbot.htm)"
123.30.175.220 - - [28/Oct/2018:03:44:17 +0000] "GET /%C4%91i%E1%BB%87n+tho%E1%BA%A1i+nokia+1202+gi%C3%A1+r%E1%BA%BB+t%E1%BA%A1i+%C4%91%C3%A0+n%E1%BA%B5ng?page=91 HTTP/1.1" 200 4806 "-" "Mozilla/5.0 (compatible; coccocbot-web/1.0; +http://help.coccoc.com/searchengine)"
46.229.168.134 - - [28/Oct/2018:03:44:17 +0000] "GET /vi/ha-noi/huyen-gia-lam/khu-cong-nghiep-tap-trung-vua-va-nho-phu-thi/du-lich HTTP/1.1" 200 2582 "-" "Mozilla/5.0 (compatible; SemrushBot/2~bl; +http://www.semrush.com/bot.html)"
40.77.167.92 - - [28/Oct/2018:03:44:17 +0000] "GET /k/Atr%C3%A9vete+a+ser+feliz+C%C3%B3mo+se+mide+la+vida HTTP/1.1" 200 2566 "-" "Mozilla/5.0 (iPhone; CPU iPhone OS 7_0 like Mac OS X) AppleWebKit/537.51.1 (KHTML, like Gecko) Version/7.0 Mobile/11A465 Safari/9537.53 (compatible; bingbot/2.0; +http://www.bing.com/bingbot.htm)"
40.77.167.92 - - [28/Oct/2018:03:44:18 +0000] "GET /k/Pour+nous+soutenir HTTP/1.1" 200 2509 "-" "Mozilla/5.0 (iPhone; CPU iPhone OS 7_0 like Mac OS X) AppleWebKit/537.51.1 (KHTML, like Gecko) Version/7.0 Mobile/11A465 Safari/9537.53 (compatible; bingbot/2.0; +http://www.bing.com/bingbot.htm)"
40.77.167.92 - - [28/Oct/2018:03:44:19 +0000] "GET /k/I+enter+my+request?q=%2Fk%2FI%20enter%20my%20request HTTP/1.1" 200 2512 "-" "Mozilla/5.0 (iPhone; CPU iPhone OS 7_0 like Mac OS X) AppleWebKit/537.51.1 (KHTML, like Gecko) Version/7.0 Mobile/11A465 Safari/9537.53 (compatible; bingbot/2.0; +http://www.bing.com/bingbot.htm)"
40.77.167.92 - - [28/Oct/2018:03:44:20 +0000] "GET /k/Atenci%C3%B3n+Cliente+Listado+Telef%C3%B3nos+de+atenci%C3%B3n+al+cliente HTTP/1.1" 200 2569 "-" "Mozilla/5.0 (iPhone; CPU iPhone OS 7_0 like Mac OS X) AppleWebKit/537.51.1 (KHTML, like Gecko) Version/7.0 Mobile/11A465 Safari/9537.53 (compatible; bingbot/2.0; +http://www.bing.com/bingbot.htm)"
46.229.168.145 - - [28/Oct/2018:03:44:21 +0000] "GET /vi/company/1242308-cong-ty-tnhh-mot-thanh-vien-thuong-mai-dich-vu-xay-dung-co-dien-phuoc-thinh HTTP/1.1" 200 2600 "-" "Mozilla/5.0 (compatible; SemrushBot/2~bl; +http://www.semrush.com/bot.html)"
40.77.167.92 - - [28/Oct/2018:03:44:22 +0000] "GET / HTTP/1.1" 200 4800 "-" "Mozilla/5.0 (compatible; bingbot/2.0; +http://www.bing.com/bingbot.htm)"
40.77.167.92 - - [28/Oct/2018:03:44:22 +0000] "GET /d/saofranciscolabs.com.br HTTP/1.1" 301 375 "-" "Mozilla/5.0 (compatible; bingbot/2.0; +http://www.bing.com/bingbot.htm)"
5.196.87.15 - - [28/Oct/2018:03:44:23 +0000] "GET /keyword/Shop%2Bauto%2BH%C3%A0%2BN%E1%BB%99i HTTP/1.1" 200 2547 "-" "Mozilla/5.0 (compatible; AhrefsBot/5.2; +http://ahrefs.com/robot/)"
40.77.167.92 - - [28/Oct/2018:03:44:23 +0000] "GET /k/%C3%81O+S%C6%A0+MI+N%E1%BB%AE+ULZZANG HTTP/1.1" 200 2560 "-" "Mozilla/5.0 (compatible; bingbot/2.0; +http://www.bing.com/bingbot.htm)"
54.36.149.44 - - [28/Oct/2018:03:44:23 +0000] "GET /com/5bacd50a10a4c862bb67d0f2/cong-ty-co-phan-moi-truong-eco-viet-nam HTTP/1.1" 200 4825 "-" "Mozilla/5.0 (compatible; AhrefsBot/5.2; +http://ahrefs.com/robot/)"
40.77.167.92 - - [28/Oct/2018:03:44:24 +0000] "GET /k/Atteenahijab+Nafisa+Demetria+-+Putih+Tulang HTTP/1.1" 200 2541 "-" "Mozilla/5.0 (compatible; bingbot/2.0; +http://www.bing.com/bingbot.htm)"
46.229.168.140 - - [28/Oct/2018:03:44:24 +0000] "GET /go/5bab0d4b44ac6742ee0d98a3/oliverwymancom HTTP/1.1" 200 1897 "-" "Mozilla/5.0 (compatible; SemrushBot/2~bl; +http://www.semrush.com/bot.html)"
40.77.167.92 - - [28/Oct/2018:03:44:24 +0000] "GET /d/springest.nl HTTP/1.1" 301 331 "-" "Mozilla/5.0 (compatible; bingbot/2.0; +http://www.bing.com/bingbot.htm)"
40.77.167.92 - - [28/Oct/2018:03:44:25 +0000] "GET /d/mtroyal.ca HTTP/1.1" 301 323 "-" "Mozilla/5.0 (compatible; bingbot/2.0; +http://www.bing.com/bingbot.htm)"
40.77.167.92 - - [28/Oct/2018:03:44:25 +0000] "GET /k/%C3%81o+Y%C3%AAu+Th%C6%B0%C6%A1ng+%E2%80%93+B%E1%BB%99+S%C6%B0u+T%E1%BA%ADp+%C3%81o+Thun+%C4%90%E1%BB%93ng+Ph%E1%BB%A5c+Gia+%C4%90%C3%ACnh+Hot+... HTTP/1.1" 200 2689 "-" "Mozilla/5.0 (compatible; bingbot/2.0; +http://www.bing.com/bingbot.htm)"
40.77.167.92 - - [28/Oct/2018:03:44:25 +0000] "GET /k/Bus+transportnsw+info HTTP/1.1" 200 2511 "-" "Mozilla/5.0 (compatible; bingbot/2.0; +http://www.bing.com/bingbot.htm)"
40.77.167.92 - - [28/Oct/2018:03:44:26 +0000] "GET /k/%C3%81o+thun+noel HTTP/1.1" 200 2517 "-" "Mozilla/5.0 (compatible; bingbot/2.0; +http://www.bing.com/bingbot.htm)"
46.229.168.129 - - [28/Oct/2018:03:44:27 +0000] "GET /hai-phong/quan-le-chan/phuong-lam-son HTTP/1.1" 200 2537 "-" "Mozilla/5.0 (compatible; SemrushBot/2~bl; +http://www.semrush.com/bot.html)"
40.77.167.92 - - [28/Oct/2018:03:44:29 +0000] "GET /PE/company?q=%2FPE%2Fcompany HTTP/1.1" 200 2496 "-" "Mozilla/5.0 (compatible; bingbot/2.0; +http://www.bing.com/bingbot.htm)"
40.77.167.92 - - [28/Oct/2018:03:44:30 +0000] "GET /k/12+%D0%98%D0%BD%D1%81%D1%82%D1%80%D1%83%D0%BC%D0%B5%D0%BD%D1%82%D0%BE%D0%B2+SEO+%D0%B0%D0%BD%D0%B0%D0%BB%D0%B8%D0%B7%D0%B0+%D1%82%D0%B5%D0%BA%D1%81%D1%82%D0%BE%D0%B2+%D0%B8+%D1%81%D1%82%D1%80%D1%83%D0%BA%D1%82%D1%83%D1%80%D1%8B+%D1%81%D0%B0%D0%B9%D1%82%D0%B0 HTTP/1.1" 200 2710 "-" "Mozilla/5.0 (compatible; bingbot/2.0; +http://www.bing.com/bingbot.htm)"
40.77.167.92 - - [28/Oct/2018:03:44:31 +0000] "GET /k/CABI+Plantwise+-+YouTube HTTP/1.1" 200 2518 "-" "Mozilla/5.0 (compatible; bingbot/2.0; +http://www.bing.com/bingbot.htm)"
203.113.152.2 - - [28/Oct/2018:03:44:31 +0000] "GET /k/Trang+ch%E1%BB%A7+-+Orderqc.com HTTP/1.1" 200 2529 "-" "Mozilla/5.0 (Windows NT 6.1; WOW64; rv:37.0) Gecko/20100101 Firefox/37.0"
40.77.167.92 - - [28/Oct/2018:03:44:32 +0000] "GET /k/Book+your+table+online+-+DinnerBooking HTTP/1.1" 200 2526 "-" "Mozilla/5.0 (compatible; bingbot/2.0; +http://www.bing.com/bingbot.htm)"
203.113.152.2 - - [28/Oct/2018:03:44:32 +0000] "GET /k/Lao+%C4%90%E1%BB%99ng+V%C3%A0+Bi%E1%BB%83n+C%E1%BA%A3 HTTP/1.1" 200 2564 "-" "Mozilla/5.0 (Windows NT 6.1; WOW64; rv:37.0) Gecko/20100101 Firefox/37.0"
203.113.152.2 - - [28/Oct/2018:03:44:32 +0000] "GET /k/Iris+Top HTTP/1.1" 200 2502 "-" "Mozilla/5.0 (Windows NT 6.1; WOW64; rv:37.0) Gecko/20100101 Firefox/37.0"
203.113.152.2 - - [28/Oct/2018:03:44:33 +0000] "GET /k/C%C3%A0+ph%C3%AA+h%E1%BA%A1t+Arabica+Pha+M%C3%A1y HTTP/1.1" 200 2564 "-" "Mozilla/5.0 (Windows NT 6.1; WOW64; rv:37.0) Gecko/20100101 Firefox/37.0"
40.77.167.92 - - [28/Oct/2018:03:44:33 +0000] "GET /d/beeli.swiss HTTP/1.1" 301 327 "-" "Mozilla/5.0 (compatible; bingbot/2.0; +http://www.bing.com/bingbot.htm)"
46.229.168.144 - - [28/Oct/2018:03:44:33 +0000] "GET /vi/company/1263651-cong-ty-co-phan-giao-duc-va-dao-tao-quoc-hung HTTP/1.1" 200 2570 "-" "Mozilla/5.0 (compatible; SemrushBot/2~bl; +http://www.semrush.com/bot.html)"
203.113.152.4 - - [28/Oct/2018:03:44:34 +0000] "GET /k/%0D%0A%09Th%C3%B4ng+tin+chuy%C3%AAn+ng%C3%A0nh+Xi+m%C4%83ng+Vi%E1%BB%87t+Nam%0D%0A HTTP/1.1" 200 2605 "-" "Mozilla/5.0 (Windows NT 6.1; WOW64; rv:37.0) Gecko/20100101 Firefox/37.0"
40.77.167.92 - - [28/Oct/2018:03:44:34 +0000] "GET /com/1288450/old HTTP/1.1" 200 4843 "-" "Mozilla/5.0 (compatible; bingbot/2.0; +http://www.bing.com/bingbot.htm)"
40.77.167.92 - - [28/Oct/2018:03:44:35 +0000] "GET /d/nhannghia.net HTTP/1.1" 301 335 "-" "Mozilla/5.0 (compatible; bingbot/2.0; +http://www.bing.com/bingbot.htm)"
123.30.175.219 - - [28/Oct/2018:03:44:36 +0000] "GET /ip/5.196.187.147 HTTP/1.1" 200 3555 "-" "Mozilla/5.0 (compatible; coccocbot-web/1.0; +http://help.coccoc.com/searchengine)"
54.36.148.191 - - [28/Oct/2018:03:44:37 +0000] "GET /video/5ba36fb810a4c87581065c74/12-tinh-nang-hay-va-doc-dao-tren-oppo-a3s HTTP/1.1" 200 9052 "-" "Mozilla/5.0 (compatible; AhrefsBot/5.2; +http://ahrefs.com/robot/)"
54.36.148.21 - - [28/Oct/2018:03:44:38 +0000] "GET /bac-ninh/thi-xa-tu-son/company?q=%2Fbac-ninh%2Fthi-xa-tu-son%2Fcompany HTTP/1.1" 200 2519 "-" "Mozilla/5.0 (compatible; AhrefsBot/5.2; +http://ahrefs.com/robot/)"
31.220.110.247 - - [28/Oct/2018:03:44:40 +0000] "GET /cron/get_dns_record_domain HTTP/1.0" 200 206 "-" "Wget/1.12 (linux-gnu)"
123.30.175.215 - - [28/Oct/2018:03:44:45 +0000] "GET /ip/2606:4700:30::681b:9ffe HTTP/1.1" 200 3574 "-" "Mozilla/5.0 (compatible; coccocbot-web/1.0; +http://help.coccoc.com/searchengine)"
40.77.167.92 - - [28/Oct/2018:03:44:45 +0000] "GET /PL/kielce/chanel?q=%2FPL%2Fkielce%2Fchanel HTTP/1.1" 200 2502 "-" "Mozilla/5.0 (compatible; bingbot/2.0; +http://www.bing.com/bingbot.htm)"
123.30.175.215 - - [28/Oct/2018:03:44:47 +0000] "GET /%C4%91i%E1%BB%87n+tho%E1%BA%A1i+nokia+1280+b%C3%A1o+kh%C3%B4ng+s%E1%BA%A1c+%C4%91%C6%B0%E1%BB%A3c?page=1272 HTTP/1.1" 500 6120 "-" "Mozilla/5.0 (compatible; coccocbot-web/1.0; +http://help.coccoc.com/searchengine)"
40.77.167.92 - - [28/Oct/2018:03:44:47 +0000] "GET /k/Broad+City HTTP/1.1" 200 2502 "-" "Mozilla/5.0 (compatible; bingbot/2.0; +http://www.bing.com/bingbot.htm)"
123.30.175.215 - - [28/Oct/2018:03:44:49 +0000] "GET /ip/84.16.92.232 HTTP/1.1" 200 3561 "-" "Mozilla/5.0 (compatible; coccocbot-web/1.0; +http://help.coccoc.com/searchengine)"
46.229.168.149 - - [28/Oct/2018:03:44:50 +0000] "GET /k/Borsa+G%C3%BCndem+Profilleri+Facebook HTTP/1.1" 200 2539 "-" "Mozilla/5.0 (compatible; SemrushBot/2~bl; +http://www.semrush.com/bot.html)"
31.220.110.247 - - [28/Oct/2018:03:44:50 +0000] "GET /cron/index_elasticsearch HTTP/1.0" 200 38199 "-" "Wget/1.12 (linux-gnu)"
123.30.175.221 - - [28/Oct/2018:03:44:51 +0000] "GET /com/1278130/old HTTP/1.1" 200 4870 "-" "Mozilla/5.0 (compatible; coccocbot-web/1.0; +http://help.coccoc.com/searchengine)"
40.77.167.92 - - [28/Oct/2018:03:44:52 +0000] "GET /k/POPULAR+LOCATIONS HTTP/1.1" 200 2514 "-" "Mozilla/5.0 (compatible; bingbot/2.0; +http://www.bing.com/bingbot.htm)"
203.113.152.6 - - [28/Oct/2018:03:44:55 +0000] "GET /k/Ch%E1%BB%A7+Tr%C6%B0%C6%A1ng+-+VABC HTTP/1.1" 200 2542 "-" "Mozilla/5.0 (Windows NT 6.1; WOW64; rv:37.0) Gecko/20100101 Firefox/37.0"
40.77.167.92 - - [28/Oct/2018:03:44:55 +0000] "GET /k/%C3%81o+thun+Can+De+Blanc+m%C3%A0u+%C4%91en+in+ch%E1%BB%AF HTTP/1.1" 200 2584 "-" "Mozilla/5.0 (compatible; bingbot/2.0; +http://www.bing.com/bingbot.htm)"
54.36.148.51 - - [28/Oct/2018:03:44:56 +0000] "GET /k/+GJ+%C4%90%E1%BB%93ng+h%E1%BB%93+g%E1%BB%97+led+%C4%91%E1%BB%83+b%C3%A0n HTTP/1.1" 200 2586 "-" "Mozilla/5.0 (compatible; AhrefsBot/5.2; +http://ahrefs.com/robot/)"
203.113.152.6 - - [28/Oct/2018:03:44:56 +0000] "GET /k/C%E1%BA%A9m+Nang+Vi%E1%BA%BFt+S%C6%A1+Y%E1%BA%BFu+L%C3%BD+L%E1%BB%8Bch+Ti%E1%BA%BFng+Anh HTTP/1.1" 200 2607 "-" "Mozilla/5.0 (Windows NT 6.1; WOW64; rv:37.0) Gecko/20100101 Firefox/37.0"
40.77.167.92 - - [28/Oct/2018:03:44:56 +0000] "GET /k/10+major+mistakes+made+by+beginners+when+setting+the+contextual+ads HTTP/1.1" 200 2573 "-" "Mozilla/5.0 (compatible; bingbot/2.0; +http://www.bing.com/bingbot.htm)"
40.77.167.92 - - [28/Oct/2018:03:44:56 +0000] "GET /k/Asien?q=%2Fk%2FAsien HTTP/1.1" 200 2496 "-" "Mozilla/5.0 (compatible; bingbot/2.0; +http://www.bing.com/bingbot.htm)"
40.77.167.92 - - [28/Oct/2018:03:44:58 +0000] "GET /k/%C3%9Cber+uns%C2%A0 HTTP/1.1" 200 2521 "-" "Mozilla/5.0 (compatible; bingbot/2.0; +http://www.bing.com/bingbot.htm)"
40.77.167.92 - - [28/Oct/2018:03:44:59 +0000] "GET /k/8+comentarios: HTTP/1.1" 200 2503 "-" "Mozilla/5.0 (compatible; bingbot/2.0; +http://www.bing.com/bingbot.htm)"
40.77.167.92 - - [28/Oct/2018:03:45:00 +0000] "GET /com/1286308/old HTTP/1.1" 200 4763 "-" "Mozilla/5.0 (compatible; bingbot/2.0; +http://www.bing.com/bingbot.htm)"
40.77.167.92 - - [28/Oct/2018:03:45:01 +0000] "GET /d/suadienlanhuytin.net HTTP/1.1" 301 363 "-" "Mozilla/5.0 (compatible; bingbot/2.0; +http://www.bing.com/bingbot.htm)"
123.30.175.215 - - [28/Oct/2018:03:45:02 +0000] "GET /product/5bc6bd9b10a4c87da41f7e22/3-man-chup-m8 HTTP/1.1" 200 4963 "-" "Mozilla/5.0 (compatible; coccocbot-web/1.0; +http://help.coccoc.com/searchengine)"
31.220.110.247 - - [28/Oct/2018:03:45:03 +0000] "GET /cron/import_affiliate HTTP/1.0" 200 648 "-" "Wget/1.12 (linux-gnu)"
123.30.175.215 - - [28/Oct/2018:03:45:03 +0000] "GET /ip/103.74.119.18 HTTP/1.1" 200 3539 "-" "Mozilla/5.0 (compatible; coccocbot-web/1.0; +http://help.coccoc.com/searchengine)"
40.77.167.92 - - [28/Oct/2018:03:45:05 +0000] "GET /k/Befektet%C3%A9si+arany+v%C3%A9tel+-+legjobb+arany+%C3%A1rfolyam HTTP/1.1" 200 2567 "-" "Mozilla/5.0 (compatible; bingbot/2.0; +http://www.bing.com/bingbot.htm)"
123.30.175.145 - - [28/Oct/2018:03:45:06 +0000] "GET /ip/104.27.144.110 HTTP/1.1" 200 3548 "-" "Mozilla/5.0 (compatible; coccocbot-web/1.0; +http://help.coccoc.com/searchengine)"
40.77.167.92 - - [28/Oct/2018:03:45:07 +0000] "GET /k/Be+Kind?page=2 HTTP/1.1" 200 2501 "-" "Mozilla/5.0 (compatible; bingbot/2.0; +http://www.bing.com/bingbot.htm)"
40.77.167.92 - - [28/Oct/2018:03:45:08 +0000] "GET /ha-noi/huyen-gia-lam/xa-co-bi HTTP/1.1" 200 2521 "-" "Mozilla/5.0 (compatible; bingbot/2.0; +http://www.bing.com/bingbot.htm)"
46.229.168.131 - - [28/Oct/2018:03:45:09 +0000] "GET /vi/can-tho/quan-cai-rang/phuong-cai-rang HTTP/1.1" 200 2527 "-" "Mozilla/5.0 (compatible; SemrushBot/2~bl; +http://www.semrush.com/bot.html)"
40.77.167.92 - - [28/Oct/2018:03:45:09 +0000] "GET /k/Berce+O+Lit+berceau+%C3%A9volutif+3+en+1+Definitive+Pioupiou+Merveilles HTTP/1.1" 200 2586 "-" "Mozilla/5.0 (compatible; bingbot/2.0; +http://www.bing.com/bingbot.htm)"
54.36.148.223 - - [28/Oct/2018:03:45:09 +0000] "GET /keyword/Rao%2Bb%C3%A1n%2Bt%C3%AAn%2Bmi%E1%BB%81n%2B-%2BTrang%2Bch%E1%BB%A7%2B%7C%2BFacebook HTTP/1.1" 200 2592 "-" "Mozilla/5.0 (compatible; AhrefsBot/5.2; +http://ahrefs.com/robot/)"
40.77.167.92 - - [28/Oct/2018:03:45:10 +0000] "GET /company/1237979-cong-ty-tnhh-sxtm-duc-phat HTTP/1.1" 302 339 "-" "Mozilla/5.0 (compatible; bingbot/2.0; +http://www.bing.com/bingbot.htm)"
40.77.167.92 - - [28/Oct/2018:03:45:12 +0000] "GET /k/Bestel-+en+orderstatus HTTP/1.1" 200 2511 "-" "Mozilla/5.0 (compatible; bingbot/2.0; +http://www.bing.com/bingbot.htm)"
40.77.167.92 - - [28/Oct/2018:03:45:13 +0000] "GET /k/Alfa+Romeo+Stelvio HTTP/1.1" 200 2511 "-" "Mozilla/5.0 (compatible; bingbot/2.0; +http://www.bing.com/bingbot.htm)"
46.229.168.152 - - [28/Oct/2018:03:45:14 +0000] "GET /MD/raionul-soroca/category/thoi-trang_c8589 HTTP/1.1" 200 2532 "-" "Mozilla/5.0 (compatible; SemrushBot/2~bl; +http://www.semrush.com/bot.html)"
40.77.167.92 - - [28/Oct/2018:03:45:14 +0000] "GET /k/British+Council+Croatia HTTP/1.1" 200 2516 "-" "Mozilla/5.0 (compatible; bingbot/2.0; +http://www.bing.com/bingbot.htm)"
31.220.110.247 - - [28/Oct/2018:03:45:15 +0000] "GET /cron/craw_note HTTP/1.0" 200 44 "-" "Wget/1.12 (linux-gnu)"
40.77.167.92 - - [28/Oct/2018:03:45:16 +0000] "GET /k/%E2%80%A2+Packliste HTTP/1.1" 200 2515 "-" "Mozilla/5.0 (compatible; bingbot/2.0; +http://www.bing.com/bingbot.htm)"
54.36.148.159 - - [28/Oct/2018:03:45:16 +0000] "GET /k/%C3%81o+s%C6%A1+mi+Pierre+Cardin HTTP/1.1" 200 2539 "-" "Mozilla/5.0 (compatible; AhrefsBot/5.2; +http://ahrefs.com/robot/)"
123.30.175.146 - - [28/Oct/2018:03:45:17 +0000] "GET /com/1250057/old HTTP/1.1" 200 4788 "-" "Mozilla/5.0 (compatible; coccocbot-web/1.0; +http://help.coccoc.com/searchengine)"
46.229.168.130 - - [28/Oct/2018:03:45:18 +0000] "GET /k/%E1%BB%A6+tr%E1%BA%AFng+da+m%E1%BA%B7t+Derma+365+Thu+L%E1%BB%87 HTTP/1.1" 200 2580 "-" "Mozilla/5.0 (compatible; SemrushBot/2~bl; +http://www.semrush.com/bot.html)"
40.77.167.92 - - [28/Oct/2018:03:45:18 +0000] "GET /k/Biola-01L HTTP/1.1" 200 2505 "-" "Mozilla/5.0 (compatible; bingbot/2.0; +http://www.bing.com/bingbot.htm)"
5.196.87.33 - - [28/Oct/2018:03:45:18 +0000] "GET /auvergne/category/sach-van-phong-pham_c8600?q=%2Fauvergne%2Fcategory%2Fsach-van-phong-pham_c8600 HTTP/1.1" 200 2534 "-" "Mozilla/5.0 (compatible; AhrefsBot/5.2; +http://ahrefs.com/robot/)"
40.77.167.92 - - [28/Oct/2018:03:45:18 +0000] "GET /TD/tandjile/chanel?q=%2FTD%2Ftandjile%2Fchanel HTTP/1.1" 200 2504 "-" "Mozilla/5.0 (compatible; bingbot/2.0; +http://www.bing.com/bingbot.htm)"
40.77.167.92 - - [28/Oct/2018:03:45:19 +0000] "GET /k/%0D%0A%09Th%E1%BB%B1c+Ph%E1%BA%A9m+%C4%90%C3%B4ng+L%E1%BA%A1nh+th%E1%BB%8Bt+g%C3%A0+%C4%91%C3%B4ng+l%E1%BA%A1nh+ch%C3%A2n+g%C3%A0+c%C3%A1nh+g%C3%A0+t%E1%BB%8Fi+g%C3%A0+g%C3%A0+dai+m%E1%BB%81+g%C3%A0+tim+g%C3%A0+th%E1%BB%8Bt+b%C3%B2+%C4%91%C3%B4ng+l%E1%BA%A1nh+tr%C3%A2u+b%C3%B2+%C4%91%C3%B4ng+l%E1%BA%A1nh+thuc-pham-dong-lanh-thit-ga-dong-lanh-chan-ga-canh-ga-toi-ga-ga-dai-me-ga-tim-ga-thit-bo-dong-lanh-trau-bo-dong-lanh%0D%0A HTTP/1.1" 200 2843 "-" "Mozilla/5.0 (compatible; bingbot/2.0; +http://www.bing.com/bingbot.htm)"
40.77.167.92 - - [28/Oct/2018:03:45:20 +0000] "GET /binh-thuan?page=2 HTTP/1.1" 200 2502 "-" "Mozilla/5.0 (compatible; bingbot/2.0; +http://www.bing.com/bingbot.htm)"
40.77.167.92 - - [28/Oct/2018:03:45:21 +0000] "GET /k/%0D%0A%09Vector+Logos+Logo+Templates+Free+Download+seeklogo%0D%0A HTTP/1.1" 200 2565 "-" "Mozilla/5.0 (compatible; bingbot/2.0; +http://www.bing.com/bingbot.htm)"
40.77.167.92 - - [28/Oct/2018:03:45:22 +0000] "GET /MW/phalombe?q=%2FMW%2Fphalombe HTTP/1.1" 200 2500 "-" "Mozilla/5.0 (compatible; bingbot/2.0; +http://www.bing.com/bingbot.htm)"
46.229.168.153 - - [28/Oct/2018:03:45:22 +0000] "GET /k/Icefilms+Official+Site+Watch+Movies+Online+Free+on+Icefilms+to HTTP/1.1" 200 2566 "-" "Mozilla/5.0 (compatible; SemrushBot/2~bl; +http://www.semrush.com/bot.html)"
40.77.167.92 - - [28/Oct/2018:03:45:24 +0000] "GET /com/1286248/old HTTP/1.1" 200 4852 "-" "Mozilla/5.0 (compatible; bingbot/2.0; +http://www.bing.com/bingbot.htm)"
54.36.148.232 - - [28/Oct/2018:03:45:25 +0000] "GET /com/1253934/old HTTP/1.1" 200 4807 "-" "Mozilla/5.0 (compatible; AhrefsBot/5.2; +http://ahrefs.com/robot/)"
40.77.167.92 - - [28/Oct/2018:03:45:26 +0000] "GET /d/usareisen.de HTTP/1.1" 301 331 "-" "Mozilla/5.0 (compatible; bingbot/2.0; +http://www.bing.com/bingbot.htm)"
40.77.167.92 - - [28/Oct/2018:03:45:26 +0000] "GET /d/seokratie.de HTTP/1.1" 301 331 "-" "Mozilla/5.0 (compatible; bingbot/2.0; +http://www.bing.com/bingbot.htm)"
40.77.167.92 - - [28/Oct/2018:03:45:27 +0000] "GET /k/Browse+news+by+mood HTTP/1.1" 200 2514 "-" "Mozilla/5.0 (compatible; bingbot/2.0; +http://www.bing.com/bingbot.htm)"
40.77.167.92 - - [28/Oct/2018:03:45:28 +0000] "GET /k/+33+%280%294+74+65+33+52 HTTP/1.1" 200 2527 "-" "Mozilla/5.0 (compatible; bingbot/2.0; +http://www.bing.com/bingbot.htm)"
40.77.167.92 - - [28/Oct/2018:03:45:28 +0000] "GET /company/1238002-cong-ty-tnhh-sxtm-ngoc-phat HTTP/1.1" 302 339 "-" "Mozilla/5.0 (compatible; bingbot/2.0; +http://www.bing.com/bingbot.htm)"
40.77.167.92 - - [28/Oct/2018:03:45:29 +0000] "GET /k/+Papier-Mettler+Serviceverpackungen+aus+Papier+und+... HTTP/1.1" 200 2552 "-" "Mozilla/5.0 (compatible; bingbot/2.0; +http://www.bing.com/bingbot.htm)"
40.77.167.92 - - [28/Oct/2018:03:45:29 +0000] "GET /k/%C3%81o+ba+l%E1%BB%97+RAVE+CH?q=%2Fk%2F%C3%81o%20ba%20l%E1%BB%97%20RAVE%20CH HTTP/1.1" 200 2538 "-" "Mozilla/5.0 (compatible; bingbot/2.0; +http://www.bing.com/bingbot.htm)"
46.229.168.141 - - [28/Oct/2018:03:45:32 +0000] "GET /vi/ca-mau/huyen-dam-doi/chua-ro/dien-lanh-thiet-bi-gia-dung HTTP/1.1" 200 2562 "-" "Mozilla/5.0 (compatible; SemrushBot/2~bl; +http://www.semrush.com/bot.html)"
40.77.167.92 - - [28/Oct/2018:03:45:32 +0000] "GET /k/250.000%C4%91?q=%2Fk%2F250.000%C4%91 HTTP/1.1" 200 2510 "-" "Mozilla/5.0 (compatible; bingbot/2.0; +http://www.bing.com/bingbot.htm)"
40.77.167.92 - - [28/Oct/2018:03:45:34 +0000] "GET /k/%C3%81o+ren+d%C3%A0y?page=7 HTTP/1.1" 200 2520 "-" "Mozilla/5.0 (compatible; bingbot/2.0; +http://www.bing.com/bingbot.htm)"
123.30.175.222 - - [28/Oct/2018:03:45:34 +0000] "GET /ip/81.95.96.153 HTTP/1.1" 200 3539 "-" "Mozilla/5.0 (compatible; coccocbot-web/1.0; +http://help.coccoc.com/searchengine)"
40.77.167.92 - - [28/Oct/2018:03:45:35 +0000] "GET /company/1247512-cong-ty-co-phan-kien-truc-noi-that-tnc HTTP/1.1" 302 339 "-" "Mozilla/5.0 (compatible; bingbot/2.0; +http://www.bing.com/bingbot.htm)"
123.30.175.222 - - [28/Oct/2018:03:45:36 +0000] "GET /ip/104.31.95.165 HTTP/1.1" 200 3549 "-" "Mozilla/5.0 (compatible; coccocbot-web/1.0; +http://help.coccoc.com/searchengine)"
123.30.175.220 - - [28/Oct/2018:03:45:39 +0000] "GET /com/5ba9455544ac6749464feaa6/old HTTP/1.1" 200 31 "-" "Mozilla/5.0 (compatible; coccocbot-web/1.0; +http://help.coccoc.com/searchengine)"
46.229.168.150 - - [28/Oct/2018:03:45:40 +0000] "GET /vi/quang-nam/huyen-dai-loc/xa-dai-tan/thoi-trang HTTP/1.1" 200 2542 "-" "Mozilla/5.0 (compatible; SemrushBot/2~bl; +http://www.semrush.com/bot.html)"
40.77.167.92 - - [28/Oct/2018:03:45:40 +0000] "GET /k/CLOUD+SERVER?q=%2Fk%2FCLOUD%20SERVER HTTP/1.1" 200 2507 "-" "Mozilla/5.0 (compatible; bingbot/2.0; +http://www.bing.com/bingbot.htm)"
148.64.56.78 - - [28/Oct/2018:03:45:42 +0000] "GET / HTTP/1.1" 200 4352 "-" "Mozilla/5.0 (compatible; GrapeshotCrawler/2.0; +http://www.grapeshot.co.uk/crawler.php)"
40.77.167.92 - - [28/Oct/2018:03:45:42 +0000] "GET /k/Anmeldelser+af+avXperten.dk+L%C3%A6s+kundernes+anmeldelser+af+... HTTP/1.1" 200 2563 "-" "Mozilla/5.0 (compatible; bingbot/2.0; +http://www.bing.com/bingbot.htm)"
40.77.167.92 - - [28/Oct/2018:03:45:43 +0000] "GET /k/Black+Rock+Shooter+BD HTTP/1.1" 200 2518 "-" "Mozilla/5.0 (compatible; bingbot/2.0; +http://www.bing.com/bingbot.htm)"
40.77.167.92 - - [28/Oct/2018:03:45:44 +0000] "GET /d/1book.vn HTTP/1.1" 301 315 "-" "Mozilla/5.0 (compatible; bingbot/2.0; +http://www.bing.com/bingbot.htm)"
66.249.79.227 - - [28/Oct/2018:03:45:44 +0000] "GET /com/1289975/old HTTP/1.1" 200 4783 "-" "Mozilla/5.0 (Linux; Android 6.0.1; Nexus 5X Build/MMB29P) AppleWebKit/537.36 (KHTML, like Gecko) Chrome/41.0.2272.96 Mobile Safari/537.36 (compatible; Googlebot/2.1; +http://www.google.com/bot.html)"
40.77.167.92 - - [28/Oct/2018:03:45:44 +0000] "GET /d/cooperfemsa.com.br HTTP/1.1" 301 355 "-" "Mozilla/5.0 (compatible; bingbot/2.0; +http://www.bing.com/bingbot.htm)"
46.229.168.148 - - [28/Oct/2018:03:45:45 +0000] "GET /company/1243819-cong-ty-tnhh-tu-van-tai-chinh-dai-nam HTTP/1.1" 302 339 "-" "Mozilla/5.0 (compatible; SemrushBot/2~bl; +http://www.semrush.com/bot.html)"
46.229.168.146 - - [28/Oct/2018:03:45:48 +0000] "GET /site/5bba801b10a4c80e786becb6/eoptikahu-at-eoptikahu-twitter HTTP/1.1" 200 3757 "-" "Mozilla/5.0 (compatible; SemrushBot/2~bl; +http://www.semrush.com/bot.html)"
46.229.168.146 - - [28/Oct/2018:03:45:50 +0000] "GET /site/5bba801b10a4c80e786becb6/eoptikahu-at-eoptikahu-twitter HTTP/1.1" 200 3758 "-" "Mozilla/5.0 (compatible; SemrushBot/2~bl; +http://www.semrush.com/bot.html)"
31.220.110.247 - - [28/Oct/2018:03:45:53 +0000] "GET /cron/index_elasticsearch HTTP/1.0" 200 33310 "-" "Wget/1.12 (linux-gnu)"
123.30.175.147 - - [28/Oct/2018:03:45:54 +0000] "GET /ip/103.57.223.16 HTTP/1.1" 200 3547 "-" "Mozilla/5.0 (compatible; coccocbot-web/1.0; +http://help.coccoc.com/searchengine)"
46.229.168.151 - - [28/Oct/2018:03:45:55 +0000] "GET /com/1243819/old HTTP/1.1" 200 4781 "-" "Mozilla/5.0 (compatible; SemrushBot/2~bl; +http://www.semrush.com/bot.html)"
31.220.110.247 - - [28/Oct/2018:03:45:55 +0000] "GET /cron/get_dns_record_domain HTTP/1.0" 200 186 "-" "Wget/1.12 (linux-gnu)"
46.229.168.143 - - [28/Oct/2018:03:46:00 +0000] "GET /vi/nghe-an/huyen-yen-thanh/xa-thinh-thanh/nha-hang-khach-san HTTP/1.1" 200 2556 "-" "Mozilla/5.0 (compatible; SemrushBot/2~bl; +http://www.semrush.com/bot.html)"
123.30.175.147 - - [28/Oct/2018:03:46:00 +0000] "GET /ip/104.18.46.29 HTTP/1.1" 200 3542 "-" "Mozilla/5.0 (compatible; coccocbot-web/1.0; +http://help.coccoc.com/searchengine)"
31.220.110.247 - - [28/Oct/2018:03:46:02 +0000] "GET /cron/import_affiliate HTTP/1.0" 200 774 "-" "Wget/1.12 (linux-gnu)"
46.229.168.146 - - [28/Oct/2018:03:46:02 +0000] "GET /vi/ha-tinh/huyen-vu-quang/xa-son-tho/suc-khoe-sac-dep HTTP/1.1" 200 2556 "-" "Mozilla/5.0 (compatible; SemrushBot/2~bl; +http://www.semrush.com/bot.html)"
47.34.145.89 - - [28/Oct/2018:03:46:07 +0000] "GET /search/get?v=Pain+olompics&t=&i= HTTP/2.0" 200 3802 "http://shockchan.com.d.cungcap.net/" "Mozilla/5.0 (Linux; Android 6.0.1; SM-G900V Build/MMB29M) AppleWebKit/537.36 (KHTML, like Gecko) Chrome/69.0.3497.100 Mobile Safari/537.36"
46.229.168.134 - - [28/Oct/2018:03:46:07 +0000] "GET /k/M%C3%A1i+X%E1%BA%BFp+Di+%C4%90%E1%BB%99ng+Th%E1%BA%BF+%C4%90an+L%E1%BA%AFp+%C4%91%E1%BA%B7t+l%C3%A0m+m%C3%A1i+x%E1%BA%BFp+di+%C4%91%E1%BB%99ng+m%C3%A1i+x%E1%BA%BFp+l%C6%B0%E1%BB%A3n+s%C3%B3ng HTTP/1.1" 200 2686 "-" "Mozilla/5.0 (compatible; SemrushBot/2~bl; +http://www.semrush.com/bot.html)"
40.77.167.92 - - [28/Oct/2018:03:46:08 +0000] "GET /d/southpole.com HTTP/1.1" 301 335 "-" "Mozilla/5.0 (compatible; bingbot/2.0; +http://www.bing.com/bingbot.htm)"
123.30.175.222 - - [28/Oct/2018:03:46:09 +0000] "GET /ip/83.98.131.90 HTTP/1.1" 200 3561 "-" "Mozilla/5.0 (compatible; coccocbot-web/1.0; +http://help.coccoc.com/searchengine)"
40.77.167.92 - - [28/Oct/2018:03:46:09 +0000] "GET /k/%D0%9A%D1%83%D0%BF%D0%B8%D1%82%D1%8C+%D0%B1%D0%B8%D0%BB%D0%B5%D1%82%D1%8B+%D0%BD%D0%B0+%D0%BF%D0%BE%D0%B5%D0%B7%D0%B4+%D0%B2+%D0%9A%D0%B0%D0%B7%D0%B0%D1%85%D1%81%D1%82%D0%B0%D0%BD%D0%B5.+%D0%97%D0%B0%D0%BA%D0%B0%D0%B7%D0%B0%D1%82%D1%8C+%D0%96%D0%94+%D0%B1%D0%B8%D0%BB%D0%B5%D1%82%D1%8B+%D0%BD%D0%B0+... HTTP/1.1" 200 2731 "-" "Mozilla/5.0 (compatible; bingbot/2.0; +http://www.bing.com/bingbot.htm)"
123.30.175.147 - - [28/Oct/2018:03:46:09 +0000] "GET /com/5ba9482144ac6748d9155e1f/old HTTP/1.1" 200 31 "-" "Mozilla/5.0 (compatible; coccocbot-web/1.0; +http://help.coccoc.com/searchengine)"
40.77.167.92 - - [28/Oct/2018:03:46:09 +0000] "GET /k/Anh+V%E1%BA%ABn+%E1%BB%9F+%C4%90%C3%A2y?page=3 HTTP/1.1" 200 2554 "-" "Mozilla/5.0 (compatible; bingbot/2.0; +http://www.bing.com/bingbot.htm)"
40.77.167.92 - - [28/Oct/2018:03:46:10 +0000] "GET /d/web360.vn HTTP/1.1" 301 319 "-" "Mozilla/5.0 (compatible; bingbot/2.0; +http://www.bing.com/bingbot.htm)"
46.229.168.135 - - [28/Oct/2018:03:46:11 +0000] "GET /vi/dong-nai/huyen-thong-nhat/xa-gia-tan/nong-nghiep HTTP/1.1" 200 2547 "-" "Mozilla/5.0 (compatible; SemrushBot/2~bl; +http://www.semrush.com/bot.html)"
203.113.152.8 - - [28/Oct/2018:03:46:14 +0000] "GET /k/T%C3%BAi+x%C3%A1ch+Gucci+si%C3%AAu+c%E1%BA%A5p HTTP/1.1" 200 2557 "-" "Mozilla/5.0 (Windows NT 6.1; WOW64; rv:37.0) Gecko/20100101 Firefox/37.0"
123.30.175.218 - - [28/Oct/2018:03:46:15 +0000] "GET /ip/174.136.29.6 HTTP/1.1" 200 3551 "-" "Mozilla/5.0 (compatible; coccocbot-web/1.0; +http://help.coccoc.com/searchengine)"
123.30.175.218 - - [28/Oct/2018:03:46:17 +0000] "GET /%C4%91i%E1%BB%87n+tho%E1%BA%A1i+sony+xperia+xz+premium+2018?page=711 HTTP/1.1" 200 5445 "-" "Mozilla/5.0 (compatible; coccocbot-web/1.0; +http://help.coccoc.com/searchengine)"
46.229.168.134 - - [28/Oct/2018:03:46:18 +0000] "GET /company/1274780-cong-ty-tnhh-trong-tin-outsourcing HTTP/1.1" 302 339 "-" "Mozilla/5.0 (compatible; SemrushBot/2~bl; +http://www.semrush.com/bot.html)"
31.220.110.247 - - [28/Oct/2018:03:46:19 +0000] "GET /cron/craw_note HTTP/1.0" 200 44 "-" "Wget/1.12 (linux-gnu)"
46.229.168.129 - - [28/Oct/2018:03:46:21 +0000] "GET /com/1274780/old HTTP/1.1" 200 4786 "-" "Mozilla/5.0 (compatible; SemrushBot/2~bl; +http://www.semrush.com/bot.html)"
203.113.152.2 - - [28/Oct/2018:03:46:24 +0000] "GET /k/%C4%90%E1%BB%99i+ng%C5%A9+gi%C3%A1o+vi%C3%AAn+ch%E1%BA%A5t+l%C6%B0%E1%BB%A3ng HTTP/1.1" 200 2603 "-" "Mozilla/5.0 (Windows NT 6.1; WOW64; rv:37.0) Gecko/20100101 Firefox/37.0"
46.229.168.142 - - [28/Oct/2018:03:46:26 +0000] "GET /k/Home+Brasil+Thomson+Reuters HTTP/1.1" 200 2521 "-" "Mozilla/5.0 (compatible; SemrushBot/2~bl; +http://www.semrush.com/bot.html)"
54.36.148.245 - - [28/Oct/2018:03:46:26 +0000] "GET /k/%0D%0A+T%E1%BB%95ng+%C4%91%E1%BA%A1i+l%C3%BD+kho+b%C3%A1n+%C4%91%C3%A8n+trang+tr%C3%AD+cao+c%E1%BA%A5p.B%E1%BB%ABng+s%C3%A1ng+kh%C3%B4ng+gian+%C4%91%E1%BA%B9p+n%E1%BB%99i+ngo%E1%BA%A1i+th%E1%BA%A5t.%09%09 HTTP/1.1" 200 2724 "-" "Mozilla/5.0 (compatible; AhrefsBot/5.2; +http://ahrefs.com/robot/)"
123.30.175.219 - - [28/Oct/2018:03:46:27 +0000] "GET /dien+thoai+sony+xperia+z3+mini?page=43 HTTP/1.1" 200 4367 "-" "Mozilla/5.0 (compatible; coccocbot-web/1.0; +http://help.coccoc.com/searchengine)"
54.36.148.99 - - [28/Oct/2018:03:46:27 +0000] "GET /k/Qu%E1%BA%A7n+shorts+jean+b%C3%A9+g%C3%A1i+YF+m%C3%A0u+xanh+d%C6%B0%C6%A1ng+ph%E1%BB%91i+th%C3%AAu+hoa HTTP/1.1" 200 2636 "-" "Mozilla/5.0 (compatible; AhrefsBot/5.2; +http://ahrefs.com/robot/)"
46.229.168.145 - - [28/Oct/2018:03:46:30 +0000] "GET /site/5bb07567024e17598a0bd732/marialauradepianocom-blogueando-con-laura-blog?page=4 HTTP/1.1" 200 5650 "-" "Mozilla/5.0 (compatible; SemrushBot/2~bl; +http://www.semrush.com/bot.html)"
46.229.168.145 - - [28/Oct/2018:03:46:32 +0000] "GET /site/5bb07567024e17598a0bd732/marialauradepianocom-blogueando-con-laura-blog?page=4 HTTP/1.1" 200 5649 "-" "Mozilla/5.0 (compatible; SemrushBot/2~bl; +http://www.semrush.com/bot.html)"
123.30.175.219 - - [28/Oct/2018:03:46:32 +0000] "GET /%C4%91i%E1%BB%87n+tho%E1%BA%A1i+nokia+515+m%E1%BA%A1+v%C3%A0ng?page=95 HTTP/1.1" 200 4545 "-" "Mozilla/5.0 (compatible; coccocbot-web/1.0; +http://help.coccoc.com/searchengine)"
123.30.175.219 - - [28/Oct/2018:03:46:34 +0000] "GET /%C4%91i%E1%BB%87n+tho%E1%BA%A1i+iphone+5c+lock+nh%E1%BA%ADt+c%C5%A9?page=1401 HTTP/1.1" 500 6120 "-" "Mozilla/5.0 (compatible; coccocbot-web/1.0; +http://help.coccoc.com/searchengine)"
46.229.168.142 - - [28/Oct/2018:03:46:35 +0000] "GET /NE/zinder/category/noi-that-ngoai-that_c8591 HTTP/1.1" 200 2533 "-" "Mozilla/5.0 (compatible; SemrushBot/2~bl; +http://www.semrush.com/bot.html)"
123.30.175.145 - - [28/Oct/2018:03:46:36 +0000] "GET /com/5ba947a944ac674e7a7ebfb6/old HTTP/1.1" 200 31 "-" "Mozilla/5.0 (compatible; coccocbot-web/1.0; +http://help.coccoc.com/searchengine)"
123.30.175.145 - - [28/Oct/2018:03:46:38 +0000] "GET /com/1240034/old HTTP/1.1" 200 4852 "-" "Mozilla/5.0 (compatible; coccocbot-web/1.0; +http://help.coccoc.com/searchengine)"
46.229.168.142 - - [28/Oct/2018:03:46:43 +0000] "GET /vi/lang-son/huyen-van-quan/xa-chu-tuc/giai-tri-phim-nhac-game HTTP/1.1" 200 2569 "-" "Mozilla/5.0 (compatible; SemrushBot/2~bl; +http://www.semrush.com/bot.html)"
151.80.39.158 - - [28/Oct/2018:03:46:46 +0000] "GET /keyword/SUCCESS HTTP/1.1" 200 2500 "-" "Mozilla/5.0 (compatible; AhrefsBot/5.2; +http://ahrefs.com/robot/)"
